Component: ARM Compiler 5.06 update 6 (build 750) Tool: armlink [4d35ed]

==============================================================================

Section Cross References

    main.o(i.LED1Task) refers to stm32h7xx_hal_gpio.o(i.HAL_GPIO_WritePin) for HAL_GPIO_WritePin
    main.o(i.LED1Task) refers to tasks.o(i.vTaskDelay) for vTaskDelay
    main.o(i.SensorData) refers to lsm9ds1_reg.o(i.lsm9ds1_dev_status_get) for lsm9ds1_dev_status_get
    main.o(i.SensorData) refers to lsm9ds1_reg.o(i.lsm9ds1_acceleration_raw_get) for lsm9ds1_acceleration_raw_get
    main.o(i.SensorData) refers to lsm9ds1_reg.o(i.lsm9ds1_from_fs4g_to_mg) for lsm9ds1_from_fs4g_to_mg
    main.o(i.SensorData) refers to kmfillter.o(i.filter) for filter
    main.o(i.SensorData) refers to scope.o(i.send) for send
    main.o(i.SensorData) refers to lsm9ds1_reg.o(i.lsm9ds1_magnetic_raw_get) for lsm9ds1_magnetic_raw_get
    main.o(i.SensorData) refers to lsm9ds1_reg.o(i.lsm9ds1_from_fs16gauss_to_mG) for lsm9ds1_from_fs16gauss_to_mG
    main.o(i.SensorData) refers to tasks.o(i.vTaskDelay) for vTaskDelay
    main.o(i.SensorData) refers to main.o(.data) for reg
    main.o(i.SensorData) refers to main.o(.bss) for dev_ctx_imu
    main.o(i.StartTask) refers to port.o(i.vPortEnterCritical) for vPortEnterCritical
    main.o(i.StartTask) refers to tasks.o(i.xTaskCreate) for xTaskCreate
    main.o(i.StartTask) refers to tasks.o(i.vTaskDelete) for vTaskDelete
    main.o(i.StartTask) refers to port.o(i.vPortExitCritical) for vPortExitCritical
    main.o(i.StartTask) refers to main.o(.data) for SENSOR_DATATaskHanhler
    main.o(i.StartTask) refers to main.o(i.SensorData) for SensorData
    main.o(i.StartTask) refers to main.o(i.LED1Task) for LED1Task
    main.o(i.main) refers to sys.o(i.Cache_Enable) for Cache_Enable
    main.o(i.main) refers to stm32h7xx_hal.o(i.HAL_Init) for HAL_Init
    main.o(i.main) refers to sys.o(i.Stm32_Clock_Init) for Stm32_Clock_Init
    main.o(i.main) refers to delay.o(i.delay_init) for delay_init
    main.o(i.main) refers to usart.o(i.uart_init) for uart_init
    main.o(i.main) refers to led.o(i.LED_Init) for LED_Init
    main.o(i.main) refers to noretval__2printf.o(.text) for __2printf
    main.o(i.main) refers to main.o(i.platform_init) for platform_init
    main.o(i.main) refers to lsm9ds1_reg.o(i.lsm9ds1_dev_id_get) for lsm9ds1_dev_id_get
    main.o(i.main) refers to lsm9ds1_reg.o(i.lsm9ds1_dev_reset_set) for lsm9ds1_dev_reset_set
    main.o(i.main) refers to lsm9ds1_reg.o(i.lsm9ds1_dev_reset_get) for lsm9ds1_dev_reset_get
    main.o(i.main) refers to lsm9ds1_reg.o(i.lsm9ds1_block_data_update_set) for lsm9ds1_block_data_update_set
    main.o(i.main) refers to lsm9ds1_reg.o(i.lsm9ds1_xl_full_scale_set) for lsm9ds1_xl_full_scale_set
    main.o(i.main) refers to lsm9ds1_reg.o(i.lsm9ds1_gy_full_scale_set) for lsm9ds1_gy_full_scale_set
    main.o(i.main) refers to lsm9ds1_reg.o(i.lsm9ds1_mag_full_scale_set) for lsm9ds1_mag_full_scale_set
    main.o(i.main) refers to lsm9ds1_reg.o(i.lsm9ds1_xl_filter_aalias_bandwidth_set) for lsm9ds1_xl_filter_aalias_bandwidth_set
    main.o(i.main) refers to lsm9ds1_reg.o(i.lsm9ds1_xl_filter_lp_bandwidth_set) for lsm9ds1_xl_filter_lp_bandwidth_set
    main.o(i.main) refers to lsm9ds1_reg.o(i.lsm9ds1_xl_filter_out_path_set) for lsm9ds1_xl_filter_out_path_set
    main.o(i.main) refers to lsm9ds1_reg.o(i.lsm9ds1_gy_filter_lp_bandwidth_set) for lsm9ds1_gy_filter_lp_bandwidth_set
    main.o(i.main) refers to lsm9ds1_reg.o(i.lsm9ds1_gy_filter_hp_bandwidth_set) for lsm9ds1_gy_filter_hp_bandwidth_set
    main.o(i.main) refers to lsm9ds1_reg.o(i.lsm9ds1_gy_filter_out_path_set) for lsm9ds1_gy_filter_out_path_set
    main.o(i.main) refers to lsm9ds1_reg.o(i.lsm9ds1_imu_data_rate_set) for lsm9ds1_imu_data_rate_set
    main.o(i.main) refers to lsm9ds1_reg.o(i.lsm9ds1_mag_data_rate_set) for lsm9ds1_mag_data_rate_set
    main.o(i.main) refers to tasks.o(i.xTaskCreate) for xTaskCreate
    main.o(i.main) refers to tasks.o(i.vTaskStartScheduler) for vTaskStartScheduler
    main.o(i.main) refers to main.o(i.platform_write) for platform_write
    main.o(i.main) refers to main.o(.bss) for dev_ctx_mag
    main.o(i.main) refers to main.o(i.platform_read) for platform_read
    main.o(i.main) refers to main.o(.data) for i2c_add_mag
    main.o(i.main) refers to main.o(i.StartTask) for StartTask
    main.o(i.platform_init) refers to i2c.o(i.MX_I2C1_Init) for MX_I2C1_Init
    main.o(i.platform_read) refers to stm32h7xx_hal_i2c.o(i.HAL_I2C_Mem_Read) for HAL_I2C_Mem_Read
    main.o(i.platform_read) refers to i2c.o(.bss) for hi2c1
    main.o(i.platform_write) refers to stm32h7xx_hal_i2c.o(i.HAL_I2C_Mem_Write) for HAL_I2C_Mem_Write
    main.o(i.platform_write) refers to i2c.o(.bss) for hi2c1
    system_stm32h7xx.o(i.SystemCoreClockUpdate) refers to system_stm32h7xx.o(.data) for SystemCoreClock
    system_stm32h7xx.o(i.SystemCoreClockUpdate) refers to system_stm32h7xx.o(.constdata) for D1CorePrescTable
[...]
    i.vTaskStartScheduler                    0x08005b0c   Section        0  tasks.o(i.vTaskStartScheduler)
    i.vTaskSuspendAll                        0x08005bbc   Section        0  tasks.o(i.vTaskSuspendAll)
    i.vTaskSwitchContext                     0x08005bcc   Section        0  tasks.o(i.vTaskSwitchContext)
    i.xPortStartScheduler                    0x08005c74   Section        0  port.o(i.xPortStartScheduler)
    i.xPortSysTickHandler                    0x08005d8c   Section        0  port.o(i.xPortSysTickHandler)
    i.xQueueGenericCreate                    0x08005dc4   Section        0  queue.o(i.xQueueGenericCreate)
    i.xQueueGenericReceive                   0x08005e38   Section        0  queue.o(i.xQueueGenericReceive)
    i.xQueueGenericReset                     0x08006000   Section        0  queue.o(i.xQueueGenericReset)
    i.xQueueGenericSend                      0x080060b0   Section        0  queue.o(i.xQueueGenericSend)
    i.xQueueGenericSendFromISR               0x08006274   Section        0  queue.o(i.xQueueGenericSendFromISR)
    i.xTaskCheckForTimeOut                   0x08006388   Section        0  tasks.o(i.xTaskCheckForTimeOut)
    i.xTaskCreate                            0x08006428   Section        0  tasks.o(i.xTaskCreate)
    i.xTaskGetSchedulerState                 0x08006488   Section        0  tasks.o(i.xTaskGetSchedulerState)
    i.xTaskGetTickCount                      0x080064a8   Section        0  tasks.o(i.xTaskGetTickCount)
    i.xTaskIncrementTick                     0x080064b4   Section        0  tasks.o(i.xTaskIncrementTick)
    i.xTaskPriorityDisinherit                0x08006614   Section        0  tasks.o(i.xTaskPriorityDisinherit)
    i.xTaskRemoveFromEventList               0x080066ec   Section        0  tasks.o(i.xTaskRemoveFromEventList)
    i.xTaskResumeAll                         0x080067a0   Section        0  tasks.o(i.xTaskResumeAll)
    i.xTimerCreateTimerTask                  0x080068c0   Section        0  timers.o(i.xTimerCreateTimerTask)
    i.xTimerGenericCommand                   0x08006934   Section        0  timers.o(i.xTimerGenericCommand)
    x$fpl$fpinit                             0x080069d8   Section       10  fpinit.o(x$fpl$fpinit)
    $v0                                      0x080069d8   Number         0  fpinit.o(x$fpl$fpinit)
    .constdata                               0x080069e2   Section       64  system_stm32h7xx.o(.constdata)
    UARTPrescTable                           0x080069e2   Data          24  system_stm32h7xx.o(.constdata)
    USARTPrescTable                          0x080069fa   Data          24  system_stm32h7xx.o(.constdata)
    .constdata                               0x08006a22   Section       48  stm32h7xx_hal_uart.o(.constdata)
    UARTPrescTable                           0x08006a22   Data          24  stm32h7xx_hal_uart.o(.constdata)
    USARTPrescTable                          0x08006a3a   Data          24  stm32h7xx_hal_uart.o(.constdata)
    .data                                    0x24000000   Section       44  main.o(.data)
    data_raw_acceleration                    0x24000000   Data           6  main.o(.data)
    data_raw_angular_rate                    0x24000006   Data           6  main.o(.data)
    data_raw_magnetic_field                  0x2400000c   Data           6  main.o(.data)
    whoamI                                   0x24000012   Data           2  main.o(.data)
    reg                                      0x24000014   Data           2  main.o(.data)
    rst                                      0x24000016   Data           1  main.o(.data)
    i                                        0x24000028   Data           4  main.o(.data)
    .data                                    0x2400002c   Section        8  system_stm32h7xx.o(.data)
    .data                                    0x24000034   Section        6  delay.o(.data)
    fac_us                                   0x24000034   Data           4  delay.o(.data)
    fac_ms                                   0x24000038   Data           2  delay.o(.data)
    .data                                    0x2400003c   Section        7  usart.o(.data)
    .data                                    0x24000044   Section        9  stm32h7xx_hal.o(.data)
    uwTick                                   0x24000044   Data           4  stm32h7xx_hal.o(.data)
    uwTickPrio                               0x24000048   Data           4  stm32h7xx_hal.o(.data)
    uwTickFreq                               0x2400004c   Data           1  stm32h7xx_hal.o(.data)
    .data                                    0x24000050   Section       60  tasks.o(.data)
    pxDelayedTaskList                        0x24000054   Data           4  tasks.o(.data)
    pxOverflowDelayedTaskList                0x24000058   Data           4  tasks.o(.data)
    uxDeletedTasksWaitingCleanUp             0x2400005c   Data           4  tasks.o(.data)
    uxCurrentNumberOfTasks                   0x24000060   Data           4  tasks.o(.data)
    xTickCount                               0x24000064   Data           4  tasks.o(.data)
    uxTopReadyPriority                       0x24000068   Data           4  tasks.o(.data)
    xSchedulerRunning                        0x2400006c   Data           4  tasks.o(.data)
    uxPendedTicks                            0x24000070   Data           4  tasks.o(.data)
    xYieldPending                            0x24000074   Data           4  tasks.o(.data)
    xNumOfOverflows                          0x24000078   Data           4  tasks.o(.data)
    uxTaskNumber                             0x2400007c   Data           4  tasks.o(.data)
    xNextTaskUnblockTime                     0x24000080   Data           4  tasks.o(.data)
    xIdleTaskHandle                          0x24000084   Data           4  tasks.o(.data)
    uxSchedulerSuspended                     0x24000088   Data           4  tasks.o(.data)
    .data                                    0x2400008c   Section       20  timers.o(.data)
    pxCurrentTimerList                       0x2400008c   Data           4  timers.o(.data)
    pxOverflowTimerList                      0x24000090   Data           4  timers.o(.data)
    xTimerQueue                              0x24000094   Data           4  timers.o(.data)
    xTimerTaskHandle                         0x24000098   Data           4  timers.o(.data)
    xLastTime                                0x2400009c   Data           4  timers.o(.data)
    .data                                    0x240000a0   Section       12  port.o(.data)
    uxCriticalNesting                        0x240000a0   Data           4  port.o(.data)
    ucMaxSysCallPriority                     0x240000a4   Data           1  port.o(.data)
    ulMaxPRIGROUPValue                       0x240000a8   Data           4  port.o(.data)
    .data                                    0x240000ac   Section       24  heap_4.o(.data)
    xStart                                   0x240000ac   Data           8  heap_4.o(.data)
    pxEnd                                    0x240000b4   Data           4  heap_4.o(.data)
    xFreeBytesRemaining                      0x240000b8   Data           4  heap_4.o(.data)
    xMinimumEverFreeBytesRemaining           0x240000bc   Data           4  heap_4.o(.data)
    xBlockAllocatedBit                       0x240000c0   Data           4  heap_4.o(.data)
    .data                                    0x240000c4   Section       40  kmfillter.o(.data)
    Q                                        0x240000c4   Data           4  kmfillter.o(.data)
    R                                        0x240000c8   Data           4  kmfillter.o(.data)
    initial                                  0x240000cc   Data           4  kmfillter.o(.data)
    A                                        0x240000d0   Data           4  kmfillter.o(.data)
    C                                        0x240000d4   Data           4  kmfillter.o(.data)
    X_pre                                    0x240000d8   Data           4  kmfillter.o(.data)
    P_pre                                    0x240000dc   Data           4  kmfillter.o(.data)
    Xkf_k1                                   0x240000e0   Data           4  kmfillter.o(.data)
    P_k1                                     0x240000e4   Data           4  kmfillter.o(.data)
    Kg                                       0x240000e8   Data           4  kmfillter.o(.data)
    .bss                                     0x240000ec   Section     1060  main.o(.bss)
    acceleration_mg                          0x240000ec   Data          12  main.o(.bss)
    angular_rate_mdps                        0x240000f8   Data          12  main.o(.bss)
    magnetic_field_mgauss                    0x24000104   Data          12  main.o(.bss)
    tx_buffer                                0x24000110   Data        1000  main.o(.bss)
    .bss                                     0x24000510   Section      328  usart.o(.bss)
    .bss                                     0x24000658   Section       64  queue.o(.bss)
    .bss                                     0x24000698   Section      740  tasks.o(.bss)
    pxReadyTasksLists                        0x24000698   Data         640  tasks.o(.bss)
    xDelayedTaskList1                        0x24000918   Data          20  tasks.o(.bss)
    xDelayedTaskList2                        0x2400092c   Data          20  tasks.o(.bss)
    xPendingReadyList                        0x24000940   Data          20  tasks.o(.bss)
    xTasksWaitingTermination                 0x24000954   Data          20  tasks.o(.bss)
    xSuspendedTaskList                       0x24000968   Data          20  tasks.o(.bss)
    .bss                                     0x2400097c   Section       40  timers.o(.bss)
    xActiveTimerList1                        0x2400097c   Data          20  timers.o(.bss)
    xActiveTimerList2                        0x24000990   Data          20  timers.o(.bss)
    .bss                                     0x240009a4   Section    20480  heap_4.o(.bss)
    ucHeap                                   0x240009a4   Data       20480  heap_4.o(.bss)
    .bss                                     0x240059a4   Section       76  i2c.o(.bss)
    .bss                                     0x240059f0   Section       96  libspace.o(.bss)
    HEAP                                     0x24005a50   Section      512  startup_stm32h750xx.o(HEAP)
    Heap_Mem                                 0x24005a50   Data         512  startup_stm32h750xx.o(HEAP)
    STACK                                    0x24005c50   Section     1024  startup_stm32h750xx.o(STACK)
    Stack_Mem                                0x24005c50   Data        1024  startup_stm32h750xx.o(STACK)
    __initial_sp                             0x24006050   Data           0  startup_stm32h750xx.o(STACK)

    Global Symbols

    Symbol Name                              Value     Ov Type        Size  Object(Section)

    BuildAttributes$$THM_ISAv4$E$P$D$K$B$S$7EM$VFPv5_D16$PE$PLD8$A:L22UL41UL21$X:L11$S22US41US21$IEEE1$IW$USESV6$~STKCKD$USESV7$~SHL$OSPACE$ROPI$EBA8$UX$STANDARDLIB$REQ8$PRES8$EABIv2 0x00000000   Number         0  anon$$obj.o ABSOLUTE
    __ARM_use_no_argv                        0x00000000   Number         0  main.o ABSOLUTE
    __ARM_exceptions_init                     - Undefined Weak Reference
    __alloca_initialize                       - Undefined Weak Reference
    __arm_preinit_                            - Undefined Weak Reference
    __cpp_initialize__aeabi_                  - Undefined Weak Reference
    __cxa_finalize                            - Undefined Weak Reference
    __rt_locale                               - Undefined Weak Reference
    __sigvec_lookup                           - Undefined Weak Reference
    _atexit_init                              - Undefined Weak Reference
    _call_atexit_fns                          - Undefined Weak Reference
    _clock_init                               - Undefined Weak Reference
    _fp_trap_init                             - Undefined Weak Reference
    _fp_trap_shutdown                         - Undefined Weak Reference
    _get_lc_collate                           - Undefined Weak Reference
    _get_lc_ctype                             - Undefined Weak Reference
    _get_lc_monetary                          - Undefined Weak Reference
    _get_lc_numeric                           - Undefined Weak Reference
    _get_lc_time                              - Undefined Weak Reference
    _getenv_init                              - Undefined Weak Reference
    _handle_redirection                       - Undefined Weak Reference
    _init_alloc                               - Undefined Weak Reference
    _init_user_alloc                          - Undefined Weak Reference
    _initio                                   - Undefined Weak Reference
    _mutex_acquire                            - Undefined Weak Reference
    _mutex_release                            - Undefined Weak Reference
    _printf_mbtowc                            - Undefined Weak Reference
    _printf_post_padding                      - Undefined Weak Reference
    _printf_pre_padding                       - Undefined Weak Reference
    _printf_truncate_signed                   - Undefined Weak Reference
    _printf_truncate_unsigned                 - Undefined Weak Reference
    _rand_init                                - Undefined Weak Reference
    _signal_finish                            - Undefined Weak Reference
    _signal_init                              - Undefined Weak Reference
    _terminate_alloc                          - Undefined Weak Reference
    _terminate_user_alloc                     - Undefined Weak Reference
    _terminateio                              - Undefined Weak Reference
    __Vectors_Size                           0x00000298   Number         0  startup_stm32h750xx.o ABSOLUTE
    __Vectors                                0x08000000   Data           4  startup_stm32h750xx.o(RESET)
    __Vectors_End                            0x08000298   Data           0  startup_stm32h750xx.o(RESET)
    __main                                   0x08000299   Thumb Code     8  __main.o(!!!main)
    __scatterload                            0x080002a1   Thumb Code     0  __scatter.o(!!!scatter)
    __scatterload_rt2                        0x080002a1   Thumb Code    44  __scatter.o(!!!scatter)
    __scatterload_rt2_thumb_only             0x080002a1   Thumb Code     0  __scatter.o(!!!scatter)
    __scatterload_null                       0x080002af   Thumb Code     0  __scatter.o(!!!scatter)
    __scatterload_copy                       0x080002d5   Thumb Code    26  __scatter_copy.o(!!handler_copy)
    __scatterload_zeroinit                   0x080002f1   Thumb Code    28  __scatter_zi.o(!!handler_zi)
    _printf_d                                0x0800030d   Thumb Code     0  _printf_d.o(.ARM.Collect$$_printf_percent$$00000009)
    _printf_percent                          0x0800030d   Thumb Code     0  _printf_percent.o(.ARM.Collect$$_printf_percent$$00000000)
    _printf_s                                0x08000313   Thumb Code     0  _printf_s.o(.ARM.Collect$$_printf_percent$$00000014)
    _printf_percent_end                      0x08000319   Thumb Code     0  _printf_percent_end.o(.ARM.Collect$$_printf_percent$$00000017)
    __rt_lib_init                            0x0800031d   Thumb Code     0  libinit.o(.ARM.Collect$$libinit$$00000000)
    __rt_lib_init_fp_1                       0x0800031f   Thumb Code     0  libinit2.o(.ARM.Collect$$libinit$$00000001)
    __rt_lib_init_alloca_1                   0x08000323   Thumb Code     0  libinit2.o(.ARM.Collect$$libinit$$0000002E)
    __rt_lib_init_argv_1                     0x08000323   Thumb Code     0  libinit2.o(.ARM.Collect$$libinit$$0000002C)
    __rt_lib_init_atexit_1                   0x08000323   Thumb Code     0  libinit2.o(.ARM.Collect$$libinit$$0000001B)
    __rt_lib_init_clock_1                    0x08000323   Thumb Code     0  libinit2.o(.ARM.Collect$$libinit$$00000021)
    __rt_lib_init_cpp_1                      0x08000323   Thumb Code     0  libinit2.o(.ARM.Collect$$libinit$$00000032)
    __rt_lib_init_exceptions_1               0x08000323   Thumb Code     0  libinit2.o(.ARM.Collect$$libinit$$00000030)
    __rt_lib_init_fp_trap_1                  0x08000323   Thumb Code     0  libinit2.o(.ARM.Collect$$libinit$$0000001F)
    __rt_lib_init_getenv_1                   0x08000323   Thumb Code     0  libinit2.o(.ARM.Collect$$libinit$$00000023)
    __rt_lib_init_heap_1                     0x08000323   Thumb Code     0  libinit2.o(.ARM.Collect$$libinit$$0000000A)
    __rt_lib_init_lc_collate_1               0x08000323   Thumb Code     0  libinit2.o(.ARM.Collect$$libinit$$00000011)
    __rt_lib_init_lc_ctype_1                 0x08000323   Thumb Code     0  libinit2.o(.ARM.Collect$$libinit$$00000013)
    __rt_lib_init_lc_monetary_1              0x08000323   Thumb Code     0  libinit2.o(.ARM.Collect$$libinit$$00000015)
    __rt_lib_init_lc_numeric_1               0x08000323   Thumb Code     0  libinit2.o(.ARM.Collect$$libinit$$00000017)
    __rt_lib_init_lc_time_1                  0x08000323   Thumb Code     0  libinit2.o(.ARM.Collect$$libinit$$00000019)
    __rt_lib_init_preinit_1                  0x08000323   Thumb Code     0  libinit2.o(.ARM.Collect$$libinit$$00000004)
    __rt_lib_init_rand_1                     0x08000323   Thumb Code     0  libinit2.o(.ARM.Collect$$libinit$$0000000E)
    __rt_lib_init_return                     0x08000323   Thumb Code     0  libinit2.o(.ARM.Collect$$libinit$$00000033)
    __rt_lib_init_signal_1                   0x08000323   Thumb Code     0  libinit2.o(.ARM.Collect$$libinit$$0000001D)
    __rt_lib_init_stdio_1                    0x08000323   Thumb Code     0  libinit2.o(.ARM.Collect$$libinit$$00000025)
    __rt_lib_init_user_alloc_1               0x08000323   Thumb Code     0  libinit2.o(.ARM.Collect$$libinit$$0000000C)
    __rt_lib_shutdown                        0x08000325   Thumb Code     0  libshutdown.o(.ARM.Collect$$libshutdown$$00000000)
    __rt_lib_shutdown_cpp_1                  0x08000327   Thumb Code     0  libshutdown2.o(.ARM.Collect$$libshutdown$$00000002)
    __rt_lib_shutdown_fp_trap_1              0x08000327   Thumb Code     0  libshutdown2.o(.ARM.Collect$$libshutdown$$00000007)
    __rt_lib_shutdown_heap_1                 0x08000327   Thumb Code     0  libshutdown2.o(.ARM.Collect$$libshutdown$$0000000F)
    __rt_lib_shutdown_return                 0x08000327   Thumb Code     0  libshutdown2.o(.ARM.Collect$$libshutdown$$00000010)
    __rt_lib_shutdown_signal_1               0x08000327   Thumb Code     0  libshutdown2.o(.ARM.Collect$$libshutdown$$0000000A)
    __rt_lib_shutdown_stdio_1                0x08000327   Thumb Code     0  libshutdown2.o(.ARM.Collect$$libshutdown$$00000004)
    __rt_lib_shutdown_user_alloc_1           0x08000327   Thumb Code     0  libshutdown2.o(.ARM.Collect$$libshutdown$$0000000C)
    __rt_entry                               0x08000329   Thumb Code     0  __rtentry.o(.ARM.Collect$$rtentry$$00000000)
    __rt_entry_presh_1                       0x08000329   Thumb Code     0  __rtentry2.o(.ARM.Collect$$rtentry$$00000002)
    __rt_entry_sh                            0x08000329   Thumb Code     0  __rtentry4.o(.ARM.Collect$$rtentry$$00000004)
    __rt_entry_li                            0x0800032f   Thumb Code     0  __rtentry2.o(.ARM.Collect$$rtentry$$0000000A)
    __rt_entry_postsh_1                      0x0800032f   Thumb Code     0  __rtentry2.o(.ARM.Collect$$rtentry$$00000009)
    __rt_entry_main                          0x08000333   Thumb Code     0  __rtentry2.o(.ARM.Collect$$rtentry$$0000000D)
    __rt_entry_postli_1                      0x08000333   Thumb Code     0  __rtentry2.o(.ARM.Collect$$rtentry$$0000000C)
    __rt_exit                                0x0800033b   Thumb Code     0  rtexit.o(.ARM.Collect$$rtexit$$00000000)
    __rt_exit_ls                             0x0800033d   Thumb Code     0  rtexit2.o(.ARM.Collect$$rtexit$$00000003)
    __rt_exit_prels_1                        0x0800033d   Thumb Code     0  rtexit2.o(.ARM.Collect$$rtexit$$00000002)
    __rt_exit_exit                           0x08000341   Thumb Code     0  rtexit2.o(.ARM.Collect$$rtexit$$00000004)
    SVC_Handler                              0x08000349   Thumb Code    28  port.o(.emb_text)
    __asm___6_port_c_39a90d8d__prvStartFirstTask 0x08000369   Thumb Code    28  port.o(.emb_text)
    __asm___6_port_c_39a90d8d__prvEnableVFP  0x08000389   Thumb Code    16  port.o(.emb_text)
    PendSV_Handler                           0x0800039d   Thumb Code    92  port.o(.emb_text)
    vPortGetIPSR                             0x080003fd   Thumb Code     6  port.o(.emb_text)
    Reset_Handler                            0x08000405   Thumb Code     8  startup_stm32h750xx.o(.text)
    ADC3_IRQHandler                          0x0800041f   Thumb Code     0  startup_stm32h750xx.o(.text)
    ADC_IRQHandler                           0x0800041f   Thumb Code     0  startup_stm32h750xx.o(.text)
    BDMA_Channel0_IRQHandler                 0x0800041f   Thumb Code     0  startup_stm32h750xx.o(.text)
    BDMA_Channel1_IRQHandler                 0x0800041f   Thumb Code     0  startup_stm32h750xx.o(.text)
    BDMA_Channel2_IRQHandler                 0x0800041f   Thumb Code     0  startup_stm32h750xx.o(.text)
    BDMA_Channel3_IRQHandler                 0x0800041f   Thumb Code     0  startup_stm32h750xx.o(.text)
    BDMA_Channel4_IRQHandler                 0x0800041f   Thumb Code     0  startup_stm32h750xx.o(.text)
    BDMA_Channel5_IRQHandler                 0x0800041f   Thumb Code     0  startup_stm32h750xx.o(.text)
    BDMA_Channel6_IRQHandler                 0x0800041f   Thumb Code     0  startup_stm32h750xx.o(.text)
    BDMA_Channel7_IRQHandler                 0x0800041f   Thumb Code     0  startup_stm32h750xx.o(.text)
    CEC_IRQHandler                           0x0800041f   Thumb Code     0  startup_stm32h750xx.o(.text)
    COMP1_IRQHandler                         0x0800041f   Thumb Code     0  startup_stm32h750xx.o(.text)
    CRS_IRQHandler                           0x0800041f   Thumb Code     0  startup_stm32h750xx.o(.text)
    CRYP_IRQHandler                          0x0800041f   Thumb Code     0  startup_stm32h750xx.o(.text)
    DCMI_IRQHandler                          0x0800041f   Thumb Code     0  startup_stm32h750xx.o(.text)
    DFSDM1_FLT0_IRQHandler                   0x0800041f   Thumb Code     0  startup_stm32h750xx.o(.text)
    DFSDM1_FLT1_IRQHandler                   0x0800041f   Thumb Code     0  startup_stm32h750xx.o(.text)
    DFSDM1_FLT2_IRQHandler                   0x0800041f   Thumb Code     0  startup_stm32h750xx.o(.text)
    DFSDM1_FLT3_IRQHandler                   0x0800041f   Thumb Code     0  startup_stm32h750xx.o(.text)
    DMA1_Stream0_IRQHandler                  0x0800041f   Thumb Code     0  startup_stm32h750xx.o(.text)
    DMA1_Stream1_IRQHandler                  0x0800041f   Thumb Code     0  startup_stm32h750xx.o(.text)
    DMA1_Stream2_IRQHandler                  0x0800041f   Thumb Code     0  startup_stm32h750xx.o(.text)
    DMA1_Stream3_IRQHandler                  0x0800041f   Thumb Code     0  startup_stm32h750xx.o(.text)
    DMA1_Stream4_IRQHandler                  0x0800041f   Thumb Code     0  startup_stm32h750xx.o(.text)
    DMA1_Stream5_IRQHandler                  0x0800041f   Thumb Code     0  startup_stm32h750xx.o(.text)
    DMA1_Stream6_IRQHandler                  0x0800041f   Thumb Code     0  startup_stm32h750xx.o(.text)
    DMA1_Stream7_IRQHandler                  0x0800041f   Thumb Code     0  startup_stm32h750xx.o(.text)
    DMA2D_IRQHandler                         0x0800041f   Thumb Code     0  startup_stm32h750xx.o(.text)
    DMA2_Stream0_IRQHandler                  0x0800041f   Thumb Code     0  startup_stm32h750xx.o(.text)
    DMA2_Stream1_IRQHandler                  0x0800041f   Thumb Code     0  startup_stm32h750xx.o(.text)
    DMA2_Stream2_IRQHandler                  0x0800041f   Thumb Code     0  startup_stm32h750xx.o(.text)
    DMA2_Stream3_IRQHandler                  0x0800041f   Thumb Code     0  startup_stm32h750xx.o(.text)
    DMA2_Stream4_IRQHandler                  0x0800041f   Thumb Code     0  startup_stm32h750xx.o(.text)
    DMA2_Stream5_IRQHandler                  0x0800041f   Thumb Code     0  startup_stm32h750xx.o(.text)
    DMA2_Stream6_IRQHandler                  0x0800041f   Thumb Code     0  startup_stm32h750xx.o(.text)
    DMA2_Stream7_IRQHandler                  0x0800041f   Thumb Code     0  startup_stm32h750xx.o(.text)
    DMAMUX1_OVR_IRQHandler                   0x0800041f   Thumb Code     0  startup_stm32h750xx.o(.text)
    DMAMUX2_OVR_IRQHandler                   0x0800041f   Thumb Code     0  startup_stm32h750xx.o(.text)
    ECC_IRQHandler                           0x0800041f   Thumb Code     0  startup_stm32h750xx.o(.text)
    ETH_IRQHandler                           0x0800041f   Thumb Code     0  startup_stm32h750xx.o(.text)
    ETH_WKUP_IRQHandler                      0x0800041f   Thumb Code     0  startup_stm32h750xx.o(.text)
    EXTI0_IRQHandler                         0x0800041f   Thumb Code     0  startup_stm32h750xx.o(.text)
    EXTI15_10_IRQHandler                     0x0800041f   Thumb Code     0  startup_stm32h750xx.o(.text)
    EXTI1_IRQHandler                         0x0800041f   Thumb Code     0  startup_stm32h750xx.o(.text)
    EXTI2_IRQHandler                         0x0800041f   Thumb Code     0  startup_stm32h750xx.o(.text)
    EXTI3_IRQHandler                         0x0800041f   Thumb Code     0  startup_stm32h750xx.o(.text)
    EXTI4_IRQHandler                         0x0800041f   Thumb Code     0  startup_stm32h750xx.o(.text)
    EXTI9_5_IRQHandler                       0x0800041f   Thumb Code     0  startup_stm32h750xx.o(.text)
    FDCAN1_IT0_IRQHandler                    0x0800041f   Thumb Code     0  startup_stm32h750xx.o(.text)
    FDCAN1_IT1_IRQHandler                    0x0800041f   Thumb Code     0  startup_stm32h750xx.o(.text)
    FDCAN2_IT0_IRQHandler                    0x0800041f   Thumb Code     0  startup_stm32h750xx.o(.text)
    FDCAN2_IT1_IRQHandler                    0x0800041f   Thumb Code     0  startup_stm32h750xx.o(.text)
    FDCAN_CAL_IRQHandler                     0x0800041f   Thumb Code     0  startup_stm32h750xx.o(.text)
    FLASH_IRQHandler                         0x0800041f   Thumb Code     0  startup_stm32h750xx.o(.text)
    FMC_IRQHandler                           0x0800041f   Thumb Code     0  startup_stm32h750xx.o(.text)
    FPU_IRQHandler                           0x0800041f   Thumb Code     0  startup_stm32h750xx.o(.text)
    HASH_RNG_IRQHandler                      0x0800041f   Thumb Code     0  startup_stm32h750xx.o(.text)
    HRTIM1_FLT_IRQHandler                    0x0800041f   Thumb Code     0  startup_stm32h750xx.o(.text)
    HRTIM1_Master_IRQHandler                 0x0800041f   Thumb Code     0  startup_stm32h750xx.o(.text)
    HRTIM1_TIMA_IRQHandler                   0x0800041f   Thumb Code     0  startup_stm32h750xx.o(.text)
    HRTIM1_TIMB_IRQHandler                   0x0800041f   Thumb Code     0  startup_stm32h750xx.o(.text)
    HRTIM1_TIMC_IRQHandler                   0x0800041f   Thumb Code     0  startup_stm32h750xx.o(.text)
    HRTIM1_TIMD_IRQHandler                   0x0800041f   Thumb Code     0  startup_stm32h750xx.o(.text)
    HRTIM1_TIME_IRQHandler                   0x0800041f   Thumb Code     0  startup_stm32h750xx.o(.text)
    HSEM1_IRQHandler                         0x0800041f   Thumb Code     0  startup_stm32h750xx.o(.text)
    I2C1_ER_IRQHandler                       0x0800041f   Thumb Code     0  startup_stm32h750xx.o(.text)
    I2C1_EV_IRQHandler                       0x0800041f   Thumb Code     0  startup_stm32h750xx.o(.text)
    I2C2_ER_IRQHandler                       0x0800041f   Thumb Code     0  startup_stm32h750xx.o(.text)
    I2C2_EV_IRQHandler                       0x0800041f   Thumb Code     0  startup_stm32h750xx.o(.text)
    I2C3_ER_IRQHandler                       0x0800041f   Thumb Code     0  startup_stm32h750xx.o(.text)
    I2C3_EV_IRQHandler                       0x0800041f   Thumb Code     0  startup_stm32h750xx.o(.text)
    I2C4_ER_IRQHandler                       0x0800041f   Thumb Code     0  startup_stm32h750xx.o(.text)
    I2C4_EV_IRQHandler                       0x0800041f   Thumb Code     0  startup_stm32h750xx.o(.text)
    JPEG_IRQHandler                          0x0800041f   Thumb Code     0  startup_stm32h750xx.o(.text)
    LPTIM1_IRQHandler                        0x0800041f   Thumb Code     0  startup_stm32h750xx.o(.text)
    LPTIM2_IRQHandler                        0x0800041f   Thumb Code     0  startup_stm32h750xx.o(.text)
    LPTIM3_IRQHandler                        0x0800041f   Thumb Code     0  startup_stm32h750xx.o(.text)
    LPTIM4_IRQHandler                        0x0800041f   Thumb Code     0  startup_stm32h750xx.o(.text)
    LPTIM5_IRQHandler                        0x0800041f   Thumb Code     0  startup_stm32h750xx.o(.text)
    LPUART1_IRQHandler                       0x0800041f   Thumb Code     0  startup_stm32h750xx.o(.text)
    LTDC_ER_IRQHandler                       0x0800041f   Thumb Code     0  startup_stm32h750xx.o(.text)
    LTDC_IRQHandler                          0x0800041f   Thumb Code     0  startup_stm32h750xx.o(.text)
    MDIOS_IRQHandler                         0x0800041f   Thumb Code     0  startup_stm32h750xx.o(.text)
    MDIOS_WKUP_IRQHandler                    0x0800041f   Thumb Code     0  startup_stm32h750xx.o(.text)
    MDMA_IRQHandler                          0x0800041f   Thumb Code     0  startup_stm32h750xx.o(.text)
    OTG_FS_EP1_IN_IRQHandler                 0x0800041f   Thumb Code     0  startup_stm32h750xx.o(.text)
    OTG_FS_EP1_OUT_IRQHandler                0x0800041f   Thumb Code     0  startup_stm32h750xx.o(.text)
    OTG_FS_IRQHandler                        0x0800041f   Thumb Code     0  startup_stm32h750xx.o(.text)
    OTG_FS_WKUP_IRQHandler                   0x0800041f   Thumb Code     0  startup_stm32h750xx.o(.text)
    OTG_HS_EP1_IN_IRQHandler                 0x0800041f   Thumb Code     0  startup_stm32h750xx.o(.text)
    OTG_HS_EP1_OUT_IRQHandler                0x0800041f   Thumb Code     0  startup_stm32h750xx.o(.text)
    OTG_HS_IRQHandler                        0x0800041f   Thumb Code     0  startup_stm32h750xx.o(.text)
    OTG_HS_WKUP_IRQHandler                   0x0800041f   Thumb Code     0  startup_stm32h750xx.o(.text)
    PVD_AVD_IRQHandler                       0x0800041f   Thumb Code     0  startup_stm32h750xx.o(.text)
    QUADSPI_IRQHandler                       0x0800041f   Thumb Code     0  startup_stm32h750xx.o(.text)
    RCC_IRQHandler                           0x0800041f   Thumb Code     0  startup_stm32h750xx.o(.text)
    RTC_Alarm_IRQHandler                     0x0800041f   Thumb Code     0  startup_stm32h750xx.o(.text)
    RTC_WKUP_IRQHandler                      0x0800041f   Thumb Code     0  startup_stm32h750xx.o(.text)
    SAI1_IRQHandler                          0x0800041f   Thumb Code     0  startup_stm32h750xx.o(.text)
    SAI2_IRQHandler                          0x0800041f   Thumb Code     0  startup_stm32h750xx.o(.text)
    SAI3_IRQHandler                          0x0800041f   Thumb Code     0  startup_stm32h750xx.o(.text)
    SAI4_IRQHandler                          0x0800041f   Thumb Code     0  startup_stm32h750xx.o(.text)
    SDMMC1_IRQHandler                        0x0800041f   Thumb Code     0  startup_stm32h750xx.o(.text)
    SDMMC2_IRQHandler                        0x0800041f   Thumb Code     0  startup_stm32h750xx.o(.text)
    SPDIF_RX_IRQHandler                      0x0800041f   Thumb Code     0  startup_stm32h750xx.o(.text)
    SPI1_IRQHandler                          0x0800041f   Thumb Code     0  startup_stm32h750xx.o(.text)
    SPI2_IRQHandler                          0x0800041f   Thumb Code     0  startup_stm32h750xx.o(.text)
    SPI3_IRQHandler                          0x0800041f   Thumb Code     0  startup_stm32h750xx.o(.text)
    SPI4_IRQHandler                          0x0800041f   Thumb Code     0  startup_stm32h750xx.o(.text)
    SPI5_IRQHandler                          0x0800041f   Thumb Code     0  startup_stm32h750xx.o(.text)
    SPI6_IRQHandler                          0x0800041f   Thumb Code     0  startup_stm32h750xx.o(.text)
    SWPMI1_IRQHandler                        0x0800041f   Thumb Code     0  startup_stm32h750xx.o(.text)
    TAMP_STAMP_IRQHandler                    0x0800041f   Thumb Code     0  startup_stm32h750xx.o(.text)
    TIM15_IRQHandler                         0x0800041f   Thumb Code     0  startup_stm32h750xx.o(.text)
    TIM16_IRQHandler                         0x0800041f   Thumb Code     0  startup_stm32h750xx.o(.text)
    TIM17_IRQHandler                         0x0800041f   Thumb Code     0  startup_stm32h750xx.o(.text)
    TIM1_BRK_IRQHandler                      0x0800041f   Thumb Code     0  startup_stm32h750xx.o(.text)
    TIM1_CC_IRQHandler                       0x0800041f   Thumb Code     0  startup_stm32h750xx.o(.text)
    TIM1_TRG_COM_IRQHandler                  0x0800041f   Thumb Code     0  startup_stm32h750xx.o(.text)
    TIM1_UP_IRQHandler                       0x0800041f   Thumb Code     0  startup_stm32h750xx.o(.text)
    TIM2_IRQHandler                          0x0800041f   Thumb Code     0  startup_stm32h750xx.o(.text)
    TIM3_IRQHandler                          0x0800041f   Thumb Code     0  startup_stm32h750xx.o(.text)
    TIM4_IRQHandler                          0x0800041f   Thumb Code     0  startup_stm32h750xx.o(.text)
    TIM5_IRQHandler                          0x0800041f   Thumb Code     0  startup_stm32h750xx.o(.text)
    TIM6_DAC_IRQHandler                      0x0800041f   Thumb Code     0  startup_stm32h750xx.o(.text)
    TIM7_IRQHandler                          0x0800041f   Thumb Code     0  startup_stm32h750xx.o(.text)
    TIM8_BRK_TIM12_IRQHandler                0x0800041f   Thumb Code     0  startup_stm32h750xx.o(.text)
    TIM8_CC_IRQHandler                       0x0800041f   Thumb Code     0  startup_stm32h750xx.o(.text)
    TIM8_TRG_COM_TIM14_IRQHandler            0x0800041f   Thumb Code     0  startup_stm32h750xx.o(.text)
    TIM8_UP_TIM13_IRQHandler                 0x0800041f   Thumb Code     0  startup_stm32h750xx.o(.text)
    UART4_IRQHandler                         0x0800041f   Thumb Code     0  startup_stm32h750xx.o(.text)
    UART5_IRQHandler                         0x0800041f   Thumb Code     0  startup_stm32h750xx.o(.text)
    UART7_IRQHandler                         0x0800041f   Thumb Code     0  startup_stm32h750xx.o(.text)
    UART8_IRQHandler                         0x0800041f   Thumb Code     0  startup_stm32h750xx.o(.text)
    USART2_IRQHandler                        0x0800041f   Thumb Code     0  startup_stm32h750xx.o(.text)
    USART3_IRQHandler                        0x0800041f   Thumb Code     0  startup_stm32h750xx.o(.text)
    USART6_IRQHandler                        0x0800041f   Thumb Code     0  startup_stm32h750xx.o(.text)
    WAKEUP_PIN_IRQHandler                    0x0800041f   Thumb Code     0  startup_stm32h750xx.o(.text)
    WWDG_IRQHandler                          0x0800041f   Thumb Code     0  startup_stm32h750xx.o(.text)
    __user_initial_stackheap                 0x08000421   Thumb Code     0  startup_stm32h750xx.o(.text)
    __aeabi_uldivmod                         0x08000445   Thumb Code     0  lludivv7m.o(.text)
    _ll_udiv                                 0x08000445   Thumb Code   238  lludivv7m.o(.text)
    __2printf                                0x08000535   Thumb Code    20  noretval__2printf.o(.text)
    __printf                                 0x0800054d   Thumb Code   104  __printf.o(.text)
    _printf_str                              0x080005b5   Thumb Code    82  _printf_str.o(.text)
    _printf_int_dec                          0x08000609   Thumb Code   104  _printf_dec.o(.text)
    __aeabi_memcpy                           0x08000681   Thumb Code     0  rt_memcpy_v6.o(.text)
    __rt_memcpy                              0x08000681   Thumb Code   138  rt_memcpy_v6.o(.text)
    _memcpy_lastbytes                        0x080006e7   Thumb Code     0  rt_memcpy_v6.o(.text)
    __aeabi_memset                           0x0800070b   Thumb Code    16  aeabi_memset.o(.text)
    __aeabi_memclr4                          0x0800071b   Thumb Code     0  rt_memclr_w.o(.text)
    __aeabi_memclr8                          0x0800071b   Thumb Code     0  rt_memclr_w.o(.text)
    __rt_memclr_w                            0x0800071b   Thumb Code    78  rt_memclr_w.o(.text)
    _memset_w                                0x0800071f   Thumb Code     0  rt_memclr_w.o(.text)
    __use_two_region_memory                  0x08000769   Thumb Code     2  heapauxi.o(.text)
    __rt_heap_escrow$2region                 0x0800076b   Thumb Code     2  heapauxi.o(.text)
    __rt_heap_expand$2region                 0x0800076d   Thumb Code     2  heapauxi.o(.text)
    _printf_int_common                       0x0800076f   Thumb Code   178  _printf_intcommon.o(.text)
    _printf_char_common                      0x0800082b   Thumb Code    32  _printf_char_common.o(.text)
    _printf_cs_common                        0x08000851   Thumb Code    20  _printf_char.o(.text)
    _printf_char                             0x08000865   Thumb Code    16  _printf_char.o(.text)
    _printf_string                           0x08000875   Thumb Code     8  _printf_char.o(.text)
    _printf_char_file                        0x0800087d   Thumb Code    32  _printf_char_file.o(.text)
    __aeabi_memcpy4                          0x080008a1   Thumb Code     0  rt_memcpy_w.o(.text)
    __aeabi_memcpy8                          0x080008a1   Thumb Code     0  rt_memcpy_w.o(.text)
    __rt_memcpy_w                            0x080008a1   Thumb Code   100  rt_memcpy_w.o(.text)
    _memcpy_lastbytes_aligned                0x080008e9   Thumb Code     0  rt_memcpy_w.o(.text)
    __aeabi_memclr                           0x08000905   Thumb Code     0  rt_memclr.o(.text)
    __rt_memclr                              0x08000905   Thumb Code    68  rt_memclr.o(.text)
    _memset                                  0x08000909   Thumb Code     0  rt_memclr.o(.text)
    ferror                                   0x08000949   Thumb Code     8  ferror.o(.text)
    __user_setup_stackheap                   0x08000951   Thumb Code    74  sys_stackheap_outer.o(.text)
    exit                                     0x0800099b   Thumb Code    18  exit.o(.text)
    __user_libspace                          0x080009ad   Thumb Code     8  libspace.o(.text)
    __user_perproc_libspace                  0x080009ad   Thumb Code     0  libspace.o(.text)
    __user_perthread_libspace                0x080009ad   Thumb Code     0  libspace.o(.text)
    BusFault_Handler                         0x080009b5   Thumb Code     4  stm32h7xx_it.o(i.BusFault_Handler)
    CRC_CHECK                                0x080009b9   Thumb Code    58  scope.o(i.CRC_CHECK)
    Cache_Enable                             0x080009f5   Thumb Code    24  sys.o(i.Cache_Enable)
    DebugMon_Handler                         0x08000a11   Thumb Code     2  stm32h7xx_it.o(i.DebugMon_Handler)
    HAL_DMA_Abort_IT                         0x08000a15   Thumb Code   236  stm32h7xx_hal_dma.o(i.HAL_DMA_Abort_IT)
    HAL_EnableCompensationCell               0x08000b0d   Thumb Code    14  stm32h7xx_hal.o(i.HAL_EnableCompensationCell)
    HAL_GPIO_Init                            0x08000b21   Thumb Code   534  stm32h7xx_hal_gpio.o(i.HAL_GPIO_Init)
    HAL_GPIO_WritePin                        0x08000d6d   Thumb Code    10  stm32h7xx_hal_gpio.o(i.HAL_GPIO_WritePin)
    HAL_GetTick                              0x08000d79   Thumb Code     6  stm32h7xx_hal.o(i.HAL_GetTick)
    HAL_I2C_Init                             0x08000d85   Thumb Code   192  stm32h7xx_hal_i2c.o(i.HAL_I2C_Init)
    HAL_I2C_Mem_Read                         0x08000e49   Thumb Code   434  stm32h7xx_hal_i2c.o(i.HAL_I2C_Mem_Read)
    HAL_I2C_Mem_Write                        0x08001005   Thumb Code   436  stm32h7xx_hal_i2c.o(i.HAL_I2C_Mem_Write)
    HAL_I2C_MspInit                          0x080011bd   Thumb Code   116  i2c.o(i.HAL_I2C_MspInit)
    HAL_Init                                 0x0800123d   Thumb Code    28  stm32h7xx_hal.o(i.HAL_Init)
    HAL_InitTick                             0x08001259   Thumb Code    64  stm32h7xx_hal.o(i.HAL_InitTick)
    HAL_MspInit                              0x080012a5   Thumb Code     2  stm32h7xx_hal_msp.o(i.HAL_MspInit)
    HAL_NVIC_EnableIRQ                       0x080012a7   Thumb Code    32  stm32h7xx_hal_cortex.o(i.HAL_NVIC_EnableIRQ)
    HAL_NVIC_SetPriority                     0x080012c7   Thumb Code   122  stm32h7xx_hal_cortex.o(i.HAL_NVIC_SetPriority)
    HAL_NVIC_SetPriorityGrouping             0x08001341   Thumb Code    32  stm32h7xx_hal_cortex.o(i.HAL_NVIC_SetPriorityGrouping)
    HAL_RCCEx_GetD1SysClockFreq              0x08001369   Thumb Code    44  stm32h7xx_hal_rcc_ex.o(i.HAL_RCCEx_GetD1SysClockFreq)
    HAL_RCCEx_GetD3PCLK1Freq                 0x080013a1   Thumb Code    34  stm32h7xx_hal_rcc_ex.o(i.HAL_RCCEx_GetD3PCLK1Freq)
    HAL_RCCEx_GetPLL2ClockFreq               0x080013cd   Thumb Code   532  stm32h7xx_hal_rcc_ex.o(i.HAL_RCCEx_GetPLL2ClockFreq)
    HAL_RCCEx_GetPLL3ClockFreq               0x080015f9   Thumb Code   532  stm32h7xx_hal_rcc_ex.o(i.HAL_RCCEx_GetPLL3ClockFreq)
    HAL_RCC_ClockConfig                      0x08001825   Thumb Code   574  stm32h7xx_hal_rcc.o(i.HAL_RCC_ClockConfig)
    HAL_RCC_GetHCLKFreq                      0x08001a75   Thumb Code    42  stm32h7xx_hal_rcc.o(i.HAL_RCC_GetHCLKFreq)
    HAL_RCC_GetPCLK1Freq                     0x08001aad   Thumb Code    34  stm32h7xx_hal_rcc.o(i.HAL_RCC_GetPCLK1Freq)
    HAL_RCC_GetPCLK2Freq                     0x08001ad9   Thumb Code    36  stm32h7xx_hal_rcc.o(i.HAL_RCC_GetPCLK2Freq)
    HAL_RCC_GetSysClockFreq                  0x08001b05   Thumb Code   556  stm32h7xx_hal_rcc.o(i.HAL_RCC_GetSysClockFreq)
    HAL_RCC_OscConfig                        0x08001d49   Thumb Code  1724  stm32h7xx_hal_rcc.o(i.HAL_RCC_OscConfig)
    HAL_SYSTICK_CLKSourceConfig              0x0800240d   Thumb Code    40  stm32h7xx_hal_cortex.o(i.HAL_SYSTICK_CLKSourceConfig)
    HAL_SYSTICK_Config                       0x08002435   Thumb Code    52  stm32h7xx_hal_cortex.o(i.HAL_SYSTICK_Config)
    HAL_UARTEx_WakeupCallback                0x08002469   Thumb Code     2  stm32h7xx_hal_uart_ex.o(i.HAL_UARTEx_WakeupCallback)
    HAL_UART_ErrorCallback                   0x0800246b   Thumb Code     2  stm32h7xx_hal_uart.o(i.HAL_UART_ErrorCallback)
    HAL_UART_GetState                        0x0800246d   Thumb Code    20  stm32h7xx_hal_uart.o(i.HAL_UART_GetState)
    HAL_UART_IRQHandler                      0x08002481   Thumb Code   434  stm32h7xx_hal_uart.o(i.HAL_UART_IRQHandler)
    HAL_UART_Init                            0x0800263d   Thumb Code   120  stm32h7xx_hal_uart.o(i.HAL_UART_Init)
    HAL_UART_MspInit                         0x080026b5   Thumb Code   138  usart.o(i.HAL_UART_MspInit)
    HAL_UART_Receive_IT                      0x0800274d   Thumb Code   224  stm32h7xx_hal_uart.o(i.HAL_UART_Receive_IT)
    HAL_UART_RxCpltCallback                  0x0800282d   Thumb Code   120  usart.o(i.HAL_UART_RxCpltCallback)
    HAL_UART_TxCpltCallback                  0x080028b5   Thumb Code     2  stm32h7xx_hal_uart.o(i.HAL_UART_TxCpltCallback)
    HardFault_Handler                        0x080028b7   Thumb Code     4  stm32h7xx_it.o(i.HardFault_Handler)
    LED1Task                                 0x08002bcd   Thumb Code    40  main.o(i.LED1Task)
    LED_Init                                 0x08002bf9   Thumb Code    80  led.o(i.LED_Init)
    MX_I2C1_Init                             0x08002c51   Thumb Code    42  i2c.o(i.MX_I2C1_Init)
    MemManage_Handler                        0x08002c99   Thumb Code     4  stm32h7xx_it.o(i.MemManage_Handler)
    NMI_Handler                              0x08002c9d   Thumb Code     2  stm32h7xx_it.o(i.NMI_Handler)
    SensorData                               0x08002db9   Thumb Code   276  main.o(i.SensorData)
    StartTask                                0x08002ef5   Thumb Code    62  main.o(i.StartTask)
    Stm32_Clock_Init                         0x08002f61   Thumb Code   238  sys.o(i.Stm32_Clock_Init)
    SysTick_Handler                          0x08003059   Thumb Code    16  delay.o(i.SysTick_Handler)
    SystemInit                               0x08003069   Thumb Code   130  system_stm32h7xx.o(i.SystemInit)
    UART_AdvFeatureConfig                    0x080030fd   Thumb Code   234  stm32h7xx_hal_uart.o(i.UART_AdvFeatureConfig)
    UART_CheckIdleState                      0x080031e7   Thumb Code   116  stm32h7xx_hal_uart.o(i.UART_CheckIdleState)
    UART_SetConfig                           0x0800333d   Thumb Code  2452  stm32h7xx_hal_uart.o(i.UART_SetConfig)
    UART_WaitOnFlagUntilTimeout              0x08003d63   Thumb Code   108  stm32h7xx_hal_uart.o(i.UART_WaitOnFlagUntilTimeout)
    USART1_IRQHandler                        0x08003dd1   Thumb Code    66  usart.o(i.USART1_IRQHandler)
    UsageFault_Handler                       0x08003e21   Thumb Code     4  stm32h7xx_it.o(i.UsageFault_Handler)
    _sys_exit                                0x08003e5d   Thumb Code     4  usart.o(i._sys_exit)
    delay_init                               0x08003e61   Thumb Code    58  delay.o(i.delay_init)
    filter                                   0x08003ea5   Thumb Code   162  kmfillter.o(i.filter)
    fputc                                    0x08003f6d   Thumb Code    22  usart.o(i.fputc)
    lsm9ds1_acceleration_raw_get             0x08003f89   Thumb Code    24  lsm9ds1_reg.o(i.lsm9ds1_acceleration_raw_get)
    lsm9ds1_block_data_update_set            0x08003fa1   Thumb Code   110  lsm9ds1_reg.o(i.lsm9ds1_block_data_update_set)
    lsm9ds1_dev_id_get                       0x0800400f   Thumb Code    46  lsm9ds1_reg.o(i.lsm9ds1_dev_id_get)
    lsm9ds1_dev_reset_get                    0x0800403d   Thumb Code    62  lsm9ds1_reg.o(i.lsm9ds1_dev_reset_get)
    lsm9ds1_dev_reset_set                    0x0800407b   Thumb Code    98  lsm9ds1_reg.o(i.lsm9ds1_dev_reset_set)
    lsm9ds1_dev_status_get                   0x080040dd   Thumb Code    46  lsm9ds1_reg.o(i.lsm9ds1_dev_status_get)
    lsm9ds1_from_fs16gauss_to_mG             0x0800410d   Thumb Code    18  lsm9ds1_reg.o(i.lsm9ds1_from_fs16gauss_to_mG)
    lsm9ds1_from_fs4g_to_mg                  0x08004125   Thumb Code    18  lsm9ds1_reg.o(i.lsm9ds1_from_fs4g_to_mg)
    lsm9ds1_gy_filter_hp_bandwidth_set       0x0800413d   Thumb Code    50  lsm9ds1_reg.o(i.lsm9ds1_gy_filter_hp_bandwidth_set)
    lsm9ds1_gy_filter_lp_bandwidth_set       0x0800416f   Thumb Code    50  lsm9ds1_reg.o(i.lsm9ds1_gy_filter_lp_bandwidth_set)
    lsm9ds1_gy_filter_out_path_set           0x080041a1   Thumb Code    94  lsm9ds1_reg.o(i.lsm9ds1_gy_filter_out_path_set)
    lsm9ds1_gy_full_scale_set                0x080041ff   Thumb Code    50  lsm9ds1_reg.o(i.lsm9ds1_gy_full_scale_set)
    lsm9ds1_imu_data_rate_set                0x08004231   Thumb Code   138  lsm9ds1_reg.o(i.lsm9ds1_imu_data_rate_set)
    lsm9ds1_mag_data_rate_set                0x080042bb   Thumb Code   174  lsm9ds1_reg.o(i.lsm9ds1_mag_data_rate_set)
    lsm9ds1_mag_full_scale_set               0x08004369   Thumb Code    50  lsm9ds1_reg.o(i.lsm9ds1_mag_full_scale_set)
    lsm9ds1_magnetic_raw_get                 0x0800439b   Thumb Code    24  lsm9ds1_reg.o(i.lsm9ds1_magnetic_raw_get)
    lsm9ds1_read_reg                         0x080043b3   Thumb Code    32  lsm9ds1_reg.o(i.lsm9ds1_read_reg)
    lsm9ds1_write_reg                        0x080043d3   Thumb Code    34  lsm9ds1_reg.o(i.lsm9ds1_write_reg)
    lsm9ds1_xl_filter_aalias_bandwidth_set   0x080043f5   Thumb Code    62  lsm9ds1_reg.o(i.lsm9ds1_xl_filter_aalias_bandwidth_set)
    lsm9ds1_xl_filter_lp_bandwidth_set       0x08004433   Thumb Code    64  lsm9ds1_reg.o(i.lsm9ds1_xl_filter_lp_bandwidth_set)
    lsm9ds1_xl_filter_out_path_set           0x08004473   Thumb Code    50  lsm9ds1_reg.o(i.lsm9ds1_xl_filter_out_path_set)
    lsm9ds1_xl_full_scale_set                0x080044a5   Thumb Code    50  lsm9ds1_reg.o(i.lsm9ds1_xl_full_scale_set)
    main                                     0x080044d9   Thumb Code   272  main.o(i.main)
    platform_init                            0x0800463d   Thumb Code     8  main.o(i.platform_init)
    platform_read                            0x08004645   Thumb Code    44  main.o(i.platform_read)
    platform_write                           0x08004675   Thumb Code    44  main.o(i.platform_write)
    pvPortMalloc                             0x080051a5   Thumb Code   262  heap_4.o(i.pvPortMalloc)
    pvTaskIncrementMutexHeldCount            0x080052f9   Thumb Code    26  tasks.o(i.pvTaskIncrementMutexHeldCount)
    pxPortInitialiseStack                    0x08005319   Thumb Code    38  port.o(i.pxPortInitialiseStack)
    send                                     0x08005345   Thumb Code   200  scope.o(i.send)
    uart_init                                0x08005411   Thumb Code    44  usart.o(i.uart_init)
    uxListRemove                             0x08005449   Thumb Code    40  list.o(i.uxListRemove)
    vListInitialise                          0x08005471   Thumb Code    26  list.o(i.vListInitialise)
    vListInitialiseItem                      0x0800548b   Thumb Code     6  list.o(i.vListInitialiseItem)
    vListInsert                              0x08005491   Thumb Code    52  list.o(i.vListInsert)
    vListInsertEnd                           0x080054c5   Thumb Code    24  list.o(i.vListInsertEnd)
    vPortEnterCritical                       0x080054dd   Thumb Code    72  port.o(i.vPortEnterCritical)
    vPortExitCritical                        0x0800556d   Thumb Code    48  port.o(i.vPortExitCritical)
    vPortFree                                0x080055e1   Thumb Code   120  heap_4.o(i.vPortFree)
    vPortSetupTimerInterrupt                 0x08005699   Thumb Code    26  port.o(i.vPortSetupTimerInterrupt)
    vPortValidateInterruptPriority           0x080056b9   Thumb Code    86  port.o(i.vPortValidateInterruptPriority)
    vQueueAddToRegistry                      0x0800575d   Thumb Code    38  queue.o(i.vQueueAddToRegistry)
    vQueueWaitForMessageRestricted           0x08005789   Thumb Code    74  queue.o(i.vQueueWaitForMessageRestricted)
    vTaskDelay                               0x080057d5   Thumb Code    72  tasks.o(i.vTaskDelay)
    vTaskDelete                              0x08005849   Thumb Code   192  tasks.o(i.vTaskDelete)
    vTaskMissedYield                         0x08005955   Thumb Code     8  tasks.o(i.vTaskMissedYield)
    vTaskPlaceOnEventList                    0x08005961   Thumb Code    42  tasks.o(i.vTaskPlaceOnEventList)
    vTaskPlaceOnEventListRestricted          0x080059b5   Thumb Code    50  tasks.o(i.vTaskPlaceOnEventListRestricted)
    vTaskPriorityInherit                     0x08005a11   Thumb Code   164  tasks.o(i.vTaskPriorityInherit)
    vTaskSetTimeOutState                     0x08005ac1   Thumb Code    32  tasks.o(i.vTaskSetTimeOutState)
    vTaskStartScheduler                      0x08005b0d   Thumb Code   112  tasks.o(i.vTaskStartScheduler)
    vTaskSuspendAll                          0x08005bbd   Thumb Code    12  tasks.o(i.vTaskSuspendAll)
    vTaskSwitchContext                       0x08005bcd   Thumb Code   110  tasks.o(i.vTaskSwitchContext)
    xPortStartScheduler                      0x08005c75   Thumb Code   192  port.o(i.xPortStartScheduler)
    xPortSysTickHandler                      0x08005d8d   Thumb Code    50  port.o(i.xPortSysTickHandler)
    xQueueGenericCreate                      0x08005dc5   Thumb Code    78  queue.o(i.xQueueGenericCreate)
    xQueueGenericReceive                     0x08005e39   Thumb Code   416  queue.o(i.xQueueGenericReceive)
    xQueueGenericReset                       0x08006001   Thumb Code   136  queue.o(i.xQueueGenericReset)
    xQueueGenericSend                        0x080060b1   Thumb Code   412  queue.o(i.xQueueGenericSend)
    xQueueGenericSendFromISR                 0x08006275   Thumb Code   238  queue.o(i.xQueueGenericSendFromISR)
    xTaskCheckForTimeOut                     0x08006389   Thumb Code   116  tasks.o(i.xTaskCheckForTimeOut)
    xTaskCreate                              0x08006429   Thumb Code    96  tasks.o(i.xTaskCreate)
    xTaskGetSchedulerState                   0x08006489   Thumb Code    24  tasks.o(i.xTaskGetSchedulerState)
    xTaskGetTickCount                        0x080064a9   Thumb Code     6  tasks.o(i.xTaskGetTickCount)
    xTaskIncrementTick                       0x080064b5   Thumb Code   272  tasks.o(i.xTaskIncrementTick)
    xTaskPriorityDisinherit                  0x08006615   Thumb Code   168  tasks.o(i.xTaskPriorityDisinherit)
    xTaskRemoveFromEventList                 0x080066ed   Thumb Code   118  tasks.o(i.xTaskRemoveFromEventList)
    xTaskResumeAll                           0x080067a1   Thumb Code   214  tasks.o(i.xTaskResumeAll)
    xTimerCreateTimerTask                    0x080068c1   Thumb Code    56  timers.o(i.xTimerCreateTimerTask)
    xTimerGenericCommand                     0x08006935   Thumb Code   118  timers.o(i.xTimerGenericCommand)
    _fp_init                                 0x080069d9   Thumb Code    10  fpinit.o(x$fpl$fpinit)
    __fplib_config_fpu_vfp                   0x080069e1   Thumb Code     0  fpinit.o(x$fpl$fpinit)
    __fplib_config_pureend_doubles           0x080069e1   Thumb Code     0  fpinit.o(x$fpl$fpinit)
    D1CorePrescTable                         0x08006a12   Data          16  system_stm32h7xx.o(.constdata)
    Region$$Table$$Base                      0x08006a54   Number         0  anon$$obj.o(Region$$Table)
    Region$$Table$$Limit                     0x08006a74   Number         0  anon$$obj.o(Region$$Table)
    StartTaskHanhler                         0x24000018   Data           4  main.o(.data)
    SENSOR_DATATaskHanhler                   0x2400001c   Data           4  main.o(.data)
    LED1TaskHanhler                          0x24000020   Data           4  main.o(.data)
    i2c_add_mag                              0x24000024   Data           1  main.o(.data)
    i2c_add_imu                              0x24000025   Data           1  main.o(.data)
    SystemCoreClock                          0x2400002c   Data           4  system_stm32h7xx.o(.data)
    SystemD2Clock                            0x24000030   Data           4  system_stm32h7xx.o(.data)
    __stdout                                 0x2400003c   Data           4  usart.o(.data)
    USART_RX_STA                             0x24000040   Data           2  usart.o(.data)
    aRxBuffer                                0x24000042   Data           1  usart.o(.data)
    pxCurrentTCB                             0x24000050   Data           4  tasks.o(.data)
    dev_ctx_mag                              0x240004f8   Data          12  main.o(.bss)
    dev_ctx_imu                              0x24000504   Data          12  main.o(.bss)
    USART_RX_BUF                             0x24000510   Data         200  usart.o(.bss)
    UART1_Handler                            0x240005d8   Data         128  usart.o(.bss)
    xQueueRegistry                           0x24000658   Data          64  queue.o(.bss)
    hi2c1                                    0x240059a4   Data          76  i2c.o(.bss)
    __libspace_start                         0x240059f0   Data          96  libspace.o(.bss)
    __temporary_stack_top$libspace           0x24005a50   Data           0  libspace.o(.bss)



==============================================================================

Memory Map of the image

  Image Entry point : 0x08000299

  Load Region LR_IROM1 (Base: 0x08000000, Size: 0x00006b60, Max: 0x00020000, ABSOLUTE)

    Execution Region ER_IROM1 (Exec base: 0x08000000, Load base: 0x08000000, Size: 0x00006a74, Max: 0x00020000, ABSOLUTE)

    Exec Addr    Load Addr    Size         Type   Attr      Idx    E Section Name        Object

    0x08000000   0x08000000   0x00000298   Data   RO          562    RESET               startup_stm32h750xx.o
    0x08000298   0x08000298   0x00000008   Code   RO         5634  * !!!main             c_w.l(__main.o)
    0x080002a0   0x080002a0   0x00000034   Code   RO         5820    !!!scatter          c_w.l(__scatter.o)
    0x080002d4   0x080002d4   0x0000001a   Code   RO         5822    !!handler_copy      c_w.l(__scatter_copy.o)
    0x080002ee   0x080002ee   0x00000002   PAD
    0x080002f0   0x080002f0   0x0000001c   Code   RO         5824    !!handler_zi        c_w.l(__scatter_zi.o)
    0x0800030c   0x0800030c   0x00000000   Code   RO         5621    .ARM.Collect$$_printf_percent$$00000000  c_w.l(_printf_percent.o)
    0x0800030c   0x0800030c   0x00000006   Code   RO         5619    .ARM.Collect$$_printf_percent$$00000009  c_w.l(_printf_d.o)
    0x08000312   0x08000312   0x00000006   Code   RO         5618    .ARM.Collect$$_printf_percent$$00000014  c_w.l(_printf_s.o)
    0x08000318   0x08000318   0x00000004   Code   RO         5651    .ARM.Collect$$_printf_percent$$00000017  c_w.l(_printf_percent_end.o)
    0x0800031c   0x0800031c   0x00000002   Code   RO         5692    .ARM.Collect$$libinit$$00000000  c_w.l(libinit.o)
    0x0800031e   0x0800031e   0x00000004   Code   RO         5704    .ARM.Collect$$libinit$$00000001  c_w.l(libinit2.o)
    0x08000322   0x08000322   0x00000000   Code   RO         5707    .ARM.Collect$$libinit$$00000004  c_w.l(libinit2.o)
    0x08000322   0x08000322   0x00000000   Code   RO         5710    .ARM.Collect$$libinit$$0000000A  c_w.l(libinit2.o)
    0x08000322   0x08000322   0x00000000   Code   RO         5712    .ARM.Collect$$libinit$$0000000C  c_w.l(libinit2.o)
    0x08000322   0x08000322   0x00000000   Code   RO         5714    .ARM.Collect$$libinit$$0000000E  c_w.l(libinit2.o)
    0x08000322   0x08000322   0x00000000   Code   RO         5717    .ARM.Collect$$libinit$$00000011  c_w.l(libinit2.o)
    0x08000322   0x08000322   0x00000000   Code   RO         5719    .ARM.Collect$$libinit$$00000013  c_w.l(libinit2.o)
    0x08000322   0x08000322   0x00000000   Code   RO         5721    .ARM.Collect$$libinit$$00000015  c_w.l(libinit2.o)
    0x08000322   0x08000322   0x00000000   Code   RO         5723    .ARM.Collect$$libinit$$00000017  c_w.l(libinit2.o)
    0x08000322   0x08000322   0x00000000   Code   RO         5725    .ARM.Collect$$libinit$$00000019  c_w.l(libinit2.o)
    0x08000322   0x08000322   0x00000000   Code   RO         5727    .ARM.Collect$$libinit$$0000001B  c_w.l(libinit2.o)
    0x08000322   0x08000322   0x00000000   Code   RO         5729    .ARM.Collect$$libinit$$0000001D  c_w.l(libinit2.o)
    0x08000322   0x08000322   0x00000000   Code   RO         5731    .ARM.Collect$$libinit$$0000001F  c_w.l(libinit2.o)
    0x08000322   0x08000322   0x00000000   Code   RO         5733    .ARM.Collect$$libinit$$00000021  c_w.l(libinit2.o)
    0x08000322   0x08000322   0x00000000   Code   RO         5735    .ARM.Collect$$libinit$$00000023  c_w.l(libinit2.o)
    0x08000322   0x08000322   0x00000000   Code   RO         5737    .ARM.Collect$$libinit$$00000025  c_w.l(libinit2.o)
    0x08000322   0x08000322   0x00000000   Code   RO         5741    .ARM.Collect$$libinit$$0000002C  c_w.l(libinit2.o)
    0x08000322   0x08000322   0x00000000   Code   RO         5743    .ARM.Collect$$libinit$$0000002E  c_w.l(libinit2.o)
    0x08000322   0x08000322   0x00000000   Code   RO         5745    .ARM.Collect$$libinit$$00000030  c_w.l(libinit2.o)
    0x08000322   0x08000322   0x00000000   Code   RO         5747    .ARM.Collect$$libinit$$00000032  c_w.l(libinit2.o)
    0x08000322   0x08000322   0x00000002   Code   RO         5748    .ARM.Collect$$libinit$$00000033  c_w.l(libinit2.o)
    0x08000324   0x08000324   0x00000002   Code   RO         5774    .ARM.Collect$$libshutdown$$00000000  c_w.l(libshutdown.o)
    0x08000326   0x08000326   0x00000000   Code   RO         5803    .ARM.Collect$$libshutdown$$00000002  c_w.l(libshutdown2.o)
    0x08000326   0x08000326   0x00000000   Code   RO         5805    .ARM.Collect$$libshutdown$$00000004  c_w.l(libshutdown2.o)
    0x08000326   0x08000326   0x00000000   Code   RO         5808    .ARM.Collect$$libshutdown$$00000007  c_w.l(libshutdown2.o)
    0x08000326   0x08000326   0x00000000   Code   RO         5811    .ARM.Collect$$libshutdown$$0000000A  c_w.l(libshutdown2.o)
    0x08000326   0x08000326   0x00000000   Code   RO         5813    .ARM.Collect$$libshutdown$$0000000C  c_w.l(libshutdown2.o)
    0x08000326   0x08000326   0x00000000   Code   RO         5816    .ARM.Collect$$libshutdown$$0000000F  c_w.l(libshutdown2.o)
    0x08000326   0x08000326   0x00000002   Code   RO         5817    .ARM.Collect$$libshutdown$$00000010  c_w.l(libshutdown2.o)
    0x08000328   0x08000328   0x00000000   Code   RO         5636    .ARM.Collect$$rtentry$$00000000  c_w.l(__rtentry.o)
    0x08000328   0x08000328   0x00000000   Code   RO         5657    .ARM.Collect$$rtentry$$00000002  c_w.l(__rtentry2.o)
    0x08000328   0x08000328   0x00000006   Code   RO         5669    .ARM.Collect$$rtentry$$00000004  c_w.l(__rtentry4.o)
    0x0800032e   0x0800032e   0x00000000   Code   RO         5659    .ARM.Collect$$rtentry$$00000009  c_w.l(__rtentry2.o)
    0x0800032e   0x0800032e   0x00000004   Code   RO         5660    .ARM.Collect$$rtentry$$0000000A  c_w.l(__rtentry2.o)
    0x08000332   0x08000332   0x00000000   Code   RO         5662    .ARM.Collect$$rtentry$$0000000C  c_w.l(__rtentry2.o)
    0x08000332   0x08000332   0x00000008   Code   RO         5663    .ARM.Collect$$rtentry$$0000000D  c_w.l(__rtentry2.o)
    0x0800033a   0x0800033a   0x00000002   Code   RO         5696    .ARM.Collect$$rtexit$$00000000  c_w.l(rtexit.o)
    0x0800033c   0x0800033c   0x00000000   Code   RO         5750    .ARM.Collect$$rtexit$$00000002  c_w.l(rtexit2.o)
    0x0800033c   0x0800033c   0x00000004   Code   RO         5751    .ARM.Collect$$rtexit$$00000003  c_w.l(rtexit2.o)
    0x08000340   0x08000340   0x00000006   Code   RO         5752    .ARM.Collect$$rtexit$$00000004  c_w.l(rtexit2.o)
    0x08000346   0x08000346   0x00000002   PAD
    0x08000348   0x08000348   0x000000ba   Code   RO         4406    .emb_text           port.o
    0x08000402   0x08000402   0x00000002   PAD
    0x08000404   0x08000404   0x00000040   Code   RO          563    .text               startup_stm32h750xx.o
    0x08000444   0x08000444   0x000000ee   Code   RO         5581    .text               c_w.l(lludivv7m.o)
    0x08000532   0x08000532   0x00000002   PAD
    0x08000534   0x08000534   0x00000018   Code   RO         5587    .text               c_w.l(noretval__2printf.o)
    0x0800054c   0x0800054c   0x00000068   Code   RO         5591    .text               c_w.l(__printf.o)
    0x080005b4   0x080005b4   0x00000052   Code   RO         5593    .text               c_w.l(_printf_str.o)
    0x08000606   0x08000606   0x00000002   PAD
    0x08000608   0x08000608   0x00000078   Code   RO         5595    .text               c_w.l(_printf_dec.o)
    0x08000680   0x08000680   0x0000008a   Code   RO         5626    .text               c_w.l(rt_memcpy_v6.o)
    0x0800070a   0x0800070a   0x00000010   Code   RO         5628    .text               c_w.l(aeabi_memset.o)
    0x0800071a   0x0800071a   0x0000004e   Code   RO         5630    .text               c_w.l(rt_memclr_w.o)
    0x08000768   0x08000768   0x00000006   Code   RO         5632    .text               c_w.l(heapauxi.o)
    0x0800076e   0x0800076e   0x000000b2   Code   RO         5641    .text               c_w.l(_printf_intcommon.o)
    0x08000820   0x08000820   0x00000030   Code   RO         5643    .text               c_w.l(_printf_char_common.o)
    0x08000850   0x08000850   0x0000002c   Code   RO         5647    .text               c_w.l(_printf_char.o)
    0x0800087c   0x0800087c   0x00000024   Code   RO         5649    .text               c_w.l(_printf_char_file.o)
    0x080008a0   0x080008a0   0x00000064   Code   RO         5652    .text               c_w.l(rt_memcpy_w.o)
    0x08000904   0x08000904   0x00000044   Code   RO         5654    .text               c_w.l(rt_memclr.o)
    0x08000948   0x08000948   0x00000008   Code   RO         5675    .text               c_w.l(ferror.o)
    0x08000950   0x08000950   0x0000004a   Code   RO         5679    .text               c_w.l(sys_stackheap_outer.o)
    0x0800099a   0x0800099a   0x00000012   Code   RO         5681    .text               c_w.l(exit.o)
    0x080009ac   0x080009ac   0x00000008   Code   RO         5693    .text               c_w.l(libspace.o)
    0x080009b4   0x080009b4   0x00000004   Code   RO          420    i.BusFault_Handler  stm32h7xx_it.o
    0x080009b8   0x080009b8   0x0000003a   Code   RO         5513    i.CRC_CHECK         scope.o
    0x080009f2   0x080009f2   0x00000002   PAD
    0x080009f4   0x080009f4   0x0000001c   Code   RO          623    i.Cache_Enable      sys.o
    0x08000a10   0x08000a10   0x00000002   Code   RO          421    i.DebugMon_Handler  stm32h7xx_it.o
    0x08000a12   0x08000a12   0x00000002   PAD
    0x08000a14   0x08000a14   0x000000f8   Code   RO         1234    i.HAL_DMA_Abort_IT  stm32h7xx_hal_dma.o
    0x08000b0c   0x08000b0c   0x00000014   Code   RO          773    i.HAL_EnableCompensationCell  stm32h7xx_hal.o
    0x08000b20   0x08000b20   0x0000024c   Code   RO         1429    i.HAL_GPIO_Init     stm32h7xx_hal_gpio.o
    0x08000d6c   0x08000d6c   0x0000000a   Code   RO         1433    i.HAL_GPIO_WritePin  stm32h7xx_hal_gpio.o
    0x08000d76   0x08000d76   0x00000002   PAD
    0x08000d78   0x08000d78   0x0000000c   Code   RO          780    i.HAL_GetTick       stm32h7xx_hal.o
    0x08000d84   0x08000d84   0x000000c4   Code   RO         2861    i.HAL_I2C_Init      stm32h7xx_hal_i2c.o
    0x08000e48   0x08000e48   0x000001bc   Code   RO         2877    i.HAL_I2C_Mem_Read  stm32h7xx_hal_i2c.o
    0x08001004   0x08001004   0x000001b8   Code   RO         2880    i.HAL_I2C_Mem_Write  stm32h7xx_hal_i2c.o
    0x080011bc   0x080011bc   0x00000080   Code   RO         5467    i.HAL_I2C_MspInit   i2c.o
    0x0800123c   0x0800123c   0x0000001c   Code   RO          784    i.HAL_Init          stm32h7xx_hal.o
    0x08001258   0x08001258   0x0000004c   Code   RO          785    i.HAL_InitTick      stm32h7xx_hal.o
    0x080012a4   0x080012a4   0x00000002   Code   RO          528    i.HAL_MspInit       stm32h7xx_hal_msp.o
    0x080012a6   0x080012a6   0x00000020   Code   RO         1082    i.HAL_NVIC_EnableIRQ  stm32h7xx_hal_cortex.o
    0x080012c6   0x080012c6   0x0000007a   Code   RO         1088    i.HAL_NVIC_SetPriority  stm32h7xx_hal_cortex.o
    0x08001340   0x08001340   0x00000028   Code   RO         1089    i.HAL_NVIC_SetPriorityGrouping  stm32h7xx_hal_cortex.o
    0x08001368   0x08001368   0x00000038   Code   RO         1996    i.HAL_RCCEx_GetD1SysClockFreq  stm32h7xx_hal_rcc_ex.o
    0x080013a0   0x080013a0   0x0000002c   Code   RO         1997    i.HAL_RCCEx_GetD3PCLK1Freq  stm32h7xx_hal_rcc_ex.o
    0x080013cc   0x080013cc   0x0000022c   Code   RO         1999    i.HAL_RCCEx_GetPLL2ClockFreq  stm32h7xx_hal_rcc_ex.o
    0x080015f8   0x080015f8   0x0000022c   Code   RO         2000    i.HAL_RCCEx_GetPLL3ClockFreq  stm32h7xx_hal_rcc_ex.o
    0x08001824   0x08001824   0x00000250   Code   RO         1883    i.HAL_RCC_ClockConfig  stm32h7xx_hal_rcc.o
    0x08001a74   0x08001a74   0x00000038   Code   RO         1887    i.HAL_RCC_GetHCLKFreq  stm32h7xx_hal_rcc.o
    0x08001aac   0x08001aac   0x0000002c   Code   RO         1889    i.HAL_RCC_GetPCLK1Freq  stm32h7xx_hal_rcc.o
    0x08001ad8   0x08001ad8   0x0000002c   Code   RO         1890    i.HAL_RCC_GetPCLK2Freq  stm32h7xx_hal_rcc.o
    0x08001b04   0x08001b04   0x00000244   Code   RO         1891    i.HAL_RCC_GetSysClockFreq  stm32h7xx_hal_rcc.o
    0x08001d48   0x08001d48   0x000006c4   Code   RO         1894    i.HAL_RCC_OscConfig  stm32h7xx_hal_rcc.o
    0x0800240c   0x0800240c   0x00000028   Code   RO         1091    i.HAL_SYSTICK_CLKSourceConfig  stm32h7xx_hal_cortex.o
    0x08002434   0x08002434   0x00000034   Code   RO         1093    i.HAL_SYSTICK_Config  stm32h7xx_hal_cortex.o
    0x08002468   0x08002468   0x00000002   Code   RO         2518    i.HAL_UARTEx_WakeupCallback  stm32h7xx_hal_uart_ex.o
    0x0800246a   0x0800246a   0x00000002   Code   RO         2178    i.HAL_UART_ErrorCallback  stm32h7xx_hal_uart.o
    0x0800246c   0x0800246c   0x00000014   Code   RO         2180    i.HAL_UART_GetState  stm32h7xx_hal_uart.o
    0x08002480   0x08002480   0x000001bc   Code   RO         2181    i.HAL_UART_IRQHandler  stm32h7xx_hal_uart.o
    0x0800263c   0x0800263c   0x00000078   Code   RO         2182    i.HAL_UART_Init     stm32h7xx_hal_uart.o
    0x080026b4   0x080026b4   0x00000098   Code   RO          688    i.HAL_UART_MspInit  usart.o
    0x0800274c   0x0800274c   0x000000e0   Code   RO         2187    i.HAL_UART_Receive_IT  stm32h7xx_hal_uart.o
    0x0800282c   0x0800282c   0x00000088   Code   RO          689    i.HAL_UART_RxCpltCallback  usart.o
    0x080028b4   0x080028b4   0x00000002   Code   RO         2193    i.HAL_UART_TxCpltCallback  stm32h7xx_hal_uart.o
    0x080028b6   0x080028b6   0x00000004   Code   RO          422    i.HardFault_Handler  stm32h7xx_it.o
    0x080028ba   0x080028ba   0x00000028   Code   RO         2903    i.I2C_Flush_TXDR    stm32h7xx_hal_i2c.o
    0x080028e2   0x080028e2   0x00000002   PAD
    0x080028e4   0x080028e4   0x0000008c   Code   RO         2911    i.I2C_IsAcknowledgeFailed  stm32h7xx_hal_i2c.o
    0x08002970   0x08002970   0x00000090   Code   RO         2914    i.I2C_RequestMemoryRead  stm32h7xx_hal_i2c.o
    0x08002a00   0x08002a00   0x00000090   Code   RO         2915    i.I2C_RequestMemoryWrite  stm32h7xx_hal_i2c.o
    0x08002a90   0x08002a90   0x00000034   Code   RO         2918    i.I2C_TransferConfig  stm32h7xx_hal_i2c.o
    0x08002ac4   0x08002ac4   0x00000056   Code   RO         2919    i.I2C_WaitOnFlagUntilTimeout  stm32h7xx_hal_i2c.o
    0x08002b1a   0x08002b1a   0x00000056   Code   RO         2921    i.I2C_WaitOnSTOPFlagUntilTimeout  stm32h7xx_hal_i2c.o
    0x08002b70   0x08002b70   0x0000005a   Code   RO         2922    i.I2C_WaitOnTXISFlagUntilTimeout  stm32h7xx_hal_i2c.o
    0x08002bca   0x08002bca   0x00000002   PAD
    0x08002bcc   0x08002bcc   0x0000002c   Code   RO            4    i.LED1Task          main.o
    0x08002bf8   0x08002bf8   0x00000058   Code   RO         3344    i.LED_Init          led.o
    0x08002c50   0x08002c50   0x00000048   Code   RO         5468    i.MX_I2C1_Init      i2c.o
    0x08002c98   0x08002c98   0x00000004   Code   RO          423    i.MemManage_Handler  stm32h7xx_it.o
    0x08002c9c   0x08002c9c   0x00000002   Code   RO          424    i.NMI_Handler       stm32h7xx_it.o
    0x08002c9e   0x08002c9e   0x00000002   PAD
    0x08002ca0   0x08002ca0   0x0000009c   Code   RO          626    i.SCB_EnableDCache  sys.o
    0x08002d3c   0x08002d3c   0x0000007c   Code   RO          627    i.SCB_EnableICache  sys.o
    0x08002db8   0x08002db8   0x0000013c   Code   RO            5    i.SensorData        main.o
    0x08002ef4   0x08002ef4   0x0000006c   Code   RO            6    i.StartTask         main.o
    0x08002f60   0x08002f60   0x000000f8   Code   RO          628    i.Stm32_Clock_Init  sys.o
    0x08003058   0x08003058   0x00000010   Code   RO          570    i.SysTick_Handler   delay.o
    0x08003068   0x08003068   0x00000094   Code   RO          487    i.SystemInit        system_stm32h7xx.o
    0x080030fc   0x080030fc   0x000000ea   Code   RO         2195    i.UART_AdvFeatureConfig  stm32h7xx_hal_uart.o
    0x080031e6   0x080031e6   0x00000074   Code   RO         2196    i.UART_CheckIdleState  stm32h7xx_hal_uart.o
    0x0800325a   0x0800325a   0x00000018   Code   RO         2197    i.UART_DMAAbortOnError  stm32h7xx_hal_uart.o
    0x08003272   0x08003272   0x00000020   Code   RO         2207    i.UART_EndRxTransfer  stm32h7xx_hal_uart.o
    0x08003292   0x08003292   0x00000020   Code   RO         2208    i.UART_EndTransmit_IT  stm32h7xx_hal_uart.o
    0x080032b2   0x080032b2   0x0000008a   Code   RO         2210    i.UART_Receive_IT   stm32h7xx_hal_uart.o
    0x0800333c   0x0800333c   0x000009a4   Code   RO         2211    i.UART_SetConfig    stm32h7xx_hal_uart.o
    0x08003ce0   0x08003ce0   0x00000082   Code   RO         2212    i.UART_Transmit_IT  stm32h7xx_hal_uart.o
    0x08003d62   0x08003d62   0x0000006c   Code   RO         2213    i.UART_WaitOnFlagUntilTimeout  stm32h7xx_hal_uart.o
    0x08003dce   0x08003dce   0x00000002   PAD
    0x08003dd0   0x08003dd0   0x00000050   Code   RO          690    i.USART1_IRQHandler  usart.o
    0x08003e20   0x08003e20   0x00000004   Code   RO          425    i.UsageFault_Handler  stm32h7xx_it.o
    0x08003e24   0x08003e24   0x00000010   Code   RO         1095    i.__NVIC_GetPriorityGrouping  stm32h7xx_hal_cortex.o
    0x08003e34   0x08003e34   0x00000028   Code   RO         1096    i.__NVIC_SetPriority  stm32h7xx_hal_cortex.o
    0x08003e5c   0x08003e5c   0x00000004   Code   RO          691    i._sys_exit         usart.o
    0x08003e60   0x08003e60   0x00000044   Code   RO          571    i.delay_init        delay.o
    0x08003ea4   0x08003ea4   0x000000c8   Code   RO         5551    i.filter            kmfillter.o
    0x08003f6c   0x08003f6c   0x0000001c   Code   RO          692    i.fputc             usart.o
    0x08003f88   0x08003f88   0x00000018   Code   RO         4568    i.lsm9ds1_acceleration_raw_get  lsm9ds1_reg.o
    0x08003fa0   0x08003fa0   0x0000006e   Code   RO         4580    i.lsm9ds1_block_data_update_set  lsm9ds1_reg.o
    0x0800400e   0x0800400e   0x0000002e   Code   RO         4585    i.lsm9ds1_dev_id_get  lsm9ds1_reg.o
    0x0800403c   0x0800403c   0x0000003e   Code   RO         4586    i.lsm9ds1_dev_reset_get  lsm9ds1_reg.o
    0x0800407a   0x0800407a   0x00000062   Code   RO         4587    i.lsm9ds1_dev_reset_set  lsm9ds1_reg.o
    0x080040dc   0x080040dc   0x0000002e   Code   RO         4588    i.lsm9ds1_dev_status_get  lsm9ds1_reg.o
    0x0800410a   0x0800410a   0x00000002   PAD
    0x0800410c   0x0800410c   0x00000018   Code   RO         4605    i.lsm9ds1_from_fs16gauss_to_mG  lsm9ds1_reg.o
    0x08004124   0x08004124   0x00000018   Code   RO         4609    i.lsm9ds1_from_fs4g_to_mg  lsm9ds1_reg.o
    0x0800413c   0x0800413c   0x00000032   Code   RO         4618    i.lsm9ds1_gy_filter_hp_bandwidth_set  lsm9ds1_reg.o
    0x0800416e   0x0800416e   0x00000032   Code   RO         4622    i.lsm9ds1_gy_filter_lp_bandwidth_set  lsm9ds1_reg.o
    0x080041a0   0x080041a0   0x0000005e   Code   RO         4624    i.lsm9ds1_gy_filter_out_path_set  lsm9ds1_reg.o
    0x080041fe   0x080041fe   0x00000032   Code   RO         4629    i.lsm9ds1_gy_full_scale_set  lsm9ds1_reg.o
    0x08004230   0x08004230   0x0000008a   Code   RO         4650    i.lsm9ds1_imu_data_rate_set  lsm9ds1_reg.o
    0x080042ba   0x080042ba   0x000000ae   Code   RO         4652    i.lsm9ds1_mag_data_rate_set  lsm9ds1_reg.o
    0x08004368   0x08004368   0x00000032   Code   RO         4655    i.lsm9ds1_mag_full_scale_set  lsm9ds1_reg.o
    0x0800439a   0x0800439a   0x00000018   Code   RO         4665    i.lsm9ds1_magnetic_raw_get  lsm9ds1_reg.o
    0x080043b2   0x080043b2   0x00000020   Code   RO         4680    i.lsm9ds1_read_reg  lsm9ds1_reg.o
    0x080043d2   0x080043d2   0x00000022   Code   RO         4685    i.lsm9ds1_write_reg  lsm9ds1_reg.o
    0x080043f4   0x080043f4   0x0000003e   Code   RO         4691    i.lsm9ds1_xl_filter_aalias_bandwidth_set  lsm9ds1_reg.o
    0x08004432   0x08004432   0x00000040   Code   RO         4697    i.lsm9ds1_xl_filter_lp_bandwidth_set  lsm9ds1_reg.o
    0x08004472   0x08004472   0x00000032   Code   RO         4699    i.lsm9ds1_xl_filter_out_path_set  lsm9ds1_reg.o
    0x080044a4   0x080044a4   0x00000032   Code   RO         4702    i.lsm9ds1_xl_full_scale_set  lsm9ds1_reg.o
    0x080044d6   0x080044d6   0x00000002   PAD
    0x080044d8   0x080044d8   0x00000164   Code   RO            7    i.main              main.o
    0x0800463c   0x0800463c   0x00000008   Code   RO            8    i.platform_init     main.o
    0x08004644   0x08004644   0x00000030   Code   RO            9    i.platform_read     main.o
    0x08004674   0x08004674   0x00000030   Code   RO           10    i.platform_write    main.o
    0x080046a4   0x080046a4   0x00000098   Code   RO         3882    i.prvAddCurrentTaskToDelayedList  tasks.o
    0x0800473c   0x0800473c   0x000000b8   Code   RO         3883    i.prvAddNewTaskToReadyList  tasks.o
    0x080047f4   0x080047f4   0x00000064   Code   RO         4259    i.prvCheckForValidListAndQueue  timers.o
    0x08004858   0x08004858   0x00000064   Code   RO         3884    i.prvCheckTasksWaitingTermination  tasks.o
    0x080048bc   0x080048bc   0x0000002a   Code   RO         3629    i.prvCopyDataFromQueue  queue.o
    0x080048e6   0x080048e6   0x0000007c   Code   RO         3630    i.prvCopyDataToQueue  queue.o
    0x08004962   0x08004962   0x00000012   Code   RO         3885    i.prvDeleteTCB      tasks.o
    0x08004974   0x08004974   0x00000028   Code   RO         4260    i.prvGetNextExpireTime  timers.o
    0x0800499c   0x0800499c   0x0000007c   Code   RO         4500    i.prvHeapInit       heap_4.o
    0x08004a18   0x08004a18   0x00000028   Code   RO         3886    i.prvIdleTask       tasks.o
    0x08004a40   0x08004a40   0x0000002e   Code   RO         3632    i.prvInitialiseNewQueue  queue.o
    0x08004a6e   0x08004a6e   0x00000002   PAD
    0x08004a70   0x08004a70   0x000000d0   Code   RO         3887    i.prvInitialiseNewTask  tasks.o
    0x08004b40   0x08004b40   0x00000068   Code   RO         3888    i.prvInitialiseTaskLists  tasks.o
    0x08004ba8   0x08004ba8   0x00000068   Code   RO         4501    i.prvInsertBlockIntoFreeList  heap_4.o
    0x08004c10   0x08004c10   0x00000058   Code   RO         4262    i.prvInsertTimerInActiveList  timers.o
    0x08004c68   0x08004c68   0x0000001a   Code   RO         3633    i.prvIsQueueEmpty   queue.o
    0x08004c82   0x08004c82   0x0000001e   Code   RO         3634    i.prvIsQueueFull    queue.o
    0x08004ca0   0x08004ca0   0x000000a0   Code   RO         3635    i.prvNotifyQueueSetContainer  queue.o
    0x08004d40   0x08004d40   0x00000080   Code   RO         4263    i.prvProcessExpiredTimer  timers.o
    0x08004dc0   0x08004dc0   0x0000012c   Code   RO         4264    i.prvProcessReceivedCommands  timers.o
    0x08004eec   0x08004eec   0x00000074   Code   RO         4265    i.prvProcessTimerOrBlockTask  timers.o
    0x08004f60   0x08004f60   0x00000034   Code   RO         3890    i.prvResetNextTaskUnblockTime  tasks.o
    0x08004f94   0x08004f94   0x0000002c   Code   RO         4266    i.prvSampleTimeNow  timers.o
    0x08004fc0   0x08004fc0   0x000000bc   Code   RO         4267    i.prvSwitchTimerLists  timers.o
    0x0800507c   0x0800507c   0x0000007c   Code   RO         4407    i.prvTaskExitError  port.o
    0x080050f8   0x080050f8   0x0000001a   Code   RO         4268    i.prvTimerTask      timers.o
    0x08005112   0x08005112   0x00000092   Code   RO         3636    i.prvUnlockQueue    queue.o
    0x080051a4   0x080051a4   0x00000154   Code   RO         4502    i.pvPortMalloc      heap_4.o
    0x080052f8   0x080052f8   0x00000020   Code   RO         3894    i.pvTaskIncrementMutexHeldCount  tasks.o
    0x08005318   0x08005318   0x0000002c   Code   RO         4408    i.pxPortInitialiseStack  port.o
    0x08005344   0x08005344   0x000000cc   Code   RO         5514    i.send              scope.o
    0x08005410   0x08005410   0x00000038   Code   RO          693    i.uart_init         usart.o
    0x08005448   0x08005448   0x00000028   Code   RO         3574    i.uxListRemove      list.o
    0x08005470   0x08005470   0x0000001a   Code   RO         3575    i.vListInitialise   list.o
    0x0800548a   0x0800548a   0x00000006   Code   RO         3576    i.vListInitialiseItem  list.o
    0x08005490   0x08005490   0x00000034   Code   RO         3577    i.vListInsert       list.o
    0x080054c4   0x080054c4   0x00000018   Code   RO         3578    i.vListInsertEnd    list.o
    0x080054dc   0x080054dc   0x00000090   Code   RO         4410    i.vPortEnterCritical  port.o
    0x0800556c   0x0800556c   0x00000074   Code   RO         4411    i.vPortExitCritical  port.o
    0x080055e0   0x080055e0   0x000000b8   Code   RO         4503    i.vPortFree         heap_4.o
    0x08005698   0x08005698   0x00000020   Code   RO         4412    i.vPortSetupTimerInterrupt  port.o
    0x080056b8   0x080056b8   0x000000a4   Code   RO         4413    i.vPortValidateInterruptPriority  port.o
    0x0800575c   0x0800575c   0x0000002c   Code   RO         3642    i.vQueueAddToRegistry  queue.o
    0x08005788   0x08005788   0x0000004a   Code   RO         3646    i.vQueueWaitForMessageRestricted  queue.o
    0x080057d2   0x080057d2   0x00000002   PAD
    0x080057d4   0x080057d4   0x00000074   Code   RO         3902    i.vTaskDelay        tasks.o
    0x08005848   0x08005848   0x0000010c   Code   RO         3904    i.vTaskDelete       tasks.o
    0x08005954   0x08005954   0x0000000c   Code   RO         3908    i.vTaskMissedYield  tasks.o
    0x08005960   0x08005960   0x00000054   Code   RO         3910    i.vTaskPlaceOnEventList  tasks.o
    0x080059b4   0x080059b4   0x0000005c   Code   RO         3911    i.vTaskPlaceOnEventListRestricted  tasks.o
    0x08005a10   0x08005a10   0x000000b0   Code   RO         3913    i.vTaskPriorityInherit  tasks.o
    0x08005ac0   0x08005ac0   0x0000004c   Code   RO         3917    i.vTaskSetTimeOutState  tasks.o
    0x08005b0c   0x08005b0c   0x000000b0   Code   RO         3918    i.vTaskStartScheduler  tasks.o
    0x08005bbc   0x08005bbc   0x00000010   Code   RO         3920    i.vTaskSuspendAll   tasks.o
    0x08005bcc   0x08005bcc   0x000000a8   Code   RO         3921    i.vTaskSwitchContext  tasks.o
    0x08005c74   0x08005c74   0x00000118   Code   RO         4414    i.xPortStartScheduler  port.o
    0x08005d8c   0x08005d8c   0x00000038   Code   RO         4415    i.xPortSysTickHandler  port.o
    0x08005dc4   0x08005dc4   0x00000074   Code   RO         3651    i.xQueueGenericCreate  queue.o
    0x08005e38   0x08005e38   0x000001c8   Code   RO         3652    i.xQueueGenericReceive  queue.o
    0x08006000   0x08006000   0x000000b0   Code   RO         3653    i.xQueueGenericReset  queue.o
    0x080060b0   0x080060b0   0x000001c4   Code   RO         3654    i.xQueueGenericSend  queue.o
    0x08006274   0x08006274   0x00000114   Code   RO         3655    i.xQueueGenericSendFromISR  queue.o
    0x08006388   0x08006388   0x000000a0   Code   RO         3922    i.xTaskCheckForTimeOut  tasks.o
    0x08006428   0x08006428   0x00000060   Code   RO         3923    i.xTaskCreate       tasks.o
    0x08006488   0x08006488   0x00000020   Code   RO         3927    i.xTaskGetSchedulerState  tasks.o
    0x080064a8   0x080064a8   0x0000000c   Code   RO         3928    i.xTaskGetTickCount  tasks.o
    0x080064b4   0x080064b4   0x00000160   Code   RO         3930    i.xTaskIncrementTick  tasks.o
    0x08006614   0x08006614   0x000000d8   Code   RO         3933    i.xTaskPriorityDisinherit  tasks.o
    0x080066ec   0x080066ec   0x000000b4   Code   RO         3934    i.xTaskRemoveFromEventList  tasks.o
    0x080067a0   0x080067a0   0x00000120   Code   RO         3936    i.xTaskResumeAll    tasks.o
    0x080068c0   0x080068c0   0x00000074   Code   RO         4272    i.xTimerCreateTimerTask  timers.o
    0x08006934   0x08006934   0x000000a4   Code   RO         4273    i.xTimerGenericCommand  timers.o
    0x080069d8   0x080069d8   0x0000000a   Code   RO         5762    x$fpl$fpinit        fz_wv.l(fpinit.o)
    0x080069e2   0x080069e2   0x00000040   Data   RO          488    .constdata          system_stm32h7xx.o
    0x08006a22   0x08006a22   0x00000030   Data   RO         2214    .constdata          stm32h7xx_hal_uart.o
    0x08006a52   0x08006a52   0x00000002   PAD
    0x08006a54   0x08006a54   0x00000020   Data   RO         5818    Region$$Table       anon$$obj.o


    Execution Region RW_IRAM1 (Exec base: 0x20000000, Load base: 0x08006a74, Size: 0x00000000, Max: 0x00020000, ABSOLUTE)

    **** No section assigned to this execution region ****


    Execution Region RW_IRAM2 (Exec base: 0x24000000, Load base: 0x08006a74, Size: 0x00006050, Max: 0x00080000, ABSOLUTE)

    Exec Addr    Load Addr    Size         Type   Attr      Idx    E Section Name        Object

    0x24000000   0x08006a74   0x0000002c   Data   RW           13    .data               main.o
    0x2400002c   0x08006aa0   0x00000008   Data   RW          489    .data               system_stm32h7xx.o
    0x24000034   0x08006aa8   0x00000006   Data   RW          575    .data               delay.o
    0x2400003a   0x08006aae   0x00000002   PAD
    0x2400003c   0x08006ab0   0x00000007   Data   RW          696    .data               usart.o
    0x24000043   0x08006ab7   0x00000001   PAD
    0x24000044   0x08006ab8   0x00000009   Data   RW          807    .data               stm32h7xx_hal.o
    0x2400004d   0x08006ac1   0x00000003   PAD
    0x24000050   0x08006ac4   0x0000003c   Data   RW         3940    .data               tasks.o
    0x2400008c   0x08006b00   0x00000014   Data   RW         4282    .data               timers.o
    0x240000a0   0x08006b14   0x0000000c   Data   RW         4417    .data               port.o
    0x240000ac   0x08006b20   0x00000018   Data   RW         4509    .data               heap_4.o
    0x240000c4   0x08006b38   0x00000028   Data   RW         5553    .data               kmfillter.o
    0x240000ec        -       0x00000424   Zero   RW           11    .bss                main.o
    0x24000510        -       0x00000148   Zero   RW          694    .bss                usart.o
    0x24000658        -       0x00000040   Zero   RW         3666    .bss                queue.o
    0x24000698        -       0x000002e4   Zero   RW         3938    .bss                tasks.o
    0x2400097c        -       0x00000028   Zero   RW         4280    .bss                timers.o
    0x240009a4        -       0x00005000   Zero   RW         4507    .bss                heap_4.o
    0x240059a4        -       0x0000004c   Zero   RW         5469    .bss                i2c.o
    0x240059f0        -       0x00000060   Zero   RW         5694    .bss                c_w.l(libspace.o)
    0x24005a50        -       0x00000200   Zero   RW          561    HEAP                startup_stm32h750xx.o
    0x24005c50        -       0x00000400   Zero   RW          560    STACK               startup_stm32h750xx.o


==============================================================================

Image component sizes


      Code (inc. data)   RO Data    RW Data    ZI Data      Debug   Object Name

        84         10          0          6          0       1291   delay.o
         0          0          0          0          0      11628   event_groups.o
       752        176          0         24      20480       4023   heap_4.o
       200         42          0          0         76       1741   i2c.o
       200         38          0         40          0        889   kmfillter.o
        88          8          0          0          0        947   led.o
       148          0          0          0          0       3218   list.o
      1356         12          0          0          0      15687   lsm9ds1_reg.o
       928        182          0         44       1060    1221073   main.o
      1146        410          0         12          0      10761   port.o
      2168        238          0          0         64      15657   queue.o
       262          4          0          0          0       1595   scope.o
        64         26        664          0       1536        816   startup_stm32h750xx.o
       136         24          0          9          0       3457   stm32h7xx_hal.o
       342         22          0          0          0      39249   stm32h7xx_hal_cortex.o
       248         12          0          0          0       2163   stm32h7xx_hal_dma.o
       598         54          0          0          0       2552   stm32h7xx_hal_gpio.o
      1862         34          0          0          0      11850   stm32h7xx_hal_i2c.o
         2          0          0          0          0        430   stm32h7xx_hal_msp.o
      3048         86          0          0          0       5984   stm32h7xx_hal_rcc.o
      1212         70          0          0          0       3571   stm32h7xx_hal_rcc_ex.o
      4094        140         48          0          0      12672   stm32h7xx_hal_uart.o
         2          0          0          0          0       1056   stm32h7xx_hal_uart_ex.o
        20          0          0          0          0       2597   stm32h7xx_it.o
       556         30          0          0          0      37317   sys.o
       148         18         64          8          0       1310   system_stm32h7xx.o
      3410        878          0         60        740      29051   tasks.o
      1310        312          0         20         40       8739   timers.o
       456         62          0          7        328       5489   usart.o

    ----------------------------------------------------------------------
     24864       2888        810        236      24324    1456813   Object Totals
         0          0         32          0          0          0   (incl. Generated)
        24          0          2          6          0          0   (incl. Padding)

    ----------------------------------------------------------------------

      Code (inc. data)   RO Data    RW Data    ZI Data      Debug   Library Member Name

         8          0          0          0          0         68   __main.o
       104          0          0          0          0         84   __printf.o
         0          0          0          0          0          0   __rtentry.o
        12          0          0          0          0          0   __rtentry2.o
         6          0          0          0          0          0   __rtentry4.o
        52          8          0          0          0          0   __scatter.o
        26          0          0          0          0          0   __scatter_copy.o
        28          0          0          0          0          0   __scatter_zi.o
        44          0          0          0          0        108   _printf_char.o
        48          6          0          0          0         96   _printf_char_common.o
        36          4          0          0          0         80   _printf_char_file.o
         6          0          0          0          0          0   _printf_d.o
       120         16          0          0          0         92   _printf_dec.o
       178          0          0          0          0         88   _printf_intcommon.o
         0          0          0          0          0          0   _printf_percent.o
         4          0          0          0          0          0   _printf_percent_end.o
         6          0          0          0          0          0   _printf_s.o
        82          0          0          0          0         80   _printf_str.o
        16          0          0          0          0         68   aeabi_memset.o
        18          0          0          0          0         80   exit.o
         8          0          0          0          0         68   ferror.o
         6          0          0          0          0        152   heapauxi.o
         2          0          0          0          0          0   libinit.o
         6          0          0          0          0          0   libinit2.o
         2          0          0          0          0          0   libshutdown.o
         2          0          0          0          0          0   libshutdown2.o
         8          4          0          0         96         68   libspace.o
       238          0          0          0          0        100   lludivv7m.o
        24          4          0          0          0         84   noretval__2printf.o
        68          0          0          0          0         68   rt_memclr.o
        78          0          0          0          0         80   rt_memclr_w.o
       138          0          0          0          0         68   rt_memcpy_v6.o
       100          0          0          0          0         80   rt_memcpy_w.o
         2          0          0          0          0          0   rtexit.o
        10          0          0          0          0          0   rtexit2.o
        74          0          0          0          0         80   sys_stackheap_outer.o
        10          0          0          0          0        116   fpinit.o

    ----------------------------------------------------------------------
      1578         42          0          0         96       1808   Library Totals
         8          0          0          0          0          0   (incl. Padding)

    ----------------------------------------------------------------------

      Code (inc. data)   RO Data    RW Data    ZI Data      Debug   Library Name

      1560         42          0          0         96       1692   c_w.l
        10          0          0          0          0        116   fz_wv.l

    ----------------------------------------------------------------------
      1578         42          0          0         96       1808   Library Totals

    ----------------------------------------------------------------------

==============================================================================


      Code (inc. data)   RO Data    RW Data    ZI Data      Debug   

     26442       2930        810        236      24420    1441089   Grand Totals
     26442       2930        810        236      24420    1441089   ELF Image Totals
     26442       2930        810        236          0          0   ROM Totals

==============================================================================

    Total RO  Size (Code + RO Data)                27252 (  26.61kB)
    Total RW  Size (RW Data + ZI Data)             24656 (  24.08kB)
    Total ROM Size (Code + RO Data + RW Data)      27488 (  26.84kB)

==============================================================================

