<html>
<body>
<pre>
<h1>µVision Build Log</h1>
<h2>Tool Versions:</h2>
IDE-Version: µVision V5.27.0.0
Copyright (C) 2018 ARM Ltd and ARM Germany GmbH. All rights reserved.
License Information: hu 86130, hu, LIC=W96DY-I94VP-68KFC-7P9QZ-I1FVB-QUPEZ
 
Tool Versions:
Toolchain:       MDK-ARM Professional  Version: 5.27.0.0
Toolchain Path:  C:\Keil_v5\ARM\ARMCC\Bin
C Compiler:      Armcc.exe V5.06 update 6 (build 750)
Assembler:       Armasm.exe V5.06 update 6 (build 750)
Linker/Locator:  ArmLink.exe V5.06 update 6 (build 750)
Library Manager: ArmAr.exe V5.06 update 6 (build 750)
Hex Converter:   FromElf.exe V5.06 update 6 (build 750)
CPU DLL:         SARMCM3.DLL V5.27.0.0
Dialog DLL:      DCM.DLL V1.17.2.0
Target DLL:      Segger\JL2CM3.dll V2.99.34.0
Dialog DLL:      TCM.DLL V1.36.1.0
 
<h2>Project:</h2>
D:\research\IMU\node\Firmware\USER\UART.uvprojx
Project File Date:  07/11/2019

<h2>Output:</h2>
*** Using Compiler 'V5.06 update 6 (build 750)', folder: 'C:\Keil_v5\ARM\ARMCC\Bin'
Build target 'UART'
compiling main.c...
main.c(27): warning:  #177-D: variable "len"  was declared but never referenced
  	u8 len;	
main.c(28): warning:  #177-D: variable "times"  was declared but never referenced
  	u16 times=0; 
main.c(73): warning:  #177-D: variable "i"  was declared but never referenced
  	static int i =0;
main.c: 3 warnings, 0 errors
linking...
Program Size: Code=21962 RO-data=810 RW-data=168 ZI-data=23288  
FromELF: creating hex file...
"..\OBJ\UART.axf" - 0 Error(s), 3 Warning(s).

<h2>Software Packages used:</h2>

Package Vendor: Keil
                https://www.keil.com/pack/Keil.STM32H7xx_DFP.2.3.0.pack
                Keil.STM32H7xx_DFP.2.3.0
                STMicroelectronics STM32H7 Series Device Support and Examples

<h2>Collection of Component include folders:</h2>
  .\RTE\_UART
  C:\Keil_v5\ARM\PACK\Keil\STM32H7xx_DFP\2.3.0\Drivers\CMSIS\Device\ST\STM32H7xx\Include

<h2>Collection of Component Files used:</h2>
Build Time Elapsed:  00:00:02
</pre>
</body>
</html>
