Component: ARM Compiler 5.06 update 6 (build 750) Tool: armlink [4d35ed]

==============================================================================

Section Cross References

    main.o(i.LED0Task) refers to noretval__2printf.o(.text) for __2printf
    main.o(i.LED0Task) refers to stm32h7xx_hal_gpio.o(i.HAL_GPIO_TogglePin) for HAL_GPIO_TogglePin
    main.o(i.LED0Task) refers to tasks.o(i.vTaskDelay) for vTaskDelay
    main.o(i.LED1Task) refers to noretval__2printf.o(.text) for __2printf
    main.o(i.LED1Task) refers to stm32h7xx_hal_gpio.o(i.HAL_GPIO_WritePin) for HAL_GPIO_WritePin
    main.o(i.LED1Task) refers to tasks.o(i.vTaskDelay) for vTaskDelay
    main.o(i.StartTask) refers to port.o(i.vPortEnterCritical) for vPortEnterCritical
    main.o(i.StartTask) refers to tasks.o(i.xTaskCreate) for xTaskCreate
    main.o(i.StartTask) refers to tasks.o(i.vTaskDelete) for vTaskDelete
    main.o(i.StartTask) refers to port.o(i.vPortExitCritical) for vPortExitCritical
    main.o(i.StartTask) refers to main.o(.data) for LED0TaskHanhler
    main.o(i.StartTask) refers to main.o(i.LED0Task) for LED0Task
    main.o(i.StartTask) refers to main.o(i.LED1Task) for LED1Task
    main.o(i.main) refers to _printf_pad.o(.text) for _printf_pre_padding
    main.o(i.main) refers to _printf_percent.o(.ARM.Collect$$_printf_percent$$00000000) for _printf_percent
    main.o(i.main) refers to _printf_f.o(.ARM.Collect$$_printf_percent$$00000003) for _printf_f
    main.o(i.main) refers to printf1.o(x$fpl$printf1) for _printf_fp_dec
    main.o(i.main) refers to _printf_s.o(.ARM.Collect$$_printf_percent$$00000014) for _printf_s
    main.o(i.main) refers to _printf_str.o(.text) for _printf_str
    main.o(i.main) refers to sys.o(i.Cache_Enable) for Cache_Enable
    main.o(i.main) refers to stm32h7xx_hal.o(i.HAL_Init) for HAL_Init
    main.o(i.main) refers to sys.o(i.Stm32_Clock_Init) for Stm32_Clock_Init
    main.o(i.main) refers to delay.o(i.delay_init) for delay_init
    main.o(i.main) refers to usart.o(i.uart_init) for uart_init
    main.o(i.main) refers to led.o(i.LED_Init) for LED_Init
    main.o(i.main) refers to noretval__2printf.o(.text) for __2printf
    main.o(i.main) refers to main.o(i.platform_init) for platform_init
    main.o(i.main) refers to lsm9ds1_reg.o(i.lsm9ds1_dev_id_get) for lsm9ds1_dev_id_get
    main.o(i.main) refers to lsm9ds1_reg.o(i.lsm9ds1_dev_reset_set) for lsm9ds1_dev_reset_set
    main.o(i.main) refers to lsm9ds1_reg.o(i.lsm9ds1_dev_reset_get) for lsm9ds1_dev_reset_get
    main.o(i.main) refers to lsm9ds1_reg.o(i.lsm9ds1_block_data_update_set) for lsm9ds1_block_data_update_set
    main.o(i.main) refers to lsm9ds1_reg.o(i.lsm9ds1_xl_full_scale_set) for lsm9ds1_xl_full_scale_set
    main.o(i.main) refers to lsm9ds1_reg.o(i.lsm9ds1_gy_full_scale_set) for lsm9ds1_gy_full_scale_set
    main.o(i.main) refers to lsm9ds1_reg.o(i.lsm9ds1_mag_full_scale_set) for lsm9ds1_mag_full_scale_set
    main.o(i.main) refers to lsm9ds1_reg.o(i.lsm9ds1_xl_filter_aalias_bandwidth_set) for lsm9ds1_xl_filter_aalias_bandwidth_set
    main.o(i.main) refers to lsm9ds1_reg.o(i.lsm9ds1_xl_filter_lp_bandwidth_set) for lsm9ds1_xl_filter_lp_bandwidth_set
    main.o(i.main) refers to lsm9ds1_reg.o(i.lsm9ds1_xl_filter_out_path_set) for lsm9ds1_xl_filter_out_path_set
    main.o(i.main) refers to lsm9ds1_reg.o(i.lsm9ds1_gy_filter_lp_bandwidth_set) for lsm9ds1_gy_filter_lp_bandwidth_set
    main.o(i.main) refers to lsm9ds1_reg.o(i.lsm9ds1_gy_filter_hp_bandwidth_set) for lsm9ds1_gy_filter_hp_bandwidth_set
    main.o(i.main) refers to lsm9ds1_reg.o(i.lsm9ds1_gy_filter_out_path_set) for lsm9ds1_gy_filter_out_path_set
    main.o(i.main) refers to lsm9ds1_reg.o(i.lsm9ds1_imu_data_rate_set) for lsm9ds1_imu_data_rate_set
    main.o(i.main) refers to lsm9ds1_reg.o(i.lsm9ds1_mag_data_rate_set) for lsm9ds1_mag_data_rate_set
    main.o(i.main) refers to lsm9ds1_reg.o(i.lsm9ds1_dev_status_get) for lsm9ds1_dev_status_get
    main.o(i.main) refers to lsm9ds1_reg.o(i.lsm9ds1_acceleration_raw_get) for lsm9ds1_acceleration_raw_get
    main.o(i.main) refers to lsm9ds1_reg.o(i.lsm9ds1_angular_rate_raw_get) for lsm9ds1_angular_rate_raw_get
    main.o(i.main) refers to lsm9ds1_reg.o(i.lsm9ds1_from_fs4g_to_mg) for lsm9ds1_from_fs4g_to_mg
    main.o(i.main) refers to lsm9ds1_reg.o(i.lsm9ds1_from_fs2000dps_to_mdps) for lsm9ds1_from_fs2000dps_to_mdps
    main.o(i.main) refers to noretval__2sprintf.o(.text) for __2sprintf
    main.o(i.main) refers to lsm9ds1_reg.o(i.lsm9ds1_magnetic_raw_get) for lsm9ds1_magnetic_raw_get
    main.o(i.main) refers to lsm9ds1_reg.o(i.lsm9ds1_from_fs16gauss_to_mG) for lsm9ds1_from_fs16gauss_to_mG
    main.o(i.main) refers to main.o(i.platform_write) for platform_write
    main.o(i.main) refers to main.o(.bss) for dev_ctx_mag
    main.o(i.main) refers to main.o(i.platform_read) for platform_read
    main.o(i.main) refers to main.o(.data) for i2c_add_mag
    main.o(i.platform_init) refers to i2c.o(i.MX_I2C1_Init) for MX_I2C1_Init
[...]
    i.HAL_UART_RxCpltCallback                0x080035f8   Section        0  usart.o(i.HAL_UART_RxCpltCallback)
    i.HAL_UART_TxCpltCallback                0x08003680   Section        0  stm32h7xx_hal_uart.o(i.HAL_UART_TxCpltCallback)
    i.HardFault_Handler                      0x08003682   Section        0  stm32h7xx_it.o(i.HardFault_Handler)
    i.I2C_Flush_TXDR                         0x08003686   Section        0  stm32h7xx_hal_i2c.o(i.I2C_Flush_TXDR)
    I2C_Flush_TXDR                           0x08003687   Thumb Code    40  stm32h7xx_hal_i2c.o(i.I2C_Flush_TXDR)
    i.I2C_IsAcknowledgeFailed                0x080036b0   Section        0  stm32h7xx_hal_i2c.o(i.I2C_IsAcknowledgeFailed)
    I2C_IsAcknowledgeFailed                  0x080036b1   Thumb Code   136  stm32h7xx_hal_i2c.o(i.I2C_IsAcknowledgeFailed)
    i.I2C_RequestMemoryRead                  0x0800373c   Section        0  stm32h7xx_hal_i2c.o(i.I2C_RequestMemoryRead)
    I2C_RequestMemoryRead                    0x0800373d   Thumb Code   138  stm32h7xx_hal_i2c.o(i.I2C_RequestMemoryRead)
    i.I2C_RequestMemoryWrite                 0x080037cc   Section        0  stm32h7xx_hal_i2c.o(i.I2C_RequestMemoryWrite)
    I2C_RequestMemoryWrite                   0x080037cd   Thumb Code   138  stm32h7xx_hal_i2c.o(i.I2C_RequestMemoryWrite)
    i.I2C_TransferConfig                     0x0800385c   Section        0  stm32h7xx_hal_i2c.o(i.I2C_TransferConfig)
    I2C_TransferConfig                       0x0800385d   Thumb Code    52  stm32h7xx_hal_i2c.o(i.I2C_TransferConfig)
    i.I2C_WaitOnFlagUntilTimeout             0x08003890   Section        0  stm32h7xx_hal_i2c.o(i.I2C_WaitOnFlagUntilTimeout)
    I2C_WaitOnFlagUntilTimeout               0x08003891   Thumb Code    86  stm32h7xx_hal_i2c.o(i.I2C_WaitOnFlagUntilTimeout)
    i.I2C_WaitOnSTOPFlagUntilTimeout         0x080038e6   Section        0  stm32h7xx_hal_i2c.o(i.I2C_WaitOnSTOPFlagUntilTimeout)
    I2C_WaitOnSTOPFlagUntilTimeout           0x080038e7   Thumb Code    86  stm32h7xx_hal_i2c.o(i.I2C_WaitOnSTOPFlagUntilTimeout)
    i.I2C_WaitOnTXISFlagUntilTimeout         0x0800393c   Section        0  stm32h7xx_hal_i2c.o(i.I2C_WaitOnTXISFlagUntilTimeout)
    I2C_WaitOnTXISFlagUntilTimeout           0x0800393d   Thumb Code    90  stm32h7xx_hal_i2c.o(i.I2C_WaitOnTXISFlagUntilTimeout)
    i.LED_Init                               0x08003998   Section        0  led.o(i.LED_Init)
    i.MX_I2C1_Init                           0x080039f0   Section        0  i2c.o(i.MX_I2C1_Init)
    i.MemManage_Handler                      0x08003a38   Section        0  stm32h7xx_it.o(i.MemManage_Handler)
    i.NMI_Handler                            0x08003a3c   Section        0  stm32h7xx_it.o(i.NMI_Handler)
    i.SCB_EnableDCache                       0x08003a40   Section        0  sys.o(i.SCB_EnableDCache)
    SCB_EnableDCache                         0x08003a41   Thumb Code   148  sys.o(i.SCB_EnableDCache)
    i.SCB_EnableICache                       0x08003adc   Section        0  sys.o(i.SCB_EnableICache)
    SCB_EnableICache                         0x08003add   Thumb Code   116  sys.o(i.SCB_EnableICache)
    i.Stm32_Clock_Init                       0x08003b58   Section        0  sys.o(i.Stm32_Clock_Init)
    i.SysTick_Handler                        0x08003c50   Section        0  delay.o(i.SysTick_Handler)
    i.SystemInit                             0x08003c60   Section        0  system_stm32h7xx.o(i.SystemInit)
    i.UART_AdvFeatureConfig                  0x08003cf4   Section        0  stm32h7xx_hal_uart.o(i.UART_AdvFeatureConfig)
    i.UART_CheckIdleState                    0x08003dde   Section        0  stm32h7xx_hal_uart.o(i.UART_CheckIdleState)
    i.UART_DMAAbortOnError                   0x08003e52   Section        0  stm32h7xx_hal_uart.o(i.UART_DMAAbortOnError)
    UART_DMAAbortOnError                     0x08003e53   Thumb Code    24  stm32h7xx_hal_uart.o(i.UART_DMAAbortOnError)
    i.UART_EndRxTransfer                     0x08003e6a   Section        0  stm32h7xx_hal_uart.o(i.UART_EndRxTransfer)
    UART_EndRxTransfer                       0x08003e6b   Thumb Code    32  stm32h7xx_hal_uart.o(i.UART_EndRxTransfer)
    i.UART_EndTransmit_IT                    0x08003e8a   Section        0  stm32h7xx_hal_uart.o(i.UART_EndTransmit_IT)
    UART_EndTransmit_IT                      0x08003e8b   Thumb Code    32  stm32h7xx_hal_uart.o(i.UART_EndTransmit_IT)
    i.UART_Receive_IT                        0x08003eaa   Section        0  stm32h7xx_hal_uart.o(i.UART_Receive_IT)
    UART_Receive_IT                          0x08003eab   Thumb Code   138  stm32h7xx_hal_uart.o(i.UART_Receive_IT)
    i.UART_SetConfig                         0x08003f34   Section        0  stm32h7xx_hal_uart.o(i.UART_SetConfig)
    i.UART_Transmit_IT                       0x080048d8   Section        0  stm32h7xx_hal_uart.o(i.UART_Transmit_IT)
    UART_Transmit_IT                         0x080048d9   Thumb Code   130  stm32h7xx_hal_uart.o(i.UART_Transmit_IT)
    i.UART_WaitOnFlagUntilTimeout            0x0800495a   Section        0  stm32h7xx_hal_uart.o(i.UART_WaitOnFlagUntilTimeout)
    i.USART1_IRQHandler                      0x080049c8   Section        0  usart.o(i.USART1_IRQHandler)
    i.UsageFault_Handler                     0x08004a18   Section        0  stm32h7xx_it.o(i.UsageFault_Handler)
    i.__ARM_fpclassify                       0x08004a1c   Section        0  fpclassify.o(i.__ARM_fpclassify)
    i.__NVIC_GetPriorityGrouping             0x08004a4c   Section        0  stm32h7xx_hal_cortex.o(i.__NVIC_GetPriorityGrouping)
    __NVIC_GetPriorityGrouping               0x08004a4d   Thumb Code    10  stm32h7xx_hal_cortex.o(i.__NVIC_GetPriorityGrouping)
    i.__NVIC_SetPriority                     0x08004a5c   Section        0  stm32h7xx_hal_cortex.o(i.__NVIC_SetPriority)
    __NVIC_SetPriority                       0x08004a5d   Thumb Code    32  stm32h7xx_hal_cortex.o(i.__NVIC_SetPriority)
    i._is_digit                              0x08004a84   Section        0  __printf_wp.o(i._is_digit)
    i._sys_exit                              0x08004a92   Section        0  usart.o(i._sys_exit)
    i.delay_init                             0x08004a98   Section        0  delay.o(i.delay_init)
    i.fputc                                  0x08004adc   Section        0  usart.o(i.fputc)
    i.lsm9ds1_acceleration_raw_get           0x08004af8   Section        0  lsm9ds1_reg.o(i.lsm9ds1_acceleration_raw_get)
    i.lsm9ds1_angular_rate_raw_get           0x08004b10   Section        0  lsm9ds1_reg.o(i.lsm9ds1_angular_rate_raw_get)
    i.lsm9ds1_block_data_update_set          0x08004b28   Section        0  lsm9ds1_reg.o(i.lsm9ds1_block_data_update_set)
    i.lsm9ds1_dev_id_get                     0x08004b96   Section        0  lsm9ds1_reg.o(i.lsm9ds1_dev_id_get)
    i.lsm9ds1_dev_reset_get                  0x08004bc4   Section        0  lsm9ds1_reg.o(i.lsm9ds1_dev_reset_get)
    i.lsm9ds1_dev_reset_set                  0x08004c02   Section        0  lsm9ds1_reg.o(i.lsm9ds1_dev_reset_set)
    i.lsm9ds1_dev_status_get                 0x08004c64   Section        0  lsm9ds1_reg.o(i.lsm9ds1_dev_status_get)
    i.lsm9ds1_from_fs16gauss_to_mG           0x08004c94   Section        0  lsm9ds1_reg.o(i.lsm9ds1_from_fs16gauss_to_mG)
    i.lsm9ds1_from_fs2000dps_to_mdps         0x08004cac   Section        0  lsm9ds1_reg.o(i.lsm9ds1_from_fs2000dps_to_mdps)
    i.lsm9ds1_from_fs4g_to_mg                0x08004cc4   Section        0  lsm9ds1_reg.o(i.lsm9ds1_from_fs4g_to_mg)
    i.lsm9ds1_gy_filter_hp_bandwidth_set     0x08004cdc   Section        0  lsm9ds1_reg.o(i.lsm9ds1_gy_filter_hp_bandwidth_set)
    i.lsm9ds1_gy_filter_lp_bandwidth_set     0x08004d0e   Section        0  lsm9ds1_reg.o(i.lsm9ds1_gy_filter_lp_bandwidth_set)
    i.lsm9ds1_gy_filter_out_path_set         0x08004d40   Section        0  lsm9ds1_reg.o(i.lsm9ds1_gy_filter_out_path_set)
    i.lsm9ds1_gy_full_scale_set              0x08004d9e   Section        0  lsm9ds1_reg.o(i.lsm9ds1_gy_full_scale_set)
    i.lsm9ds1_imu_data_rate_set              0x08004dd0   Section        0  lsm9ds1_reg.o(i.lsm9ds1_imu_data_rate_set)
    i.lsm9ds1_mag_data_rate_set              0x08004e5a   Section        0  lsm9ds1_reg.o(i.lsm9ds1_mag_data_rate_set)
    i.lsm9ds1_mag_full_scale_set             0x08004f08   Section        0  lsm9ds1_reg.o(i.lsm9ds1_mag_full_scale_set)
    i.lsm9ds1_magnetic_raw_get               0x08004f3a   Section        0  lsm9ds1_reg.o(i.lsm9ds1_magnetic_raw_get)
    i.lsm9ds1_read_reg                       0x08004f52   Section        0  lsm9ds1_reg.o(i.lsm9ds1_read_reg)
    i.lsm9ds1_write_reg                      0x08004f72   Section        0  lsm9ds1_reg.o(i.lsm9ds1_write_reg)
    i.lsm9ds1_xl_filter_aalias_bandwidth_set 0x08004f94   Section        0  lsm9ds1_reg.o(i.lsm9ds1_xl_filter_aalias_bandwidth_set)
    i.lsm9ds1_xl_filter_lp_bandwidth_set     0x08004fd2   Section        0  lsm9ds1_reg.o(i.lsm9ds1_xl_filter_lp_bandwidth_set)
    i.lsm9ds1_xl_filter_out_path_set         0x08005012   Section        0  lsm9ds1_reg.o(i.lsm9ds1_xl_filter_out_path_set)
    i.lsm9ds1_xl_full_scale_set              0x08005044   Section        0  lsm9ds1_reg.o(i.lsm9ds1_xl_full_scale_set)
    i.main                                   0x08005078   Section        0  main.o(i.main)
    i.platform_init                          0x080053b0   Section        0  main.o(i.platform_init)
    i.platform_read                          0x080053b8   Section        0  main.o(i.platform_read)
    i.platform_write                         0x080053e8   Section        0  main.o(i.platform_write)
    i.prvResetNextTaskUnblockTime            0x08005418   Section        0  tasks.o(i.prvResetNextTaskUnblockTime)
    prvResetNextTaskUnblockTime              0x08005419   Thumb Code    42  tasks.o(i.prvResetNextTaskUnblockTime)
    i.uart_init                              0x0800544c   Section        0  usart.o(i.uart_init)
    i.uxListRemove                           0x08005484   Section        0  list.o(i.uxListRemove)
    i.vListInsertEnd                         0x080054ac   Section        0  list.o(i.vListInsertEnd)
    i.vTaskSwitchContext                     0x080054c4   Section        0  tasks.o(i.vTaskSwitchContext)
    i.xPortSysTickHandler                    0x0800556c   Section        0  port.o(i.xPortSysTickHandler)
    i.xTaskGetSchedulerState                 0x080055a4   Section        0  tasks.o(i.xTaskGetSchedulerState)
    i.xTaskIncrementTick                     0x080055c4   Section        0  tasks.o(i.xTaskIncrementTick)
    locale$$code                             0x08005724   Section       44  lc_numeric_c.o(locale$$code)
    x$fpl$fpinit                             0x08005750   Section       10  fpinit.o(x$fpl$fpinit)
    $v0                                      0x08005750   Number         0  fpinit.o(x$fpl$fpinit)
    x$fpl$printf1                            0x0800575a   Section        4  printf1.o(x$fpl$printf1)
    $v0                                      0x0800575a   Number         0  printf1.o(x$fpl$printf1)
    .constdata                               0x0800575e   Section       64  system_stm32h7xx.o(.constdata)
    x$fpl$usenofp                            0x0800575e   Section        0  usenofp.o(x$fpl$usenofp)
    UARTPrescTable                           0x0800575e   Data          24  system_stm32h7xx.o(.constdata)
    USARTPrescTable                          0x08005776   Data          24  system_stm32h7xx.o(.constdata)
    .constdata                               0x0800579e   Section       48  stm32h7xx_hal_uart.o(.constdata)
    UARTPrescTable                           0x0800579e   Data          24  stm32h7xx_hal_uart.o(.constdata)
    USARTPrescTable                          0x080057b6   Data          24  stm32h7xx_hal_uart.o(.constdata)
    .constdata                               0x080057d0   Section      148  bigflt0.o(.constdata)
    tenpwrs_x                                0x080057d0   Data          60  bigflt0.o(.constdata)
    tenpwrs_i                                0x0800580c   Data          64  bigflt0.o(.constdata)
    locale$$data                             0x08005884   Section       28  lc_numeric_c.o(locale$$data)
    __lcnum_c_name                           0x08005888   Data           2  lc_numeric_c.o(locale$$data)
    __lcnum_c_start                          0x08005890   Data           0  lc_numeric_c.o(locale$$data)
    __lcnum_c_point                          0x0800589c   Data           0  lc_numeric_c.o(locale$$data)
    __lcnum_c_thousands                      0x0800589e   Data           0  lc_numeric_c.o(locale$$data)
    __lcnum_c_grouping                       0x0800589f   Data           0  lc_numeric_c.o(locale$$data)
    __lcnum_c_end                            0x080058a0   Data           0  lc_numeric_c.o(locale$$data)
    .data                                    0x24000000   Section       44  main.o(.data)
    data_raw_acceleration                    0x24000000   Data           6  main.o(.data)
    data_raw_angular_rate                    0x24000006   Data           6  main.o(.data)
    data_raw_magnetic_field                  0x2400000c   Data           6  main.o(.data)
    whoamI                                   0x24000012   Data           2  main.o(.data)
    reg                                      0x24000014   Data           2  main.o(.data)
    rst                                      0x24000016   Data           1  main.o(.data)
    i                                        0x24000028   Data           4  main.o(.data)
    .data                                    0x2400002c   Section        8  system_stm32h7xx.o(.data)
    .data                                    0x24000034   Section        6  delay.o(.data)
    fac_us                                   0x24000034   Data           4  delay.o(.data)
    fac_ms                                   0x24000038   Data           2  delay.o(.data)
    .data                                    0x2400003c   Section        7  usart.o(.data)
    .data                                    0x24000044   Section        9  stm32h7xx_hal.o(.data)
    uwTick                                   0x24000044   Data           4  stm32h7xx_hal.o(.data)
    uwTickPrio                               0x24000048   Data           4  stm32h7xx_hal.o(.data)
    uwTickFreq                               0x2400004c   Data           1  stm32h7xx_hal.o(.data)
    .data                                    0x24000050   Section       60  tasks.o(.data)
    pxDelayedTaskList                        0x24000054   Data           4  tasks.o(.data)
    pxOverflowDelayedTaskList                0x24000058   Data           4  tasks.o(.data)
    uxDeletedTasksWaitingCleanUp             0x2400005c   Data           4  tasks.o(.data)
    uxCurrentNumberOfTasks                   0x24000060   Data           4  tasks.o(.data)
    xTickCount                               0x24000064   Data           4  tasks.o(.data)
    uxTopReadyPriority                       0x24000068   Data           4  tasks.o(.data)
    xSchedulerRunning                        0x2400006c   Data           4  tasks.o(.data)
    uxPendedTicks                            0x24000070   Data           4  tasks.o(.data)
    xYieldPending                            0x24000074   Data           4  tasks.o(.data)
    xNumOfOverflows                          0x24000078   Data           4  tasks.o(.data)
    uxTaskNumber                             0x2400007c   Data           4  tasks.o(.data)
    xNextTaskUnblockTime                     0x24000080   Data           4  tasks.o(.data)
    xIdleTaskHandle                          0x24000084   Data           4  tasks.o(.data)
    uxSchedulerSuspended                     0x24000088   Data           4  tasks.o(.data)
    .bss                                     0x2400008c   Section     1060  main.o(.bss)
    acceleration_mg                          0x2400008c   Data          12  main.o(.bss)
    angular_rate_mdps                        0x24000098   Data          12  main.o(.bss)
    magnetic_field_mgauss                    0x240000a4   Data          12  main.o(.bss)
    tx_buffer                                0x240000b0   Data        1000  main.o(.bss)
    .bss                                     0x240004b0   Section      328  usart.o(.bss)
    .bss                                     0x240005f8   Section      740  tasks.o(.bss)
    pxReadyTasksLists                        0x240005f8   Data         640  tasks.o(.bss)
    xDelayedTaskList1                        0x24000878   Data          20  tasks.o(.bss)
    xDelayedTaskList2                        0x2400088c   Data          20  tasks.o(.bss)
    xPendingReadyList                        0x240008a0   Data          20  tasks.o(.bss)
    xTasksWaitingTermination                 0x240008b4   Data          20  tasks.o(.bss)
    xSuspendedTaskList                       0x240008c8   Data          20  tasks.o(.bss)
    .bss                                     0x240008dc   Section       76  i2c.o(.bss)
    .bss                                     0x24000928   Section       96  libspace.o(.bss)
    HEAP                                     0x24000988   Section      512  startup_stm32h750xx.o(HEAP)
    Heap_Mem                                 0x24000988   Data         512  startup_stm32h750xx.o(HEAP)
    STACK                                    0x24000b88   Section     1024  startup_stm32h750xx.o(STACK)
    Stack_Mem                                0x24000b88   Data        1024  startup_stm32h750xx.o(STACK)
    __initial_sp                             0x24000f88   Data           0  startup_stm32h750xx.o(STACK)

    Global Symbols

    Symbol Name                              Value     Ov Type        Size  Object(Section)

    BuildAttributes$$THM_ISAv4$E$P$D$K$B$S$7EM$VFPv5_D16$PE$PLD8$A:L22UL41UL21$X:L11$S22US41US21$IEEE1$IW$USESV6$~STKCKD$USESV7$~SHL$OTIME$ROPI$IEEEJ$EBA8$UX$STANDARDLIB$REQ8$PRES8$EABIv2 0x00000000   Number         0  anon$$obj.o ABSOLUTE
    __ARM_use_no_argv                        0x00000000   Number         0  main.o ABSOLUTE
    _printf_flags                            0x00000000   Number         0  printf_stubs.o ABSOLUTE
    _printf_return_value                     0x00000000   Number         0  printf_stubs.o ABSOLUTE
    _printf_sizespec                         0x00000000   Number         0  printf_stubs.o ABSOLUTE
    _printf_widthprec                        0x00000000   Number         0  printf_stubs.o ABSOLUTE
    __ARM_exceptions_init                     - Undefined Weak Reference
    __alloca_initialize                       - Undefined Weak Reference
    __arm_preinit_                            - Undefined Weak Reference
    __cpp_initialize__aeabi_                  - Undefined Weak Reference
    __cxa_finalize                            - Undefined Weak Reference
    __sigvec_lookup                           - Undefined Weak Reference
    _atexit_init                              - Undefined Weak Reference
    _call_atexit_fns                          - Undefined Weak Reference
    _clock_init                               - Undefined Weak Reference
    _fp_trap_init                             - Undefined Weak Reference
    _fp_trap_shutdown                         - Undefined Weak Reference
    _get_lc_collate                           - Undefined Weak Reference
    _get_lc_ctype                             - Undefined Weak Reference
    _get_lc_monetary                          - Undefined Weak Reference
    _get_lc_time                              - Undefined Weak Reference
    _getenv_init                              - Undefined Weak Reference
    _handle_redirection                       - Undefined Weak Reference
    _init_alloc                               - Undefined Weak Reference
    _init_user_alloc                          - Undefined Weak Reference
    _initio                                   - Undefined Weak Reference
    _mutex_acquire                            - Undefined Weak Reference
    _mutex_release                            - Undefined Weak Reference
    _printf_mbtowc                            - Undefined Weak Reference
    _printf_truncate_signed                   - Undefined Weak Reference
    _printf_truncate_unsigned                 - Undefined Weak Reference
    _rand_init                                - Undefined Weak Reference
    _signal_finish                            - Undefined Weak Reference
    _signal_init                              - Undefined Weak Reference
    _terminate_alloc                          - Undefined Weak Reference
    _terminate_user_alloc                     - Undefined Weak Reference
    _terminateio                              - Undefined Weak Reference
    __Vectors_Size                           0x00000298   Number         0  startup_stm32h750xx.o ABSOLUTE
    __Vectors                                0x08000000   Data           4  startup_stm32h750xx.o(RESET)
    __Vectors_End                            0x08000298   Data           0  startup_stm32h750xx.o(RESET)
    __main                                   0x08000299   Thumb Code     8  __main.o(!!!main)
    __scatterload                            0x080002a1   Thumb Code     0  __scatter.o(!!!scatter)
    __scatterload_rt2                        0x080002a1   Thumb Code    44  __scatter.o(!!!scatter)
    __scatterload_rt2_thumb_only             0x080002a1   Thumb Code     0  __scatter.o(!!!scatter)
    __scatterload_null                       0x080002af   Thumb Code     0  __scatter.o(!!!scatter)
    __scatterload_copy                       0x080002d5   Thumb Code    26  __scatter_copy.o(!!handler_copy)
    __scatterload_zeroinit                   0x080002f1   Thumb Code    28  __scatter_zi.o(!!handler_zi)
    _printf_f                                0x0800030d   Thumb Code     0  _printf_f.o(.ARM.Collect$$_printf_percent$$00000003)
    _printf_percent                          0x0800030d   Thumb Code     0  _printf_percent.o(.ARM.Collect$$_printf_percent$$00000000)
    _printf_d                                0x08000313   Thumb Code     0  _printf_d.o(.ARM.Collect$$_printf_percent$$00000009)
    _printf_s                                0x08000319   Thumb Code     0  _printf_s.o(.ARM.Collect$$_printf_percent$$00000014)
    _printf_percent_end                      0x0800031f   Thumb Code     0  _printf_percent_end.o(.ARM.Collect$$_printf_percent$$00000017)
    __rt_lib_init                            0x08000323   Thumb Code     0  libinit.o(.ARM.Collect$$libinit$$00000000)
    __rt_lib_init_fp_1                       0x08000325   Thumb Code     0  libinit2.o(.ARM.Collect$$libinit$$00000001)
    __rt_lib_init_heap_1                     0x08000329   Thumb Code     0  libinit2.o(.ARM.Collect$$libinit$$0000000A)
    __rt_lib_init_lc_common                  0x08000329   Thumb Code     0  libinit2.o(.ARM.Collect$$libinit$$0000000F)
    __rt_lib_init_preinit_1                  0x08000329   Thumb Code     0  libinit2.o(.ARM.Collect$$libinit$$00000004)
    __rt_lib_init_rand_1                     0x08000329   Thumb Code     0  libinit2.o(.ARM.Collect$$libinit$$0000000E)
    __rt_lib_init_user_alloc_1               0x08000329   Thumb Code     0  libinit2.o(.ARM.Collect$$libinit$$0000000C)
    __rt_lib_init_lc_collate_1               0x0800032f   Thumb Code     0  libinit2.o(.ARM.Collect$$libinit$$00000011)
    __rt_lib_init_lc_ctype_1                 0x0800032f   Thumb Code     0  libinit2.o(.ARM.Collect$$libinit$$00000013)
    __rt_lib_init_lc_monetary_1              0x0800032f   Thumb Code     0  libinit2.o(.ARM.Collect$$libinit$$00000015)
    __rt_lib_init_lc_numeric_2               0x0800032f   Thumb Code     0  libinit2.o(.ARM.Collect$$libinit$$00000016)
    __rt_lib_init_alloca_1                   0x08000339   Thumb Code     0  libinit2.o(.ARM.Collect$$libinit$$0000002E)
    __rt_lib_init_argv_1                     0x08000339   Thumb Code     0  libinit2.o(.ARM.Collect$$libinit$$0000002C)
    __rt_lib_init_atexit_1                   0x08000339   Thumb Code     0  libinit2.o(.ARM.Collect$$libinit$$0000001B)
    __rt_lib_init_clock_1                    0x08000339   Thumb Code     0  libinit2.o(.ARM.Collect$$libinit$$00000021)
    __rt_lib_init_cpp_1                      0x08000339   Thumb Code     0  libinit2.o(.ARM.Collect$$libinit$$00000032)
    __rt_lib_init_exceptions_1               0x08000339   Thumb Code     0  libinit2.o(.ARM.Collect$$libinit$$00000030)
    __rt_lib_init_fp_trap_1                  0x08000339   Thumb Code     0  libinit2.o(.ARM.Collect$$libinit$$0000001F)
    __rt_lib_init_getenv_1                   0x08000339   Thumb Code     0  libinit2.o(.ARM.Collect$$libinit$$00000023)
    __rt_lib_init_lc_numeric_1               0x08000339   Thumb Code     0  libinit2.o(.ARM.Collect$$libinit$$00000017)
    __rt_lib_init_lc_time_1                  0x08000339   Thumb Code     0  libinit2.o(.ARM.Collect$$libinit$$00000019)
    __rt_lib_init_return                     0x08000339   Thumb Code     0  libinit2.o(.ARM.Collect$$libinit$$00000033)
    __rt_lib_init_signal_1                   0x08000339   Thumb Code     0  libinit2.o(.ARM.Collect$$libinit$$0000001D)
    __rt_lib_init_stdio_1                    0x08000339   Thumb Code     0  libinit2.o(.ARM.Collect$$libinit$$00000025)
    __rt_lib_shutdown                        0x0800033b   Thumb Code     0  libshutdown.o(.ARM.Collect$$libshutdown$$00000000)
    __rt_lib_shutdown_cpp_1                  0x0800033d   Thumb Code     0  libshutdown2.o(.ARM.Collect$$libshutdown$$00000002)
    __rt_lib_shutdown_fp_trap_1              0x0800033d   Thumb Code     0  libshutdown2.o(.ARM.Collect$$libshutdown$$00000007)
    __rt_lib_shutdown_heap_1                 0x0800033d   Thumb Code     0  libshutdown2.o(.ARM.Collect$$libshutdown$$0000000F)
    __rt_lib_shutdown_return                 0x0800033d   Thumb Code     0  libshutdown2.o(.ARM.Collect$$libshutdown$$00000010)
    __rt_lib_shutdown_signal_1               0x0800033d   Thumb Code     0  libshutdown2.o(.ARM.Collect$$libshutdown$$0000000A)
    __rt_lib_shutdown_stdio_1                0x0800033d   Thumb Code     0  libshutdown2.o(.ARM.Collect$$libshutdown$$00000004)
    __rt_lib_shutdown_user_alloc_1           0x0800033d   Thumb Code     0  libshutdown2.o(.ARM.Collect$$libshutdown$$0000000C)
    __rt_entry                               0x0800033f   Thumb Code     0  __rtentry.o(.ARM.Collect$$rtentry$$00000000)
    __rt_entry_presh_1                       0x0800033f   Thumb Code     0  __rtentry2.o(.ARM.Collect$$rtentry$$00000002)
    __rt_entry_sh                            0x0800033f   Thumb Code     0  __rtentry4.o(.ARM.Collect$$rtentry$$00000004)
    __rt_entry_li                            0x08000345   Thumb Code     0  __rtentry2.o(.ARM.Collect$$rtentry$$0000000A)
    __rt_entry_postsh_1                      0x08000345   Thumb Code     0  __rtentry2.o(.ARM.Collect$$rtentry$$00000009)
    __rt_entry_main                          0x08000349   Thumb Code     0  __rtentry2.o(.ARM.Collect$$rtentry$$0000000D)
    __rt_entry_postli_1                      0x08000349   Thumb Code     0  __rtentry2.o(.ARM.Collect$$rtentry$$0000000C)
    __rt_exit                                0x08000351   Thumb Code     0  rtexit.o(.ARM.Collect$$rtexit$$00000000)
    __rt_exit_ls                             0x08000353   Thumb Code     0  rtexit2.o(.ARM.Collect$$rtexit$$00000003)
    __rt_exit_prels_1                        0x08000353   Thumb Code     0  rtexit2.o(.ARM.Collect$$rtexit$$00000002)
    __rt_exit_exit                           0x08000357   Thumb Code     0  rtexit2.o(.ARM.Collect$$rtexit$$00000004)
    SVC_Handler                              0x0800035d   Thumb Code    28  port.o(.emb_text)
    __asm___6_port_c_39a90d8d__prvStartFirstTask 0x0800037d   Thumb Code    28  port.o(.emb_text)
    __asm___6_port_c_39a90d8d__prvEnableVFP  0x0800039d   Thumb Code    16  port.o(.emb_text)
    PendSV_Handler                           0x080003b1   Thumb Code    92  port.o(.emb_text)
    vPortGetIPSR                             0x08000411   Thumb Code     6  port.o(.emb_text)
    Reset_Handler                            0x08000419   Thumb Code     8  startup_stm32h750xx.o(.text)
    ADC3_IRQHandler                          0x08000433   Thumb Code     0  startup_stm32h750xx.o(.text)
    ADC_IRQHandler                           0x08000433   Thumb Code     0  startup_stm32h750xx.o(.text)
    BDMA_Channel0_IRQHandler                 0x08000433   Thumb Code     0  startup_stm32h750xx.o(.text)
    BDMA_Channel1_IRQHandler                 0x08000433   Thumb Code     0  startup_stm32h750xx.o(.text)
    BDMA_Channel2_IRQHandler                 0x08000433   Thumb Code     0  startup_stm32h750xx.o(.text)
    BDMA_Channel3_IRQHandler                 0x08000433   Thumb Code     0  startup_stm32h750xx.o(.text)
    BDMA_Channel4_IRQHandler                 0x08000433   Thumb Code     0  startup_stm32h750xx.o(.text)
    BDMA_Channel5_IRQHandler                 0x08000433   Thumb Code     0  startup_stm32h750xx.o(.text)
    BDMA_Channel6_IRQHandler                 0x08000433   Thumb Code     0  startup_stm32h750xx.o(.text)
    BDMA_Channel7_IRQHandler                 0x08000433   Thumb Code     0  startup_stm32h750xx.o(.text)
    CEC_IRQHandler                           0x08000433   Thumb Code     0  startup_stm32h750xx.o(.text)
    COMP1_IRQHandler                         0x08000433   Thumb Code     0  startup_stm32h750xx.o(.text)
    CRS_IRQHandler                           0x08000433   Thumb Code     0  startup_stm32h750xx.o(.text)
    CRYP_IRQHandler                          0x08000433   Thumb Code     0  startup_stm32h750xx.o(.text)
    DCMI_IRQHandler                          0x08000433   Thumb Code     0  startup_stm32h750xx.o(.text)
    DFSDM1_FLT0_IRQHandler                   0x08000433   Thumb Code     0  startup_stm32h750xx.o(.text)
    DFSDM1_FLT1_IRQHandler                   0x08000433   Thumb Code     0  startup_stm32h750xx.o(.text)
    DFSDM1_FLT2_IRQHandler                   0x08000433   Thumb Code     0  startup_stm32h750xx.o(.text)
    DFSDM1_FLT3_IRQHandler                   0x08000433   Thumb Code     0  startup_stm32h750xx.o(.text)
    DMA1_Stream0_IRQHandler                  0x08000433   Thumb Code     0  startup_stm32h750xx.o(.text)
    DMA1_Stream1_IRQHandler                  0x08000433   Thumb Code     0  startup_stm32h750xx.o(.text)
    DMA1_Stream2_IRQHandler                  0x08000433   Thumb Code     0  startup_stm32h750xx.o(.text)
    DMA1_Stream3_IRQHandler                  0x08000433   Thumb Code     0  startup_stm32h750xx.o(.text)
    DMA1_Stream4_IRQHandler                  0x08000433   Thumb Code     0  startup_stm32h750xx.o(.text)
    DMA1_Stream5_IRQHandler                  0x08000433   Thumb Code     0  startup_stm32h750xx.o(.text)
    DMA1_Stream6_IRQHandler                  0x08000433   Thumb Code     0  startup_stm32h750xx.o(.text)
    DMA1_Stream7_IRQHandler                  0x08000433   Thumb Code     0  startup_stm32h750xx.o(.text)
    DMA2D_IRQHandler                         0x08000433   Thumb Code     0  startup_stm32h750xx.o(.text)
    DMA2_Stream0_IRQHandler                  0x08000433   Thumb Code     0  startup_stm32h750xx.o(.text)
    DMA2_Stream1_IRQHandler                  0x08000433   Thumb Code     0  startup_stm32h750xx.o(.text)
    DMA2_Stream2_IRQHandler                  0x08000433   Thumb Code     0  startup_stm32h750xx.o(.text)
    DMA2_Stream3_IRQHandler                  0x08000433   Thumb Code     0  startup_stm32h750xx.o(.text)
    DMA2_Stream4_IRQHandler                  0x08000433   Thumb Code     0  startup_stm32h750xx.o(.text)
    DMA2_Stream5_IRQHandler                  0x08000433   Thumb Code     0  startup_stm32h750xx.o(.text)
    DMA2_Stream6_IRQHandler                  0x08000433   Thumb Code     0  startup_stm32h750xx.o(.text)
    DMA2_Stream7_IRQHandler                  0x08000433   Thumb Code     0  startup_stm32h750xx.o(.text)
    DMAMUX1_OVR_IRQHandler                   0x08000433   Thumb Code     0  startup_stm32h750xx.o(.text)
    DMAMUX2_OVR_IRQHandler                   0x08000433   Thumb Code     0  startup_stm32h750xx.o(.text)
    ECC_IRQHandler                           0x08000433   Thumb Code     0  startup_stm32h750xx.o(.text)
    ETH_IRQHandler                           0x08000433   Thumb Code     0  startup_stm32h750xx.o(.text)
    ETH_WKUP_IRQHandler                      0x08000433   Thumb Code     0  startup_stm32h750xx.o(.text)
    EXTI0_IRQHandler                         0x08000433   Thumb Code     0  startup_stm32h750xx.o(.text)
    EXTI15_10_IRQHandler                     0x08000433   Thumb Code     0  startup_stm32h750xx.o(.text)
    EXTI1_IRQHandler                         0x08000433   Thumb Code     0  startup_stm32h750xx.o(.text)
    EXTI2_IRQHandler                         0x08000433   Thumb Code     0  startup_stm32h750xx.o(.text)
    EXTI3_IRQHandler                         0x08000433   Thumb Code     0  startup_stm32h750xx.o(.text)
    EXTI4_IRQHandler                         0x08000433   Thumb Code     0  startup_stm32h750xx.o(.text)
    EXTI9_5_IRQHandler                       0x08000433   Thumb Code     0  startup_stm32h750xx.o(.text)
    FDCAN1_IT0_IRQHandler                    0x08000433   Thumb Code     0  startup_stm32h750xx.o(.text)
    FDCAN1_IT1_IRQHandler                    0x08000433   Thumb Code     0  startup_stm32h750xx.o(.text)
    FDCAN2_IT0_IRQHandler                    0x08000433   Thumb Code     0  startup_stm32h750xx.o(.text)
    FDCAN2_IT1_IRQHandler                    0x08000433   Thumb Code     0  startup_stm32h750xx.o(.text)
    FDCAN_CAL_IRQHandler                     0x08000433   Thumb Code     0  startup_stm32h750xx.o(.text)
    FLASH_IRQHandler                         0x08000433   Thumb Code     0  startup_stm32h750xx.o(.text)
    FMC_IRQHandler                           0x08000433   Thumb Code     0  startup_stm32h750xx.o(.text)
    FPU_IRQHandler                           0x08000433   Thumb Code     0  startup_stm32h750xx.o(.text)
    HASH_RNG_IRQHandler                      0x08000433   Thumb Code     0  startup_stm32h750xx.o(.text)
    HRTIM1_FLT_IRQHandler                    0x08000433   Thumb Code     0  startup_stm32h750xx.o(.text)
    HRTIM1_Master_IRQHandler                 0x08000433   Thumb Code     0  startup_stm32h750xx.o(.text)
    HRTIM1_TIMA_IRQHandler                   0x08000433   Thumb Code     0  startup_stm32h750xx.o(.text)
    HRTIM1_TIMB_IRQHandler                   0x08000433   Thumb Code     0  startup_stm32h750xx.o(.text)
    HRTIM1_TIMC_IRQHandler                   0x08000433   Thumb Code     0  startup_stm32h750xx.o(.text)
    HRTIM1_TIMD_IRQHandler                   0x08000433   Thumb Code     0  startup_stm32h750xx.o(.text)
    HRTIM1_TIME_IRQHandler                   0x08000433   Thumb Code     0  startup_stm32h750xx.o(.text)
    HSEM1_IRQHandler                         0x08000433   Thumb Code     0  startup_stm32h750xx.o(.text)
    I2C1_ER_IRQHandler                       0x08000433   Thumb Code     0  startup_stm32h750xx.o(.text)
    I2C1_EV_IRQHandler                       0x08000433   Thumb Code     0  startup_stm32h750xx.o(.text)
    I2C2_ER_IRQHandler                       0x08000433   Thumb Code     0  startup_stm32h750xx.o(.text)
    I2C2_EV_IRQHandler                       0x08000433   Thumb Code     0  startup_stm32h750xx.o(.text)
    I2C3_ER_IRQHandler                       0x08000433   Thumb Code     0  startup_stm32h750xx.o(.text)
    I2C3_EV_IRQHandler                       0x08000433   Thumb Code     0  startup_stm32h750xx.o(.text)
    I2C4_ER_IRQHandler                       0x08000433   Thumb Code     0  startup_stm32h750xx.o(.text)
    I2C4_EV_IRQHandler                       0x08000433   Thumb Code     0  startup_stm32h750xx.o(.text)
    JPEG_IRQHandler                          0x08000433   Thumb Code     0  startup_stm32h750xx.o(.text)
    LPTIM1_IRQHandler                        0x08000433   Thumb Code     0  startup_stm32h750xx.o(.text)
    LPTIM2_IRQHandler                        0x08000433   Thumb Code     0  startup_stm32h750xx.o(.text)
    LPTIM3_IRQHandler                        0x08000433   Thumb Code     0  startup_stm32h750xx.o(.text)
    LPTIM4_IRQHandler                        0x08000433   Thumb Code     0  startup_stm32h750xx.o(.text)
    LPTIM5_IRQHandler                        0x08000433   Thumb Code     0  startup_stm32h750xx.o(.text)
    LPUART1_IRQHandler                       0x08000433   Thumb Code     0  startup_stm32h750xx.o(.text)
    LTDC_ER_IRQHandler                       0x08000433   Thumb Code     0  startup_stm32h750xx.o(.text)
    LTDC_IRQHandler                          0x08000433   Thumb Code     0  startup_stm32h750xx.o(.text)
    MDIOS_IRQHandler                         0x08000433   Thumb Code     0  startup_stm32h750xx.o(.text)
    MDIOS_WKUP_IRQHandler                    0x08000433   Thumb Code     0  startup_stm32h750xx.o(.text)
    MDMA_IRQHandler                          0x08000433   Thumb Code     0  startup_stm32h750xx.o(.text)
    OTG_FS_EP1_IN_IRQHandler                 0x08000433   Thumb Code     0  startup_stm32h750xx.o(.text)
    OTG_FS_EP1_OUT_IRQHandler                0x08000433   Thumb Code     0  startup_stm32h750xx.o(.text)
    OTG_FS_IRQHandler                        0x08000433   Thumb Code     0  startup_stm32h750xx.o(.text)
    OTG_FS_WKUP_IRQHandler                   0x08000433   Thumb Code     0  startup_stm32h750xx.o(.text)
    OTG_HS_EP1_IN_IRQHandler                 0x08000433   Thumb Code     0  startup_stm32h750xx.o(.text)
    OTG_HS_EP1_OUT_IRQHandler                0x08000433   Thumb Code     0  startup_stm32h750xx.o(.text)
    OTG_HS_IRQHandler                        0x08000433   Thumb Code     0  startup_stm32h750xx.o(.text)
    OTG_HS_WKUP_IRQHandler                   0x08000433   Thumb Code     0  startup_stm32h750xx.o(.text)
    PVD_AVD_IRQHandler                       0x08000433   Thumb Code     0  startup_stm32h750xx.o(.text)
    QUADSPI_IRQHandler                       0x08000433   Thumb Code     0  startup_stm32h750xx.o(.text)
    RCC_IRQHandler                           0x08000433   Thumb Code     0  startup_stm32h750xx.o(.text)
    RTC_Alarm_IRQHandler                     0x08000433   Thumb Code     0  startup_stm32h750xx.o(.text)
    RTC_WKUP_IRQHandler                      0x08000433   Thumb Code     0  startup_stm32h750xx.o(.text)
    SAI1_IRQHandler                          0x08000433   Thumb Code     0  startup_stm32h750xx.o(.text)
    SAI2_IRQHandler                          0x08000433   Thumb Code     0  startup_stm32h750xx.o(.text)
    SAI3_IRQHandler                          0x08000433   Thumb Code     0  startup_stm32h750xx.o(.text)
    SAI4_IRQHandler                          0x08000433   Thumb Code     0  startup_stm32h750xx.o(.text)
    SDMMC1_IRQHandler                        0x08000433   Thumb Code     0  startup_stm32h750xx.o(.text)
    SDMMC2_IRQHandler                        0x08000433   Thumb Code     0  startup_stm32h750xx.o(.text)
    SPDIF_RX_IRQHandler                      0x08000433   Thumb Code     0  startup_stm32h750xx.o(.text)
    SPI1_IRQHandler                          0x08000433   Thumb Code     0  startup_stm32h750xx.o(.text)
    SPI2_IRQHandler                          0x08000433   Thumb Code     0  startup_stm32h750xx.o(.text)
    SPI3_IRQHandler                          0x08000433   Thumb Code     0  startup_stm32h750xx.o(.text)
    SPI4_IRQHandler                          0x08000433   Thumb Code     0  startup_stm32h750xx.o(.text)
    SPI5_IRQHandler                          0x08000433   Thumb Code     0  startup_stm32h750xx.o(.text)
    SPI6_IRQHandler                          0x08000433   Thumb Code     0  startup_stm32h750xx.o(.text)
    SWPMI1_IRQHandler                        0x08000433   Thumb Code     0  startup_stm32h750xx.o(.text)
    TAMP_STAMP_IRQHandler                    0x08000433   Thumb Code     0  startup_stm32h750xx.o(.text)
    TIM15_IRQHandler                         0x08000433   Thumb Code     0  startup_stm32h750xx.o(.text)
    TIM16_IRQHandler                         0x08000433   Thumb Code     0  startup_stm32h750xx.o(.text)
    TIM17_IRQHandler                         0x08000433   Thumb Code     0  startup_stm32h750xx.o(.text)
    TIM1_BRK_IRQHandler                      0x08000433   Thumb Code     0  startup_stm32h750xx.o(.text)
    TIM1_CC_IRQHandler                       0x08000433   Thumb Code     0  startup_stm32h750xx.o(.text)
    TIM1_TRG_COM_IRQHandler                  0x08000433   Thumb Code     0  startup_stm32h750xx.o(.text)
    TIM1_UP_IRQHandler                       0x08000433   Thumb Code     0  startup_stm32h750xx.o(.text)
    TIM2_IRQHandler                          0x08000433   Thumb Code     0  startup_stm32h750xx.o(.text)
    TIM3_IRQHandler                          0x08000433   Thumb Code     0  startup_stm32h750xx.o(.text)
    TIM4_IRQHandler                          0x08000433   Thumb Code     0  startup_stm32h750xx.o(.text)
    TIM5_IRQHandler                          0x08000433   Thumb Code     0  startup_stm32h750xx.o(.text)
    TIM6_DAC_IRQHandler                      0x08000433   Thumb Code     0  startup_stm32h750xx.o(.text)
    TIM7_IRQHandler                          0x08000433   Thumb Code     0  startup_stm32h750xx.o(.text)
    TIM8_BRK_TIM12_IRQHandler                0x08000433   Thumb Code     0  startup_stm32h750xx.o(.text)
    TIM8_CC_IRQHandler                       0x08000433   Thumb Code     0  startup_stm32h750xx.o(.text)
    TIM8_TRG_COM_TIM14_IRQHandler            0x08000433   Thumb Code     0  startup_stm32h750xx.o(.text)
    TIM8_UP_TIM13_IRQHandler                 0x08000433   Thumb Code     0  startup_stm32h750xx.o(.text)
    UART4_IRQHandler                         0x08000433   Thumb Code     0  startup_stm32h750xx.o(.text)
    UART5_IRQHandler                         0x08000433   Thumb Code     0  startup_stm32h750xx.o(.text)
    UART7_IRQHandler                         0x08000433   Thumb Code     0  startup_stm32h750xx.o(.text)
    UART8_IRQHandler                         0x08000433   Thumb Code     0  startup_stm32h750xx.o(.text)
    USART2_IRQHandler                        0x08000433   Thumb Code     0  startup_stm32h750xx.o(.text)
    USART3_IRQHandler                        0x08000433   Thumb Code     0  startup_stm32h750xx.o(.text)
    USART6_IRQHandler                        0x08000433   Thumb Code     0  startup_stm32h750xx.o(.text)
    WAKEUP_PIN_IRQHandler                    0x08000433   Thumb Code     0  startup_stm32h750xx.o(.text)
    WWDG_IRQHandler                          0x08000433   Thumb Code     0  startup_stm32h750xx.o(.text)
    __user_initial_stackheap                 0x08000435   Thumb Code     0  startup_stm32h750xx.o(.text)
    __aeabi_uldivmod                         0x08000459   Thumb Code     0  lludivv7m.o(.text)
    _ll_udiv                                 0x08000459   Thumb Code   238  lludivv7m.o(.text)
    __2printf                                0x08000549   Thumb Code    20  noretval__2printf.o(.text)
    __2sprintf                               0x08000561   Thumb Code    34  noretval__2sprintf.o(.text)
    _printf_pre_padding                      0x08000589   Thumb Code    44  _printf_pad.o(.text)
    _printf_post_padding                     0x080005b5   Thumb Code    34  _printf_pad.o(.text)
    _printf_str                              0x080005d7   Thumb Code    82  _printf_str.o(.text)
    _printf_int_dec                          0x08000629   Thumb Code   104  _printf_dec.o(.text)
    __printf                                 0x080006a1   Thumb Code   270  __printf_wp.o(.text)
    __aeabi_memclr4                          0x080007af   Thumb Code     0  rt_memclr_w.o(.text)
    __aeabi_memclr8                          0x080007af   Thumb Code     0  rt_memclr_w.o(.text)
    __rt_memclr_w                            0x080007af   Thumb Code    78  rt_memclr_w.o(.text)
    _memset_w                                0x080007b3   Thumb Code     0  rt_memclr_w.o(.text)
    __use_two_region_memory                  0x080007fd   Thumb Code     2  heapauxi.o(.text)
    __rt_heap_escrow$2region                 0x080007ff   Thumb Code     2  heapauxi.o(.text)
    __rt_heap_expand$2region                 0x08000801   Thumb Code     2  heapauxi.o(.text)
    _printf_int_common                       0x08000803   Thumb Code   178  _printf_intcommon.o(.text)
    __lib_sel_fp_printf                      0x080008b5   Thumb Code     2  _printf_fp_dec.o(.text)
    _printf_fp_dec_real                      0x08000a67   Thumb Code   620  _printf_fp_dec.o(.text)
    _printf_char_common                      0x08000cdf   Thumb Code    32  _printf_char_common.o(.text)
    _sputc                                   0x08000d05   Thumb Code    10  _sputc.o(.text)
    _printf_cs_common                        0x08000d0f   Thumb Code    20  _printf_char.o(.text)
    _printf_char                             0x08000d23   Thumb Code    16  _printf_char.o(.text)
    _printf_string                           0x08000d33   Thumb Code     8  _printf_char.o(.text)
    _printf_char_file                        0x08000d3d   Thumb Code    32  _printf_char_file.o(.text)
    __rt_locale                              0x08000d61   Thumb Code     8  rt_locale_intlibspace.o(.text)
    _ll_udiv10                               0x08000d69   Thumb Code   138  lludiv10.o(.text)
    _printf_fp_infnan                        0x08000df5   Thumb Code   112  _printf_fp_infnan.o(.text)
    _btod_etento                             0x08000e75   Thumb Code   224  bigflt0.o(.text)
    ferror                                   0x08000f59   Thumb Code     8  ferror.o(.text)
    __user_libspace                          0x08000f61   Thumb Code     8  libspace.o(.text)
    __user_perproc_libspace                  0x08000f61   Thumb Code     0  libspace.o(.text)
    __user_perthread_libspace                0x08000f61   Thumb Code     0  libspace.o(.text)
    __user_setup_stackheap                   0x08000f69   Thumb Code    74  sys_stackheap_outer.o(.text)
    exit                                     0x08000fb3   Thumb Code    18  exit.o(.text)
    strcmp                                   0x08000fc5   Thumb Code   104  strcmpv7m_pel.o(.text)
    _btod_d2e                                0x0800102d   Thumb Code    62  btod.o(CL$$btod_d2e)
    _d2e_denorm_low                          0x0800106b   Thumb Code    70  btod.o(CL$$btod_d2e_denorm_low)
    _d2e_norm_op1                            0x080010b1   Thumb Code    96  btod.o(CL$$btod_d2e_norm_op1)
    __btod_div_common                        0x08001111   Thumb Code   696  btod.o(CL$$btod_div_common)
    _e2e                                     0x08001449   Thumb Code   220  btod.o(CL$$btod_e2e)
    _btod_ediv                               0x08001525   Thumb Code    42  btod.o(CL$$btod_ediv)
    _btod_emul                               0x0800154f   Thumb Code    42  btod.o(CL$$btod_emul)
    __btod_mult_common                       0x08001579   Thumb Code   580  btod.o(CL$$btod_mult_common)
    BusFault_Handler                         0x080017bd   Thumb Code     4  stm32h7xx_it.o(i.BusFault_Handler)
    Cache_Enable                             0x080017c1   Thumb Code    24  sys.o(i.Cache_Enable)
    DebugMon_Handler                         0x080017dd   Thumb Code     2  stm32h7xx_it.o(i.DebugMon_Handler)
    HAL_DMA_Abort_IT                         0x080017e1   Thumb Code   236  stm32h7xx_hal_dma.o(i.HAL_DMA_Abort_IT)
    HAL_EnableCompensationCell               0x080018d9   Thumb Code    14  stm32h7xx_hal.o(i.HAL_EnableCompensationCell)
    HAL_GPIO_Init                            0x080018ed   Thumb Code   534  stm32h7xx_hal_gpio.o(i.HAL_GPIO_Init)
    HAL_GPIO_WritePin                        0x08001b39   Thumb Code    10  stm32h7xx_hal_gpio.o(i.HAL_GPIO_WritePin)
    HAL_GetTick                              0x08001b45   Thumb Code     6  stm32h7xx_hal.o(i.HAL_GetTick)
    HAL_I2C_Init                             0x08001b51   Thumb Code   192  stm32h7xx_hal_i2c.o(i.HAL_I2C_Init)
    HAL_I2C_Mem_Read                         0x08001c15   Thumb Code   434  stm32h7xx_hal_i2c.o(i.HAL_I2C_Mem_Read)
    HAL_I2C_Mem_Write                        0x08001dd1   Thumb Code   436  stm32h7xx_hal_i2c.o(i.HAL_I2C_Mem_Write)
    HAL_I2C_MspInit                          0x08001f89   Thumb Code   116  i2c.o(i.HAL_I2C_MspInit)
    HAL_Init                                 0x08002009   Thumb Code    28  stm32h7xx_hal.o(i.HAL_Init)
    HAL_InitTick                             0x08002025   Thumb Code    64  stm32h7xx_hal.o(i.HAL_InitTick)
    HAL_MspInit                              0x08002071   Thumb Code     2  stm32h7xx_hal_msp.o(i.HAL_MspInit)
    HAL_NVIC_EnableIRQ                       0x08002073   Thumb Code    32  stm32h7xx_hal_cortex.o(i.HAL_NVIC_EnableIRQ)
    HAL_NVIC_SetPriority                     0x08002093   Thumb Code   122  stm32h7xx_hal_cortex.o(i.HAL_NVIC_SetPriority)
    HAL_NVIC_SetPriorityGrouping             0x0800210d   Thumb Code    32  stm32h7xx_hal_cortex.o(i.HAL_NVIC_SetPriorityGrouping)
    HAL_RCCEx_GetD1SysClockFreq              0x08002135   Thumb Code    44  stm32h7xx_hal_rcc_ex.o(i.HAL_RCCEx_GetD1SysClockFreq)
    HAL_RCCEx_GetD3PCLK1Freq                 0x0800216d   Thumb Code    34  stm32h7xx_hal_rcc_ex.o(i.HAL_RCCEx_GetD3PCLK1Freq)
    HAL_RCCEx_GetPLL2ClockFreq               0x08002199   Thumb Code   532  stm32h7xx_hal_rcc_ex.o(i.HAL_RCCEx_GetPLL2ClockFreq)
    HAL_RCCEx_GetPLL3ClockFreq               0x080023c5   Thumb Code   532  stm32h7xx_hal_rcc_ex.o(i.HAL_RCCEx_GetPLL3ClockFreq)
    HAL_RCC_ClockConfig                      0x080025f1   Thumb Code   574  stm32h7xx_hal_rcc.o(i.HAL_RCC_ClockConfig)
    HAL_RCC_GetHCLKFreq                      0x08002841   Thumb Code    42  stm32h7xx_hal_rcc.o(i.HAL_RCC_GetHCLKFreq)
    HAL_RCC_GetPCLK1Freq                     0x08002879   Thumb Code    34  stm32h7xx_hal_rcc.o(i.HAL_RCC_GetPCLK1Freq)
    HAL_RCC_GetPCLK2Freq                     0x080028a5   Thumb Code    36  stm32h7xx_hal_rcc.o(i.HAL_RCC_GetPCLK2Freq)
    HAL_RCC_GetSysClockFreq                  0x080028d1   Thumb Code   556  stm32h7xx_hal_rcc.o(i.HAL_RCC_GetSysClockFreq)
    HAL_RCC_OscConfig                        0x08002b15   Thumb Code  1724  stm32h7xx_hal_rcc.o(i.HAL_RCC_OscConfig)
    HAL_SYSTICK_CLKSourceConfig              0x080031d9   Thumb Code    40  stm32h7xx_hal_cortex.o(i.HAL_SYSTICK_CLKSourceConfig)
    HAL_SYSTICK_Config                       0x08003201   Thumb Code    52  stm32h7xx_hal_cortex.o(i.HAL_SYSTICK_Config)
    HAL_UARTEx_WakeupCallback                0x08003235   Thumb Code     2  stm32h7xx_hal_uart_ex.o(i.HAL_UARTEx_WakeupCallback)
    HAL_UART_ErrorCallback                   0x08003237   Thumb Code     2  stm32h7xx_hal_uart.o(i.HAL_UART_ErrorCallback)
    HAL_UART_GetState                        0x08003239   Thumb Code    20  stm32h7xx_hal_uart.o(i.HAL_UART_GetState)
    HAL_UART_IRQHandler                      0x0800324d   Thumb Code   434  stm32h7xx_hal_uart.o(i.HAL_UART_IRQHandler)
    HAL_UART_Init                            0x08003409   Thumb Code   120  stm32h7xx_hal_uart.o(i.HAL_UART_Init)
    HAL_UART_MspInit                         0x08003481   Thumb Code   138  usart.o(i.HAL_UART_MspInit)
    HAL_UART_Receive_IT                      0x08003519   Thumb Code   224  stm32h7xx_hal_uart.o(i.HAL_UART_Receive_IT)
    HAL_UART_RxCpltCallback                  0x080035f9   Thumb Code   120  usart.o(i.HAL_UART_RxCpltCallback)
    HAL_UART_TxCpltCallback                  0x08003681   Thumb Code     2  stm32h7xx_hal_uart.o(i.HAL_UART_TxCpltCallback)
    HardFault_Handler                        0x08003683   Thumb Code     4  stm32h7xx_it.o(i.HardFault_Handler)
    LED_Init                                 0x08003999   Thumb Code    80  led.o(i.LED_Init)
    MX_I2C1_Init                             0x080039f1   Thumb Code    42  i2c.o(i.MX_I2C1_Init)
    MemManage_Handler                        0x08003a39   Thumb Code     4  stm32h7xx_it.o(i.MemManage_Handler)
    NMI_Handler                              0x08003a3d   Thumb Code     2  stm32h7xx_it.o(i.NMI_Handler)
    Stm32_Clock_Init                         0x08003b59   Thumb Code   238  sys.o(i.Stm32_Clock_Init)
    SysTick_Handler                          0x08003c51   Thumb Code    16  delay.o(i.SysTick_Handler)
    SystemInit                               0x08003c61   Thumb Code   130  system_stm32h7xx.o(i.SystemInit)
    UART_AdvFeatureConfig                    0x08003cf5   Thumb Code   234  stm32h7xx_hal_uart.o(i.UART_AdvFeatureConfig)
    UART_CheckIdleState                      0x08003ddf   Thumb Code   116  stm32h7xx_hal_uart.o(i.UART_CheckIdleState)
    UART_SetConfig                           0x08003f35   Thumb Code  2452  stm32h7xx_hal_uart.o(i.UART_SetConfig)
    UART_WaitOnFlagUntilTimeout              0x0800495b   Thumb Code   108  stm32h7xx_hal_uart.o(i.UART_WaitOnFlagUntilTimeout)
    USART1_IRQHandler                        0x080049c9   Thumb Code    66  usart.o(i.USART1_IRQHandler)
    UsageFault_Handler                       0x08004a19   Thumb Code     4  stm32h7xx_it.o(i.UsageFault_Handler)
    __ARM_fpclassify                         0x08004a1d   Thumb Code    48  fpclassify.o(i.__ARM_fpclassify)
    _is_digit                                0x08004a85   Thumb Code    14  __printf_wp.o(i._is_digit)
    _sys_exit                                0x08004a93   Thumb Code     4  usart.o(i._sys_exit)
    delay_init                               0x08004a99   Thumb Code    58  delay.o(i.delay_init)
    fputc                                    0x08004add   Thumb Code    22  usart.o(i.fputc)
    lsm9ds1_acceleration_raw_get             0x08004af9   Thumb Code    24  lsm9ds1_reg.o(i.lsm9ds1_acceleration_raw_get)
    lsm9ds1_angular_rate_raw_get             0x08004b11   Thumb Code    24  lsm9ds1_reg.o(i.lsm9ds1_angular_rate_raw_get)
    lsm9ds1_block_data_update_set            0x08004b29   Thumb Code   110  lsm9ds1_reg.o(i.lsm9ds1_block_data_update_set)
    lsm9ds1_dev_id_get                       0x08004b97   Thumb Code    46  lsm9ds1_reg.o(i.lsm9ds1_dev_id_get)
    lsm9ds1_dev_reset_get                    0x08004bc5   Thumb Code    62  lsm9ds1_reg.o(i.lsm9ds1_dev_reset_get)
    lsm9ds1_dev_reset_set                    0x08004c03   Thumb Code    98  lsm9ds1_reg.o(i.lsm9ds1_dev_reset_set)
    lsm9ds1_dev_status_get                   0x08004c65   Thumb Code    46  lsm9ds1_reg.o(i.lsm9ds1_dev_status_get)
    lsm9ds1_from_fs16gauss_to_mG             0x08004c95   Thumb Code    18  lsm9ds1_reg.o(i.lsm9ds1_from_fs16gauss_to_mG)
    lsm9ds1_from_fs2000dps_to_mdps           0x08004cad   Thumb Code    18  lsm9ds1_reg.o(i.lsm9ds1_from_fs2000dps_to_mdps)
    lsm9ds1_from_fs4g_to_mg                  0x08004cc5   Thumb Code    18  lsm9ds1_reg.o(i.lsm9ds1_from_fs4g_to_mg)
    lsm9ds1_gy_filter_hp_bandwidth_set       0x08004cdd   Thumb Code    50  lsm9ds1_reg.o(i.lsm9ds1_gy_filter_hp_bandwidth_set)
    lsm9ds1_gy_filter_lp_bandwidth_set       0x08004d0f   Thumb Code    50  lsm9ds1_reg.o(i.lsm9ds1_gy_filter_lp_bandwidth_set)
    lsm9ds1_gy_filter_out_path_set           0x08004d41   Thumb Code    94  lsm9ds1_reg.o(i.lsm9ds1_gy_filter_out_path_set)
    lsm9ds1_gy_full_scale_set                0x08004d9f   Thumb Code    50  lsm9ds1_reg.o(i.lsm9ds1_gy_full_scale_set)
    lsm9ds1_imu_data_rate_set                0x08004dd1   Thumb Code   138  lsm9ds1_reg.o(i.lsm9ds1_imu_data_rate_set)
    lsm9ds1_mag_data_rate_set                0x08004e5b   Thumb Code   174  lsm9ds1_reg.o(i.lsm9ds1_mag_data_rate_set)
    lsm9ds1_mag_full_scale_set               0x08004f09   Thumb Code    50  lsm9ds1_reg.o(i.lsm9ds1_mag_full_scale_set)
    lsm9ds1_magnetic_raw_get                 0x08004f3b   Thumb Code    24  lsm9ds1_reg.o(i.lsm9ds1_magnetic_raw_get)
    lsm9ds1_read_reg                         0x08004f53   Thumb Code    32  lsm9ds1_reg.o(i.lsm9ds1_read_reg)
    lsm9ds1_write_reg                        0x08004f73   Thumb Code    34  lsm9ds1_reg.o(i.lsm9ds1_write_reg)
    lsm9ds1_xl_filter_aalias_bandwidth_set   0x08004f95   Thumb Code    62  lsm9ds1_reg.o(i.lsm9ds1_xl_filter_aalias_bandwidth_set)
    lsm9ds1_xl_filter_lp_bandwidth_set       0x08004fd3   Thumb Code    64  lsm9ds1_reg.o(i.lsm9ds1_xl_filter_lp_bandwidth_set)
    lsm9ds1_xl_filter_out_path_set           0x08005013   Thumb Code    50  lsm9ds1_reg.o(i.lsm9ds1_xl_filter_out_path_set)
    lsm9ds1_xl_full_scale_set                0x08005045   Thumb Code    50  lsm9ds1_reg.o(i.lsm9ds1_xl_full_scale_set)
    main                                     0x08005079   Thumb Code   634  main.o(i.main)
    platform_init                            0x080053b1   Thumb Code     8  main.o(i.platform_init)
    platform_read                            0x080053b9   Thumb Code    44  main.o(i.platform_read)
    platform_write                           0x080053e9   Thumb Code    44  main.o(i.platform_write)
    uart_init                                0x0800544d   Thumb Code    44  usart.o(i.uart_init)
    uxListRemove                             0x08005485   Thumb Code    40  list.o(i.uxListRemove)
    vListInsertEnd                           0x080054ad   Thumb Code    24  list.o(i.vListInsertEnd)
    vTaskSwitchContext                       0x080054c5   Thumb Code   110  tasks.o(i.vTaskSwitchContext)
    xPortSysTickHandler                      0x0800556d   Thumb Code    50  port.o(i.xPortSysTickHandler)
    xTaskGetSchedulerState                   0x080055a5   Thumb Code    24  tasks.o(i.xTaskGetSchedulerState)
    xTaskIncrementTick                       0x080055c5   Thumb Code   272  tasks.o(i.xTaskIncrementTick)
    _get_lc_numeric                          0x08005725   Thumb Code    44  lc_numeric_c.o(locale$$code)
    _fp_init                                 0x08005751   Thumb Code    10  fpinit.o(x$fpl$fpinit)
    __fplib_config_fpu_vfp                   0x08005759   Thumb Code     0  fpinit.o(x$fpl$fpinit)
    __fplib_config_pureend_doubles           0x08005759   Thumb Code     0  fpinit.o(x$fpl$fpinit)
    _printf_fp_dec                           0x0800575b   Thumb Code     4  printf1.o(x$fpl$printf1)
    __I$use$fp                               0x0800575e   Number         0  usenofp.o(x$fpl$usenofp)
    D1CorePrescTable                         0x0800578e   Data          16  system_stm32h7xx.o(.constdata)
    Region$$Table$$Base                      0x08005864   Number         0  anon$$obj.o(Region$$Table)
    Region$$Table$$Limit                     0x08005884   Number         0  anon$$obj.o(Region$$Table)
    StartTaskHanhler                         0x24000018   Data           4  main.o(.data)
    LED0TaskHanhler                          0x2400001c   Data           4  main.o(.data)
    LED1TaskHanhler                          0x24000020   Data           4  main.o(.data)
    i2c_add_mag                              0x24000024   Data           1  main.o(.data)
    i2c_add_imu                              0x24000025   Data           1  main.o(.data)
    SystemCoreClock                          0x2400002c   Data           4  system_stm32h7xx.o(.data)
    SystemD2Clock                            0x24000030   Data           4  system_stm32h7xx.o(.data)
    __stdout                                 0x2400003c   Data           4  usart.o(.data)
    USART_RX_STA                             0x24000040   Data           2  usart.o(.data)
    aRxBuffer                                0x24000042   Data           1  usart.o(.data)
    pxCurrentTCB                             0x24000050   Data           4  tasks.o(.data)
    dev_ctx_mag                              0x24000498   Data          12  main.o(.bss)
    dev_ctx_imu                              0x240004a4   Data          12  main.o(.bss)
    USART_RX_BUF                             0x240004b0   Data         200  usart.o(.bss)
    UART1_Handler                            0x24000578   Data         128  usart.o(.bss)
    hi2c1                                    0x240008dc   Data          76  i2c.o(.bss)
    __libspace_start                         0x24000928   Data          96  libspace.o(.bss)
    __temporary_stack_top$libspace           0x24000988   Data           0  libspace.o(.bss)



==============================================================================

Memory Map of the image

  Image Entry point : 0x08000299

  Load Region LR_IROM1 (Base: 0x08000000, Size: 0x0000592c, Max: 0x00020000, ABSOLUTE)

    Execution Region ER_IROM1 (Exec base: 0x08000000, Load base: 0x08000000, Size: 0x000058a0, Max: 0x00020000, ABSOLUTE)

    Exec Addr    Load Addr    Size         Type   Attr      Idx    E Section Name        Object

    0x08000000   0x08000000   0x00000298   Data   RO          544    RESET               startup_stm32h750xx.o
    0x08000298   0x08000298   0x00000008   Code   RO         5447  * !!!main             c_w.l(__main.o)
    0x080002a0   0x080002a0   0x00000034   Code   RO         5681    !!!scatter          c_w.l(__scatter.o)
    0x080002d4   0x080002d4   0x0000001a   Code   RO         5683    !!handler_copy      c_w.l(__scatter_copy.o)
    0x080002ee   0x080002ee   0x00000002   PAD
    0x080002f0   0x080002f0   0x0000001c   Code   RO         5685    !!handler_zi        c_w.l(__scatter_zi.o)
    0x0800030c   0x0800030c   0x00000000   Code   RO         5434    .ARM.Collect$$_printf_percent$$00000000  c_w.l(_printf_percent.o)
    0x0800030c   0x0800030c   0x00000006   Code   RO         5433    .ARM.Collect$$_printf_percent$$00000003  c_w.l(_printf_f.o)
    0x08000312   0x08000312   0x00000006   Code   RO         5431    .ARM.Collect$$_printf_percent$$00000009  c_w.l(_printf_d.o)
    0x08000318   0x08000318   0x00000006   Code   RO         5430    .ARM.Collect$$_printf_percent$$00000014  c_w.l(_printf_s.o)
    0x0800031e   0x0800031e   0x00000004   Code   RO         5468    .ARM.Collect$$_printf_percent$$00000017  c_w.l(_printf_percent_end.o)
    0x08000322   0x08000322   0x00000002   Code   RO         5556    .ARM.Collect$$libinit$$00000000  c_w.l(libinit.o)
    0x08000324   0x08000324   0x00000004   Code   RO         5557    .ARM.Collect$$libinit$$00000001  c_w.l(libinit2.o)
    0x08000328   0x08000328   0x00000000   Code   RO         5560    .ARM.Collect$$libinit$$00000004  c_w.l(libinit2.o)
    0x08000328   0x08000328   0x00000000   Code   RO         5563    .ARM.Collect$$libinit$$0000000A  c_w.l(libinit2.o)
    0x08000328   0x08000328   0x00000000   Code   RO         5565    .ARM.Collect$$libinit$$0000000C  c_w.l(libinit2.o)
    0x08000328   0x08000328   0x00000000   Code   RO         5567    .ARM.Collect$$libinit$$0000000E  c_w.l(libinit2.o)
    0x08000328   0x08000328   0x00000006   Code   RO         5568    .ARM.Collect$$libinit$$0000000F  c_w.l(libinit2.o)
    0x0800032e   0x0800032e   0x00000000   Code   RO         5570    .ARM.Collect$$libinit$$00000011  c_w.l(libinit2.o)
    0x0800032e   0x0800032e   0x00000000   Code   RO         5572    .ARM.Collect$$libinit$$00000013  c_w.l(libinit2.o)
    0x0800032e   0x0800032e   0x00000000   Code   RO         5574    .ARM.Collect$$libinit$$00000015  c_w.l(libinit2.o)
    0x0800032e   0x0800032e   0x0000000a   Code   RO         5575    .ARM.Collect$$libinit$$00000016  c_w.l(libinit2.o)
    0x08000338   0x08000338   0x00000000   Code   RO         5576    .ARM.Collect$$libinit$$00000017  c_w.l(libinit2.o)
    0x08000338   0x08000338   0x00000000   Code   RO         5578    .ARM.Collect$$libinit$$00000019  c_w.l(libinit2.o)
    0x08000338   0x08000338   0x00000000   Code   RO         5580    .ARM.Collect$$libinit$$0000001B  c_w.l(libinit2.o)
    0x08000338   0x08000338   0x00000000   Code   RO         5582    .ARM.Collect$$libinit$$0000001D  c_w.l(libinit2.o)
    0x08000338   0x08000338   0x00000000   Code   RO         5584    .ARM.Collect$$libinit$$0000001F  c_w.l(libinit2.o)
    0x08000338   0x08000338   0x00000000   Code   RO         5586    .ARM.Collect$$libinit$$00000021  c_w.l(libinit2.o)
    0x08000338   0x08000338   0x00000000   Code   RO         5588    .ARM.Collect$$libinit$$00000023  c_w.l(libinit2.o)
    0x08000338   0x08000338   0x00000000   Code   RO         5590    .ARM.Collect$$libinit$$00000025  c_w.l(libinit2.o)
    0x08000338   0x08000338   0x00000000   Code   RO         5594    .ARM.Collect$$libinit$$0000002C  c_w.l(libinit2.o)
    0x08000338   0x08000338   0x00000000   Code   RO         5596    .ARM.Collect$$libinit$$0000002E  c_w.l(libinit2.o)
    0x08000338   0x08000338   0x00000000   Code   RO         5598    .ARM.Collect$$libinit$$00000030  c_w.l(libinit2.o)
    0x08000338   0x08000338   0x00000000   Code   RO         5600    .ARM.Collect$$libinit$$00000032  c_w.l(libinit2.o)
    0x08000338   0x08000338   0x00000002   Code   RO         5601    .ARM.Collect$$libinit$$00000033  c_w.l(libinit2.o)
    0x0800033a   0x0800033a   0x00000002   Code   RO         5643    .ARM.Collect$$libshutdown$$00000000  c_w.l(libshutdown.o)
    0x0800033c   0x0800033c   0x00000000   Code   RO         5664    .ARM.Collect$$libshutdown$$00000002  c_w.l(libshutdown2.o)
    0x0800033c   0x0800033c   0x00000000   Code   RO         5666    .ARM.Collect$$libshutdown$$00000004  c_w.l(libshutdown2.o)
    0x0800033c   0x0800033c   0x00000000   Code   RO         5669    .ARM.Collect$$libshutdown$$00000007  c_w.l(libshutdown2.o)
    0x0800033c   0x0800033c   0x00000000   Code   RO         5672    .ARM.Collect$$libshutdown$$0000000A  c_w.l(libshutdown2.o)
    0x0800033c   0x0800033c   0x00000000   Code   RO         5674    .ARM.Collect$$libshutdown$$0000000C  c_w.l(libshutdown2.o)
    0x0800033c   0x0800033c   0x00000000   Code   RO         5677    .ARM.Collect$$libshutdown$$0000000F  c_w.l(libshutdown2.o)
    0x0800033c   0x0800033c   0x00000002   Code   RO         5678    .ARM.Collect$$libshutdown$$00000010  c_w.l(libshutdown2.o)
    0x0800033e   0x0800033e   0x00000000   Code   RO         5451    .ARM.Collect$$rtentry$$00000000  c_w.l(__rtentry.o)
    0x0800033e   0x0800033e   0x00000000   Code   RO         5474    .ARM.Collect$$rtentry$$00000002  c_w.l(__rtentry2.o)
    0x0800033e   0x0800033e   0x00000006   Code   RO         5486    .ARM.Collect$$rtentry$$00000004  c_w.l(__rtentry4.o)
    0x08000344   0x08000344   0x00000000   Code   RO         5476    .ARM.Collect$$rtentry$$00000009  c_w.l(__rtentry2.o)
    0x08000344   0x08000344   0x00000004   Code   RO         5477    .ARM.Collect$$rtentry$$0000000A  c_w.l(__rtentry2.o)
    0x08000348   0x08000348   0x00000000   Code   RO         5479    .ARM.Collect$$rtentry$$0000000C  c_w.l(__rtentry2.o)
    0x08000348   0x08000348   0x00000008   Code   RO         5480    .ARM.Collect$$rtentry$$0000000D  c_w.l(__rtentry2.o)
    0x08000350   0x08000350   0x00000002   Code   RO         5602    .ARM.Collect$$rtexit$$00000000  c_w.l(rtexit.o)
    0x08000352   0x08000352   0x00000000   Code   RO         5615    .ARM.Collect$$rtexit$$00000002  c_w.l(rtexit2.o)
    0x08000352   0x08000352   0x00000004   Code   RO         5616    .ARM.Collect$$rtexit$$00000003  c_w.l(rtexit2.o)
    0x08000356   0x08000356   0x00000006   Code   RO         5617    .ARM.Collect$$rtexit$$00000004  c_w.l(rtexit2.o)
    0x0800035c   0x0800035c   0x000000ba   Code   RO         4297    .emb_text           port.o
    0x08000416   0x08000416   0x00000002   PAD
    0x08000418   0x08000418   0x00000040   Code   RO          545    .text               startup_stm32h750xx.o
    0x08000458   0x08000458   0x000000ee   Code   RO         5391    .text               c_w.l(lludivv7m.o)
    0x08000546   0x08000546   0x00000002   PAD
    0x08000548   0x08000548   0x00000018   Code   RO         5397    .text               c_w.l(noretval__2printf.o)
    0x08000560   0x08000560   0x00000028   Code   RO         5399    .text               c_w.l(noretval__2sprintf.o)
    0x08000588   0x08000588   0x0000004e   Code   RO         5403    .text               c_w.l(_printf_pad.o)
    0x080005d6   0x080005d6   0x00000052   Code   RO         5405    .text               c_w.l(_printf_str.o)
    0x08000628   0x08000628   0x00000078   Code   RO         5407    .text               c_w.l(_printf_dec.o)
    0x080006a0   0x080006a0   0x0000010e   Code   RO         5417    .text               c_w.l(__printf_wp.o)
    0x080007ae   0x080007ae   0x0000004e   Code   RO         5443    .text               c_w.l(rt_memclr_w.o)
    0x080007fc   0x080007fc   0x00000006   Code   RO         5445    .text               c_w.l(heapauxi.o)
    0x08000802   0x08000802   0x000000b2   Code   RO         5456    .text               c_w.l(_printf_intcommon.o)
    0x080008b4   0x080008b4   0x0000041e   Code   RO         5458    .text               c_w.l(_printf_fp_dec.o)
    0x08000cd2   0x08000cd2   0x00000002   PAD
    0x08000cd4   0x08000cd4   0x00000030   Code   RO         5460    .text               c_w.l(_printf_char_common.o)
    0x08000d04   0x08000d04   0x0000000a   Code   RO         5462    .text               c_w.l(_sputc.o)
    0x08000d0e   0x08000d0e   0x0000002c   Code   RO         5464    .text               c_w.l(_printf_char.o)
    0x08000d3a   0x08000d3a   0x00000002   PAD
    0x08000d3c   0x08000d3c   0x00000024   Code   RO         5466    .text               c_w.l(_printf_char_file.o)
    0x08000d60   0x08000d60   0x00000008   Code   RO         5493    .text               c_w.l(rt_locale_intlibspace.o)
    0x08000d68   0x08000d68   0x0000008a   Code   RO         5495    .text               c_w.l(lludiv10.o)
    0x08000df2   0x08000df2   0x00000002   PAD
    0x08000df4   0x08000df4   0x00000080   Code   RO         5497    .text               c_w.l(_printf_fp_infnan.o)
    0x08000e74   0x08000e74   0x000000e4   Code   RO         5501    .text               c_w.l(bigflt0.o)
    0x08000f58   0x08000f58   0x00000008   Code   RO         5526    .text               c_w.l(ferror.o)
    0x08000f60   0x08000f60   0x00000008   Code   RO         5538    .text               c_w.l(libspace.o)
    0x08000f68   0x08000f68   0x0000004a   Code   RO         5541    .text               c_w.l(sys_stackheap_outer.o)
    0x08000fb2   0x08000fb2   0x00000012   Code   RO         5543    .text               c_w.l(exit.o)
    0x08000fc4   0x08000fc4   0x00000068   Code   RO         5549    .text               c_w.l(strcmpv7m_pel.o)
    0x0800102c   0x0800102c   0x0000003e   Code   RO         5504    CL$$btod_d2e        c_w.l(btod.o)
    0x0800106a   0x0800106a   0x00000046   Code   RO         5506    CL$$btod_d2e_denorm_low  c_w.l(btod.o)
    0x080010b0   0x080010b0   0x00000060   Code   RO         5505    CL$$btod_d2e_norm_op1  c_w.l(btod.o)
    0x08001110   0x08001110   0x00000338   Code   RO         5514    CL$$btod_div_common  c_w.l(btod.o)
    0x08001448   0x08001448   0x000000dc   Code   RO         5511    CL$$btod_e2e        c_w.l(btod.o)
    0x08001524   0x08001524   0x0000002a   Code   RO         5508    CL$$btod_ediv       c_w.l(btod.o)
    0x0800154e   0x0800154e   0x0000002a   Code   RO         5507    CL$$btod_emul       c_w.l(btod.o)
    0x08001578   0x08001578   0x00000244   Code   RO         5513    CL$$btod_mult_common  c_w.l(btod.o)
    0x080017bc   0x080017bc   0x00000004   Code   RO          414    i.BusFault_Handler  stm32h7xx_it.o
    0x080017c0   0x080017c0   0x0000001c   Code   RO          598    i.Cache_Enable      sys.o
    0x080017dc   0x080017dc   0x00000002   Code   RO          415    i.DebugMon_Handler  stm32h7xx_it.o
    0x080017de   0x080017de   0x00000002   PAD
    0x080017e0   0x080017e0   0x000000f8   Code   RO         1197    i.HAL_DMA_Abort_IT  stm32h7xx_hal_dma.o
    0x080018d8   0x080018d8   0x00000014   Code   RO          744    i.HAL_EnableCompensationCell  stm32h7xx_hal.o
    0x080018ec   0x080018ec   0x0000024c   Code   RO         1384    i.HAL_GPIO_Init     stm32h7xx_hal_gpio.o
    0x08001b38   0x08001b38   0x0000000a   Code   RO         1388    i.HAL_GPIO_WritePin  stm32h7xx_hal_gpio.o
    0x08001b42   0x08001b42   0x00000002   PAD
    0x08001b44   0x08001b44   0x0000000c   Code   RO          751    i.HAL_GetTick       stm32h7xx_hal.o
    0x08001b50   0x08001b50   0x000000c4   Code   RO         2784    i.HAL_I2C_Init      stm32h7xx_hal_i2c.o
    0x08001c14   0x08001c14   0x000001bc   Code   RO         2800    i.HAL_I2C_Mem_Read  stm32h7xx_hal_i2c.o
    0x08001dd0   0x08001dd0   0x000001b8   Code   RO         2803    i.HAL_I2C_Mem_Write  stm32h7xx_hal_i2c.o
    0x08001f88   0x08001f88   0x00000080   Code   RO         5350    i.HAL_I2C_MspInit   i2c.o
    0x08002008   0x08002008   0x0000001c   Code   RO          755    i.HAL_Init          stm32h7xx_hal.o
    0x08002024   0x08002024   0x0000004c   Code   RO          756    i.HAL_InitTick      stm32h7xx_hal.o
    0x08002070   0x08002070   0x00000002   Code   RO          514    i.HAL_MspInit       stm32h7xx_hal_msp.o
    0x08002072   0x08002072   0x00000020   Code   RO         1049    i.HAL_NVIC_EnableIRQ  stm32h7xx_hal_cortex.o
    0x08002092   0x08002092   0x0000007a   Code   RO         1055    i.HAL_NVIC_SetPriority  stm32h7xx_hal_cortex.o
    0x0800210c   0x0800210c   0x00000028   Code   RO         1056    i.HAL_NVIC_SetPriorityGrouping  stm32h7xx_hal_cortex.o
    0x08002134   0x08002134   0x00000038   Code   RO         1935    i.HAL_RCCEx_GetD1SysClockFreq  stm32h7xx_hal_rcc_ex.o
    0x0800216c   0x0800216c   0x0000002c   Code   RO         1936    i.HAL_RCCEx_GetD3PCLK1Freq  stm32h7xx_hal_rcc_ex.o
    0x08002198   0x08002198   0x0000022c   Code   RO         1938    i.HAL_RCCEx_GetPLL2ClockFreq  stm32h7xx_hal_rcc_ex.o
    0x080023c4   0x080023c4   0x0000022c   Code   RO         1939    i.HAL_RCCEx_GetPLL3ClockFreq  stm32h7xx_hal_rcc_ex.o
    0x080025f0   0x080025f0   0x00000250   Code   RO         1826    i.HAL_RCC_ClockConfig  stm32h7xx_hal_rcc.o
    0x08002840   0x08002840   0x00000038   Code   RO         1830    i.HAL_RCC_GetHCLKFreq  stm32h7xx_hal_rcc.o
    0x08002878   0x08002878   0x0000002c   Code   RO         1832    i.HAL_RCC_GetPCLK1Freq  stm32h7xx_hal_rcc.o
    0x080028a4   0x080028a4   0x0000002c   Code   RO         1833    i.HAL_RCC_GetPCLK2Freq  stm32h7xx_hal_rcc.o
    0x080028d0   0x080028d0   0x00000244   Code   RO         1834    i.HAL_RCC_GetSysClockFreq  stm32h7xx_hal_rcc.o
    0x08002b14   0x08002b14   0x000006c4   Code   RO         1837    i.HAL_RCC_OscConfig  stm32h7xx_hal_rcc.o
    0x080031d8   0x080031d8   0x00000028   Code   RO         1058    i.HAL_SYSTICK_CLKSourceConfig  stm32h7xx_hal_cortex.o
    0x08003200   0x08003200   0x00000034   Code   RO         1060    i.HAL_SYSTICK_Config  stm32h7xx_hal_cortex.o
    0x08003234   0x08003234   0x00000002   Code   RO         2449    i.HAL_UARTEx_WakeupCallback  stm32h7xx_hal_uart_ex.o
    0x08003236   0x08003236   0x00000002   Code   RO         2113    i.HAL_UART_ErrorCallback  stm32h7xx_hal_uart.o
    0x08003238   0x08003238   0x00000014   Code   RO         2115    i.HAL_UART_GetState  stm32h7xx_hal_uart.o
    0x0800324c   0x0800324c   0x000001bc   Code   RO         2116    i.HAL_UART_IRQHandler  stm32h7xx_hal_uart.o
    0x08003408   0x08003408   0x00000078   Code   RO         2117    i.HAL_UART_Init     stm32h7xx_hal_uart.o
    0x08003480   0x08003480   0x00000098   Code   RO          659    i.HAL_UART_MspInit  usart.o
    0x08003518   0x08003518   0x000000e0   Code   RO         2122    i.HAL_UART_Receive_IT  stm32h7xx_hal_uart.o
    0x080035f8   0x080035f8   0x00000088   Code   RO          660    i.HAL_UART_RxCpltCallback  usart.o
    0x08003680   0x08003680   0x00000002   Code   RO         2128    i.HAL_UART_TxCpltCallback  stm32h7xx_hal_uart.o
    0x08003682   0x08003682   0x00000004   Code   RO          416    i.HardFault_Handler  stm32h7xx_it.o
    0x08003686   0x08003686   0x00000028   Code   RO         2826    i.I2C_Flush_TXDR    stm32h7xx_hal_i2c.o
    0x080036ae   0x080036ae   0x00000002   PAD
    0x080036b0   0x080036b0   0x0000008c   Code   RO         2834    i.I2C_IsAcknowledgeFailed  stm32h7xx_hal_i2c.o
    0x0800373c   0x0800373c   0x00000090   Code   RO         2837    i.I2C_RequestMemoryRead  stm32h7xx_hal_i2c.o
    0x080037cc   0x080037cc   0x00000090   Code   RO         2838    i.I2C_RequestMemoryWrite  stm32h7xx_hal_i2c.o
    0x0800385c   0x0800385c   0x00000034   Code   RO         2841    i.I2C_TransferConfig  stm32h7xx_hal_i2c.o
    0x08003890   0x08003890   0x00000056   Code   RO         2842    i.I2C_WaitOnFlagUntilTimeout  stm32h7xx_hal_i2c.o
    0x080038e6   0x080038e6   0x00000056   Code   RO         2844    i.I2C_WaitOnSTOPFlagUntilTimeout  stm32h7xx_hal_i2c.o
    0x0800393c   0x0800393c   0x0000005a   Code   RO         2845    i.I2C_WaitOnTXISFlagUntilTimeout  stm32h7xx_hal_i2c.o
    0x08003996   0x08003996   0x00000002   PAD
    0x08003998   0x08003998   0x00000058   Code   RO         3259    i.LED_Init          led.o
    0x080039f0   0x080039f0   0x00000048   Code   RO         5351    i.MX_I2C1_Init      i2c.o
    0x08003a38   0x08003a38   0x00000004   Code   RO          417    i.MemManage_Handler  stm32h7xx_it.o
    0x08003a3c   0x08003a3c   0x00000002   Code   RO          418    i.NMI_Handler       stm32h7xx_it.o
    0x08003a3e   0x08003a3e   0x00000002   PAD
    0x08003a40   0x08003a40   0x0000009c   Code   RO          601    i.SCB_EnableDCache  sys.o
    0x08003adc   0x08003adc   0x0000007c   Code   RO          602    i.SCB_EnableICache  sys.o
    0x08003b58   0x08003b58   0x000000f8   Code   RO          603    i.Stm32_Clock_Init  sys.o
    0x08003c50   0x08003c50   0x00000010   Code   RO          552    i.SysTick_Handler   delay.o
    0x08003c60   0x08003c60   0x00000094   Code   RO          477    i.SystemInit        system_stm32h7xx.o
    0x08003cf4   0x08003cf4   0x000000ea   Code   RO         2130    i.UART_AdvFeatureConfig  stm32h7xx_hal_uart.o
    0x08003dde   0x08003dde   0x00000074   Code   RO         2131    i.UART_CheckIdleState  stm32h7xx_hal_uart.o
    0x08003e52   0x08003e52   0x00000018   Code   RO         2132    i.UART_DMAAbortOnError  stm32h7xx_hal_uart.o
    0x08003e6a   0x08003e6a   0x00000020   Code   RO         2142    i.UART_EndRxTransfer  stm32h7xx_hal_uart.o
    0x08003e8a   0x08003e8a   0x00000020   Code   RO         2143    i.UART_EndTransmit_IT  stm32h7xx_hal_uart.o
    0x08003eaa   0x08003eaa   0x0000008a   Code   RO         2145    i.UART_Receive_IT   stm32h7xx_hal_uart.o
    0x08003f34   0x08003f34   0x000009a4   Code   RO         2146    i.UART_SetConfig    stm32h7xx_hal_uart.o
    0x080048d8   0x080048d8   0x00000082   Code   RO         2147    i.UART_Transmit_IT  stm32h7xx_hal_uart.o
    0x0800495a   0x0800495a   0x0000006c   Code   RO         2148    i.UART_WaitOnFlagUntilTimeout  stm32h7xx_hal_uart.o
    0x080049c6   0x080049c6   0x00000002   PAD
    0x080049c8   0x080049c8   0x00000050   Code   RO          661    i.USART1_IRQHandler  usart.o
    0x08004a18   0x08004a18   0x00000004   Code   RO          419    i.UsageFault_Handler  stm32h7xx_it.o
    0x08004a1c   0x08004a1c   0x00000030   Code   RO         5536    i.__ARM_fpclassify  m_wv.l(fpclassify.o)
    0x08004a4c   0x08004a4c   0x00000010   Code   RO         1062    i.__NVIC_GetPriorityGrouping  stm32h7xx_hal_cortex.o
    0x08004a5c   0x08004a5c   0x00000028   Code   RO         1063    i.__NVIC_SetPriority  stm32h7xx_hal_cortex.o
    0x08004a84   0x08004a84   0x0000000e   Code   RO         5419    i._is_digit         c_w.l(__printf_wp.o)
    0x08004a92   0x08004a92   0x00000004   Code   RO          662    i._sys_exit         usart.o
    0x08004a96   0x08004a96   0x00000002   PAD
    0x08004a98   0x08004a98   0x00000044   Code   RO          553    i.delay_init        delay.o
    0x08004adc   0x08004adc   0x0000001c   Code   RO          663    i.fputc             usart.o
    0x08004af8   0x08004af8   0x00000018   Code   RO         4451    i.lsm9ds1_acceleration_raw_get  lsm9ds1_reg.o
    0x08004b10   0x08004b10   0x00000018   Code   RO         4459    i.lsm9ds1_angular_rate_raw_get  lsm9ds1_reg.o
    0x08004b28   0x08004b28   0x0000006e   Code   RO         4463    i.lsm9ds1_block_data_update_set  lsm9ds1_reg.o
    0x08004b96   0x08004b96   0x0000002e   Code   RO         4468    i.lsm9ds1_dev_id_get  lsm9ds1_reg.o
    0x08004bc4   0x08004bc4   0x0000003e   Code   RO         4469    i.lsm9ds1_dev_reset_get  lsm9ds1_reg.o
    0x08004c02   0x08004c02   0x00000062   Code   RO         4470    i.lsm9ds1_dev_reset_set  lsm9ds1_reg.o
    0x08004c64   0x08004c64   0x0000002e   Code   RO         4471    i.lsm9ds1_dev_status_get  lsm9ds1_reg.o
    0x08004c92   0x08004c92   0x00000002   PAD
    0x08004c94   0x08004c94   0x00000018   Code   RO         4488    i.lsm9ds1_from_fs16gauss_to_mG  lsm9ds1_reg.o
    0x08004cac   0x08004cac   0x00000018   Code   RO         4489    i.lsm9ds1_from_fs2000dps_to_mdps  lsm9ds1_reg.o
    0x08004cc4   0x08004cc4   0x00000018   Code   RO         4492    i.lsm9ds1_from_fs4g_to_mg  lsm9ds1_reg.o
    0x08004cdc   0x08004cdc   0x00000032   Code   RO         4501    i.lsm9ds1_gy_filter_hp_bandwidth_set  lsm9ds1_reg.o
    0x08004d0e   0x08004d0e   0x00000032   Code   RO         4505    i.lsm9ds1_gy_filter_lp_bandwidth_set  lsm9ds1_reg.o
    0x08004d40   0x08004d40   0x0000005e   Code   RO         4507    i.lsm9ds1_gy_filter_out_path_set  lsm9ds1_reg.o
    0x08004d9e   0x08004d9e   0x00000032   Code   RO         4512    i.lsm9ds1_gy_full_scale_set  lsm9ds1_reg.o
    0x08004dd0   0x08004dd0   0x0000008a   Code   RO         4533    i.lsm9ds1_imu_data_rate_set  lsm9ds1_reg.o
    0x08004e5a   0x08004e5a   0x000000ae   Code   RO         4535    i.lsm9ds1_mag_data_rate_set  lsm9ds1_reg.o
    0x08004f08   0x08004f08   0x00000032   Code   RO         4538    i.lsm9ds1_mag_full_scale_set  lsm9ds1_reg.o
    0x08004f3a   0x08004f3a   0x00000018   Code   RO         4548    i.lsm9ds1_magnetic_raw_get  lsm9ds1_reg.o
    0x08004f52   0x08004f52   0x00000020   Code   RO         4563    i.lsm9ds1_read_reg  lsm9ds1_reg.o
    0x08004f72   0x08004f72   0x00000022   Code   RO         4568    i.lsm9ds1_write_reg  lsm9ds1_reg.o
    0x08004f94   0x08004f94   0x0000003e   Code   RO         4574    i.lsm9ds1_xl_filter_aalias_bandwidth_set  lsm9ds1_reg.o
    0x08004fd2   0x08004fd2   0x00000040   Code   RO         4580    i.lsm9ds1_xl_filter_lp_bandwidth_set  lsm9ds1_reg.o
    0x08005012   0x08005012   0x00000032   Code   RO         4582    i.lsm9ds1_xl_filter_out_path_set  lsm9ds1_reg.o
    0x08005044   0x08005044   0x00000032   Code   RO         4585    i.lsm9ds1_xl_full_scale_set  lsm9ds1_reg.o
    0x08005076   0x08005076   0x00000002   PAD
    0x08005078   0x08005078   0x00000338   Code   RO            7    i.main              main.o
    0x080053b0   0x080053b0   0x00000008   Code   RO            8    i.platform_init     main.o
    0x080053b8   0x080053b8   0x00000030   Code   RO            9    i.platform_read     main.o
    0x080053e8   0x080053e8   0x00000030   Code   RO           10    i.platform_write    main.o
    0x08005418   0x08005418   0x00000034   Code   RO         3789    i.prvResetNextTaskUnblockTime  tasks.o
    0x0800544c   0x0800544c   0x00000038   Code   RO          664    i.uart_init         usart.o
    0x08005484   0x08005484   0x00000028   Code   RO         3481    i.uxListRemove      list.o
    0x080054ac   0x080054ac   0x00000018   Code   RO         3485    i.vListInsertEnd    list.o
    0x080054c4   0x080054c4   0x000000a8   Code   RO         3820    i.vTaskSwitchContext  tasks.o
    0x0800556c   0x0800556c   0x00000038   Code   RO         4306    i.xPortSysTickHandler  port.o
    0x080055a4   0x080055a4   0x00000020   Code   RO         3826    i.xTaskGetSchedulerState  tasks.o
    0x080055c4   0x080055c4   0x00000160   Code   RO         3829    i.xTaskIncrementTick  tasks.o
    0x08005724   0x08005724   0x0000002c   Code   RO         5531    locale$$code        c_w.l(lc_numeric_c.o)
    0x08005750   0x08005750   0x0000000a   Code   RO         5612    x$fpl$fpinit        fz_wv.l(fpinit.o)
    0x0800575a   0x0800575a   0x00000004   Code   RO         5449    x$fpl$printf1       fz_wv.l(printf1.o)
    0x0800575e   0x0800575e   0x00000000   Code   RO         5535    x$fpl$usenofp       fz_wv.l(usenofp.o)
    0x0800575e   0x0800575e   0x00000040   Data   RO          478    .constdata          system_stm32h7xx.o
    0x0800579e   0x0800579e   0x00000030   Data   RO         2149    .constdata          stm32h7xx_hal_uart.o
    0x080057ce   0x080057ce   0x00000002   PAD
    0x080057d0   0x080057d0   0x00000094   Data   RO         5502    .constdata          c_w.l(bigflt0.o)
    0x08005864   0x08005864   0x00000020   Data   RO         5679    Region$$Table       anon$$obj.o
    0x08005884   0x08005884   0x0000001c   Data   RO         5530    locale$$data        c_w.l(lc_numeric_c.o)


    Execution Region RW_IRAM1 (Exec base: 0x20000000, Load base: 0x080058a0, Size: 0x00000000, Max: 0x00020000, ABSOLUTE)

    **** No section assigned to this execution region ****


    Execution Region RW_IRAM2 (Exec base: 0x24000000, Load base: 0x080058a0, Size: 0x00000f88, Max: 0x00080000, ABSOLUTE)

    Exec Addr    Load Addr    Size         Type   Attr      Idx    E Section Name        Object

    0x24000000   0x080058a0   0x0000002c   Data   RW           13    .data               main.o
    0x2400002c   0x080058cc   0x00000008   Data   RW          479    .data               system_stm32h7xx.o
    0x24000034   0x080058d4   0x00000006   Data   RW          557    .data               delay.o
    0x2400003a   0x080058da   0x00000002   PAD
    0x2400003c   0x080058dc   0x00000007   Data   RW          667    .data               usart.o
    0x24000043   0x080058e3   0x00000001   PAD
    0x24000044   0x080058e4   0x00000009   Data   RW          778    .data               stm32h7xx_hal.o
    0x2400004d   0x080058ed   0x00000003   PAD
    0x24000050   0x080058f0   0x0000003c   Data   RW         3839    .data               tasks.o
    0x2400008c        -       0x00000424   Zero   RW           11    .bss                main.o
    0x240004b0        -       0x00000148   Zero   RW          665    .bss                usart.o
    0x240005f8        -       0x000002e4   Zero   RW         3837    .bss                tasks.o
    0x240008dc        -       0x0000004c   Zero   RW         5352    .bss                i2c.o
    0x24000928        -       0x00000060   Zero   RW         5539    .bss                c_w.l(libspace.o)
    0x24000988        -       0x00000200   Zero   RW          543    HEAP                startup_stm32h750xx.o
    0x24000b88        -       0x00000400   Zero   RW          542    STACK               startup_stm32h750xx.o


==============================================================================

Image component sizes


      Code (inc. data)   RO Data    RW Data    ZI Data      Debug   Object Name

        84         10          0          6          0       1291   delay.o
       200         42          0          0         76       1617   i2c.o
        88          8          0          0          0        823   led.o
        64          0          0          0          0       1460   list.o
      1404         18          0          0          0      16743   lsm9ds1_reg.o
       928        198          0         44       1060    1219825   main.o
       242         22          0          0          0       3894   port.o
        64         26        664          0       1536        816   startup_stm32h750xx.o
       136         24          0          9          0       3333   stm32h7xx_hal.o
       342         22          0          0          0      39249   stm32h7xx_hal_cortex.o
       248         12          0          0          0       2039   stm32h7xx_hal_dma.o
       598         54          0          0          0       2428   stm32h7xx_hal_gpio.o
      1862         34          0          0          0      11730   stm32h7xx_hal_i2c.o
         2          0          0          0          0        430   stm32h7xx_hal_msp.o
      3048         86          0          0          0       5860   stm32h7xx_hal_rcc.o
      1212         70          0          0          0       3451   stm32h7xx_hal_rcc_ex.o
      4094        140         48          0          0      12548   stm32h7xx_hal_uart.o
         2          0          0          0          0        932   stm32h7xx_hal_uart_ex.o
        20          0          0          0          0       2597   stm32h7xx_it.o
       556         30          0          0          0      37193   sys.o
       148         18         64          8          0       1190   system_stm32h7xx.o
       604        156          0         60        740      14266   tasks.o
       456         62          0          7        328       5373   usart.o

    ----------------------------------------------------------------------
     16422       1032        810        140       3740    1389088   Object Totals
         0          0         32          0          0          0   (incl. Generated)
        20          0          2          6          0          0   (incl. Padding)

    ----------------------------------------------------------------------

      Code (inc. data)   RO Data    RW Data    ZI Data      Debug   Library Member Name

         8          0          0          0          0         68   __main.o
       284          0          0          0          0        156   __printf_wp.o
         0          0          0          0          0          0   __rtentry.o
        12          0          0          0          0          0   __rtentry2.o
         6          0          0          0          0          0   __rtentry4.o
        52          8          0          0          0          0   __scatter.o
        26          0          0          0          0          0   __scatter_copy.o
        28          0          0          0          0          0   __scatter_zi.o
        44          0          0          0          0        108   _printf_char.o
        48          6          0          0          0         96   _printf_char_common.o
        36          4          0          0          0         80   _printf_char_file.o
         6          0          0          0          0          0   _printf_d.o
       120         16          0          0          0         92   _printf_dec.o
         6          0          0          0          0          0   _printf_f.o
      1054          0          0          0          0        216   _printf_fp_dec.o
       128         16          0          0          0         84   _printf_fp_infnan.o
       178          0          0          0          0         88   _printf_intcommon.o
        78          0          0          0          0        108   _printf_pad.o
         0          0          0          0          0          0   _printf_percent.o
         4          0          0          0          0          0   _printf_percent_end.o
         6          0          0          0          0          0   _printf_s.o
        82          0          0          0          0         80   _printf_str.o
        10          0          0          0          0         68   _sputc.o
       228          4        148          0          0         96   bigflt0.o
      1936        128          0          0          0        672   btod.o
        18          0          0          0          0         80   exit.o
         8          0          0          0          0         68   ferror.o
         6          0          0          0          0        152   heapauxi.o
        44         10         28          0          0         76   lc_numeric_c.o
         2          0          0          0          0          0   libinit.o
        22          0          0          0          0          0   libinit2.o
         2          0          0          0          0          0   libshutdown.o
         2          0          0          0          0          0   libshutdown2.o
         8          4          0          0         96         68   libspace.o
       138          0          0          0          0         80   lludiv10.o
       238          0          0          0          0        100   lludivv7m.o
        24          4          0          0          0         84   noretval__2printf.o
        40          6          0          0          0         84   noretval__2sprintf.o
         8          4          0          0          0         68   rt_locale_intlibspace.o
        78          0          0          0          0         80   rt_memclr_w.o
         2          0          0          0          0          0   rtexit.o
        10          0          0          0          0          0   rtexit2.o
       104          0          0          0          0         68   strcmpv7m_pel.o
        74          0          0          0          0         80   sys_stackheap_outer.o
        10          0          0          0          0        116   fpinit.o
         4          0          0          0          0        116   printf1.o
         0          0          0          0          0          0   usenofp.o
        48          0          0          0          0        124   fpclassify.o

    ----------------------------------------------------------------------
      5280        210        176          0         96       3456   Library Totals
        10          0          0          0          0          0   (incl. Padding)

    ----------------------------------------------------------------------

      Code (inc. data)   RO Data    RW Data    ZI Data      Debug   Library Name

      5208        210        176          0         96       3100   c_w.l
        14          0          0          0          0        232   fz_wv.l
        48          0          0          0          0        124   m_wv.l

    ----------------------------------------------------------------------
      5280        210        176          0         96       3456   Library Totals

    ----------------------------------------------------------------------

==============================================================================


      Code (inc. data)   RO Data    RW Data    ZI Data      Debug   

     21702       1242        986        140       3836    1380480   Grand Totals
     21702       1242        986        140       3836    1380480   ELF Image Totals
     21702       1242        986        140          0          0   ROM Totals

==============================================================================

    Total RO  Size (Code + RO Data)                22688 (  22.16kB)
    Total RW  Size (RW Data + ZI Data)              3976 (   3.88kB)
    Total ROM Size (Code + RO Data + RW Data)      22828 (  22.29kB)

==============================================================================

